TuranAPI: Logging Started!
OpenGL4_Core::Show_RenderTarget_onWindow isn't coded because glFramebufferTexture2D doesn't work on default Framebuffer of OpenGL!

OpenGL4_Core::Show_RenderTarget_onWindow isn't coded because glFramebufferTexture2D doesn't work on default Framebuffer of OpenGL!

OpenGL4_Core::Show_RenderTarget_onWindow isn't coded because glFramebufferTexture2D doesn't work on default Framebuffer of OpenGL!

OpenGL4_Core::Show_RenderTarget_onWindow isn't coded because glFramebufferTexture2D doesn't work on default Framebuffer of OpenGL!

OpenGL4_Core::Show_RenderTarget_onWindow isn't coded because glFramebufferTexture2D doesn't work on default Framebuffer of OpenGL!

OpenGL4_Core::Show_RenderTarget_onWindow isn't coded because glFramebufferTexture2D doesn't work on default Framebuffer of OpenGL!

OpenGL4_Core::Show_RenderTarget_onWindow isn't coded because glFramebufferTexture2D doesn't work on default Framebuffer of OpenGL!

OpenGL4_Core::Show_RenderTarget_onWindow isn't coded because glFramebufferTexture2D doesn't work on default Framebuffer of OpenGL!

OpenGL4_Core::Show_RenderTarget_onWindow isn't coded because glFramebufferTexture2D doesn't work on default Framebuffer of OpenGL!

OpenGL4_Core::Show_RenderTarget_onWindow isn't coded because glFramebufferTexture2D doesn't work on default Framebuffer of OpenGL!

OpenGL4_Core::Show_RenderTarget_onWindow isn't coded because glFramebufferTexture2D doesn't work on default Framebuffer of OpenGL!

OpenGL4_Core::Show_RenderTarget_onWindow isn't coded because glFramebufferTexture2D doesn't work on default Framebuffer of OpenGL!

OpenGL4_Core::Show_RenderTarget_onWindow isn't coded because glFramebufferTexture2D doesn't work on default Framebuffer of OpenGL!

OpenGL4_Core::Show_RenderTarget_onWindow isn't coded because glFramebufferTexture2D doesn't work on default Framebuffer of OpenGL!

OpenGL4_Core::Show_RenderTarget_onWindow isn't coded because glFramebufferTexture2D doesn't work on default Framebuffer of OpenGL!

OpenGL4_Core::Show_RenderTarget_onWindow isn't coded because glFramebufferTexture2D doesn't work on default Framebuffer of OpenGL!

OpenGL4_Core::Show_RenderTarget_onWindow isn't coded because glFramebufferTexture2D doesn't work on default Framebuffer of OpenGL!

OpenGL4_Core::Show_RenderTarget_onWindow isn't coded because glFramebufferTexture2D doesn't work on default Framebuffer of OpenGL!

OpenGL4_Core::Show_RenderTarget_onWindow isn't coded because glFramebufferTexture2D doesn't work on default Framebuffer of OpenGL!

OpenGL4_Core::Show_RenderTarget_onWindow isn't coded because glFramebufferTexture2D doesn't work on default Framebuffer of OpenGL!

OpenGL4_Core::Show_RenderTarget_onWindow isn't coded because glFramebufferTexture2D doesn't work on default Framebuffer of OpenGL!

OpenGL4_Core::Show_RenderTarget_onWindow isn't coded because glFramebufferTexture2D doesn't work on default Framebuffer of OpenGL!

OpenGL4_Core::Show_RenderTarget_onWindow isn't coded because glFramebufferTexture2D doesn't work on default Framebuffer of OpenGL!

OpenGL4_Core::Show_RenderTarget_onWindow isn't coded because glFramebufferTexture2D doesn't work on default Framebuffer of OpenGL!

OpenGL4_Core::Show_RenderTarget_onWindow isn't coded because glFramebufferTexture2D doesn't work on default Framebuffer of OpenGL!

OpenGL4_Core::Show_RenderTarget_onWindow isn't coded because glFramebufferTexture2D doesn't work on default Framebuffer of OpenGL!

OpenGL4_Core::Show_RenderTarget_onWindow isn't coded because glFramebufferTexture2D doesn't work on default Framebuffer of OpenGL!

OpenGL4_Core::Show_RenderTarget_onWindow isn't coded because glFramebufferTexture2D doesn't work on default Framebuffer of OpenGL!

OpenGL4_Core::Show_RenderTarget_onWindow isn't coded because glFramebufferTexture2D doesn't work on default Framebuffer of OpenGL!

OpenGL4_Core::Show_RenderTarget_onWindow isn't coded because glFramebufferTexture2D doesn't work on default Framebuffer of OpenGL!

OpenGL4_Core::Show_RenderTarget_onWindow isn't coded because glFramebufferTexture2D doesn't work on default Framebuffer of OpenGL!

OpenGL4_Core::Show_RenderTarget_onWindow isn't coded because glFramebufferTexture2D doesn't work on default Framebuffer of OpenGL!

OpenGL4_Core::Show_RenderTarget_onWindow isn't coded because glFramebufferTexture2D doesn't work on default Framebuffer of OpenGL!

OpenGL4_Core::Show_RenderTarget_onWindow isn't coded because glFramebufferTexture2D doesn't work on default Framebuffer of OpenGL!

OpenGL4_Core::Show_RenderTarget_onWindow isn't coded because glFramebufferTexture2D doesn't work on default Framebuffer of OpenGL!

OpenGL4_Core::Show_RenderTarget_onWindow isn't coded because glFramebufferTexture2D doesn't work on default Framebuffer of OpenGL!

OpenGL4_Core::Show_RenderTarget_onWindow isn't coded because glFramebufferTexture2D doesn't work on default Framebuffer of OpenGL!

OpenGL4_Core::Show_RenderTarget_onWindow isn't coded because glFramebufferTexture2D doesn't work on default Framebuffer of OpenGL!

OpenGL4_Core::Show_RenderTarget_onWindow isn't coded because glFramebufferTexture2D doesn't work on default Framebuffer of OpenGL!

OpenGL4_Core::Show_RenderTarget_onWindow isn't coded because glFramebufferTexture2D doesn't work on default Framebuffer of OpenGL!

OpenGL4_Core::Show_RenderTarget_onWindow isn't coded because glFramebufferTexture2D doesn't work on default Framebuffer of OpenGL!

OpenGL4_Core::Show_RenderTarget_onWindow isn't coded because glFramebufferTexture2D doesn't work on default Framebuffer of OpenGL!

OpenGL4_Core::Show_RenderTarget_onWindow isn't coded because glFramebufferTexture2D doesn't work on default Framebuffer of OpenGL!

OpenGL4_Core::Show_RenderTarget_onWindow isn't coded because glFramebufferTexture2D doesn't work on default Framebuffer of OpenGL!

OpenGL4_Core::Show_RenderTarget_onWindow isn't coded because glFramebufferTexture2D doesn't work on default Framebuffer of OpenGL!

OpenGL4_Core::Show_RenderTarget_onWindow isn't coded because glFramebufferTexture2D doesn't work on default Framebuffer of OpenGL!

OpenGL4_Core::Show_RenderTarget_onWindow isn't coded because glFramebufferTexture2D doesn't work on default Framebuffer of OpenGL!

OpenGL4_Core::Show_RenderTarget_onWindow isn't coded because glFramebufferTexture2D doesn't work on default Framebuffer of OpenGL!

OpenGL4_Core::Show_RenderTarget_onWindow isn't coded because glFramebufferTexture2D doesn't work on default Framebuffer of OpenGL!

OpenGL4_Core::Show_RenderTarget_onWindow isn't coded because glFramebufferTexture2D doesn't work on default Framebuffer of OpenGL!

OpenGL4_Core::Show_RenderTarget_onWindow isn't coded because glFramebufferTexture2D doesn't work on default Framebuffer of OpenGL!

OpenGL4_Core::Show_RenderTarget_onWindow isn't coded because glFramebufferTexture2D doesn't work on default Framebuffer of OpenGL!

OpenGL4_Core::Show_RenderTarget_onWindow isn't coded because glFramebufferTexture2D doesn't work on default Framebuffer of OpenGL!

OpenGL4_Core::Show_RenderTarget_onWindow isn't coded because glFramebufferTexture2D doesn't work on default Framebuffer of OpenGL!

OpenGL4_Core::Show_RenderTarget_onWindow isn't coded because glFramebufferTexture2D doesn't work on default Framebuffer of OpenGL!

OpenGL4_Core::Show_RenderTarget_onWindow isn't coded because glFramebufferTexture2D doesn't work on default Framebuffer of OpenGL!

OpenGL4_Core::Show_RenderTarget_onWindow isn't coded because glFramebufferTexture2D doesn't work on default Framebuffer of OpenGL!

OpenGL4_Core::Show_RenderTarget_onWindow isn't coded because glFramebufferTexture2D doesn't work on default Framebuffer of OpenGL!

OpenGL4_Core::Show_RenderTarget_onWindow isn't coded because glFramebufferTexture2D doesn't work on default Framebuffer of OpenGL!

OpenGL4_Core::Show_RenderTarget_onWindow isn't coded because glFramebufferTexture2D doesn't work on default Framebuffer of OpenGL!

OpenGL4_Core::Show_RenderTarget_onWindow isn't coded because glFramebufferTexture2D doesn't work on default Framebuffer of OpenGL!

OpenGL4_Core::Show_RenderTarget_onWindow isn't coded because glFramebufferTexture2D doesn't work on default Framebuffer of OpenGL!

OpenGL4_Core::Show_RenderTarget_onWindow isn't coded because glFramebufferTexture2D doesn't work on default Framebuffer of OpenGL!

OpenGL4_Core::Show_RenderTarget_onWindow isn't coded because glFramebufferTexture2D doesn't work on default Framebuffer of OpenGL!

OpenGL4_Core::Show_RenderTarget_onWindow isn't coded because glFramebufferTexture2D doesn't work on default Framebuffer of OpenGL!

OpenGL4_Core::Show_RenderTarget_onWindow isn't coded because glFramebufferTexture2D doesn't work on default Framebuffer of OpenGL!

OpenGL4_Core::Show_RenderTarget_onWindow isn't coded because glFramebufferTexture2D doesn't work on default Framebuffer of OpenGL!

OpenGL4_Core::Show_RenderTarget_onWindow isn't coded because glFramebufferTexture2D doesn't work on default Framebuffer of OpenGL!

OpenGL4_Core::Show_RenderTarget_onWindow isn't coded because glFramebufferTexture2D doesn't work on default Framebuffer of OpenGL!

OpenGL4_Core::Show_RenderTarget_onWindow isn't coded because glFramebufferTexture2D doesn't work on default Framebuffer of OpenGL!

OpenGL4_Core::Show_RenderTarget_onWindow isn't coded because glFramebufferTexture2D doesn't work on default Framebuffer of OpenGL!

OpenGL4_Core::Show_RenderTarget_onWindow isn't coded because glFramebufferTexture2D doesn't work on default Framebuffer of OpenGL!

OpenGL4_Core::Show_RenderTarget_onWindow isn't coded because glFramebufferTexture2D doesn't work on default Framebuffer of OpenGL!

OpenGL4_Core::Show_RenderTarget_onWindow isn't coded because glFramebufferTexture2D doesn't work on default Framebuffer of OpenGL!

OpenGL4_Core::Show_RenderTarget_onWindow isn't coded because glFramebufferTexture2D doesn't work on default Framebuffer of OpenGL!

OpenGL4_Core::Show_RenderTarget_onWindow isn't coded because glFramebufferTexture2D doesn't work on default Framebuffer of OpenGL!

OpenGL4_Core::Show_RenderTarget_onWindow isn't coded because glFramebufferTexture2D doesn't work on default Framebuffer of OpenGL!

OpenGL4_Core::Show_RenderTarget_onWindow isn't coded because glFramebufferTexture2D doesn't work on default Framebuffer of OpenGL!

OpenGL4_Core::Show_RenderTarget_onWindow isn't coded because glFramebufferTexture2D doesn't work on default Framebuffer of OpenGL!

OpenGL4_Core::Show_RenderTarget_onWindow isn't coded because glFramebufferTexture2D doesn't work on default Framebuffer of OpenGL!

OpenGL4_Core::Show_RenderTarget_onWindow isn't coded because glFramebufferTexture2D doesn't work on default Framebuffer of OpenGL!

OpenGL4_Core::Show_RenderTarget_onWindow isn't coded because glFramebufferTexture2D doesn't work on default Framebuffer of OpenGL!

OpenGL4_Core::Show_RenderTarget_onWindow isn't coded because glFramebufferTexture2D doesn't work on default Framebuffer of OpenGL!

OpenGL4_Core::Show_RenderTarget_onWindow isn't coded because glFramebufferTexture2D doesn't work on default Framebuffer of OpenGL!

OpenGL4_Core::Show_RenderTarget_onWindow isn't coded because glFramebufferTexture2D doesn't work on default Framebuffer of OpenGL!

OpenGL4_Core::Show_RenderTarget_onWindow isn't coded because glFramebufferTexture2D doesn't work on default Framebuffer of OpenGL!

OpenGL4_Core::Show_RenderTarget_onWindow isn't coded because glFramebufferTexture2D doesn't work on default Framebuffer of OpenGL!

OpenGL4_Core::Show_RenderTarget_onWindow isn't coded because glFramebufferTexture2D doesn't work on default Framebuffer of OpenGL!

OpenGL4_Core::Show_RenderTarget_onWindow isn't coded because glFramebufferTexture2D doesn't work on default Framebuffer of OpenGL!

OpenGL4_Core::Show_RenderTarget_onWindow isn't coded because glFramebufferTexture2D doesn't work on default Framebuffer of OpenGL!

OpenGL4_Core::Show_RenderTarget_onWindow isn't coded because glFramebufferTexture2D doesn't work on default Framebuffer of OpenGL!

OpenGL4_Core::Show_RenderTarget_onWindow isn't coded because glFramebufferTexture2D doesn't work on default Framebuffer of OpenGL!

OpenGL4_Core::Show_RenderTarget_onWindow isn't coded because glFramebufferTexture2D doesn't work on default Framebuffer of OpenGL!

OpenGL4_Core::Show_RenderTarget_onWindow isn't coded because glFramebufferTexture2D doesn't work on default Framebuffer of OpenGL!

OpenGL4_Core::Show_RenderTarget_onWindow isn't coded because glFramebufferTexture2D doesn't work on default Framebuffer of OpenGL!

OpenGL4_Core::Show_RenderTarget_onWindow isn't coded because glFramebufferTexture2D doesn't work on default Framebuffer of OpenGL!

OpenGL4_Core::Show_RenderTarget_onWindow isn't coded because glFramebufferTexture2D doesn't work on default Framebuffer of OpenGL!

OpenGL4_Core::Show_RenderTarget_onWindow isn't coded because glFramebufferTexture2D doesn't work on default Framebuffer of OpenGL!

OpenGL4_Core::Show_RenderTarget_onWindow isn't coded because glFramebufferTexture2D doesn't work on default Framebuffer of OpenGL!

OpenGL4_Core::Show_RenderTarget_onWindow isn't coded because glFramebufferTexture2D doesn't work on default Framebuffer of OpenGL!

OpenGL4_Core::Show_RenderTarget_onWindow isn't coded because glFramebufferTexture2D doesn't work on default Framebuffer of OpenGL!

OpenGL4_Core::Show_RenderTarget_onWindow isn't coded because glFramebufferTexture2D doesn't work on default Framebuffer of OpenGL!

OpenGL4_Core::Show_RenderTarget_onWindow isn't coded because glFramebufferTexture2D doesn't work on default Framebuffer of OpenGL!

OpenGL4_Core::Show_RenderTarget_onWindow isn't coded because glFramebufferTexture2D doesn't work on default Framebuffer of OpenGL!

OpenGL4_Core::Show_RenderTarget_onWindow isn't coded because glFramebufferTexture2D doesn't work on default Framebuffer of OpenGL!

OpenGL4_Core::Show_RenderTarget_onWindow isn't coded because glFramebufferTexture2D doesn't work on default Framebuffer of OpenGL!

OpenGL4_Core::Show_RenderTarget_onWindow isn't coded because glFramebufferTexture2D doesn't work on default Framebuffer of OpenGL!

OpenGL4_Core::Show_RenderTarget_onWindow isn't coded because glFramebufferTexture2D doesn't work on default Framebuffer of OpenGL!

OpenGL4_Core::Show_RenderTarget_onWindow isn't coded because glFramebufferTexture2D doesn't work on default Framebuffer of OpenGL!

OpenGL4_Core::Show_RenderTarget_onWindow isn't coded because glFramebufferTexture2D doesn't work on default Framebuffer of OpenGL!

OpenGL4_Core::Show_RenderTarget_onWindow isn't coded because glFramebufferTexture2D doesn't work on default Framebuffer of OpenGL!

OpenGL4_Core::Show_RenderTarget_onWindow isn't coded because glFramebufferTexture2D doesn't work on default Framebuffer of OpenGL!

OpenGL4_Core::Show_RenderTarget_onWindow isn't coded because glFramebufferTexture2D doesn't work on default Framebuffer of OpenGL!

OpenGL4_Core::Show_RenderTarget_onWindow isn't coded because glFramebufferTexture2D doesn't work on default Framebuffer of OpenGL!

OpenGL4_Core::Show_RenderTarget_onWindow isn't coded because glFramebufferTexture2D doesn't work on default Framebuffer of OpenGL!

OpenGL4_Core::Show_RenderTarget_onWindow isn't coded because glFramebufferTexture2D doesn't work on default Framebuffer of OpenGL!

OpenGL4_Core::Show_RenderTarget_onWindow isn't coded because glFramebufferTexture2D doesn't work on default Framebuffer of OpenGL!

OpenGL4_Core::Show_RenderTarget_onWindow isn't coded because glFramebufferTexture2D doesn't work on default Framebuffer of OpenGL!

OpenGL4_Core::Show_RenderTarget_onWindow isn't coded because glFramebufferTexture2D doesn't work on default Framebuffer of OpenGL!

OpenGL4_Core::Show_RenderTarget_onWindow isn't coded because glFramebufferTexture2D doesn't work on default Framebuffer of OpenGL!

OpenGL4_Core::Show_RenderTarget_onWindow isn't coded because glFramebufferTexture2D doesn't work on default Framebuffer of OpenGL!

OpenGL4_Core::Show_RenderTarget_onWindow isn't coded because glFramebufferTexture2D doesn't work on default Framebuffer of OpenGL!

OpenGL4_Core::Show_RenderTarget_onWindow isn't coded because glFramebufferTexture2D doesn't work on default Framebuffer of OpenGL!

OpenGL4_Core::Show_RenderTarget_onWindow isn't coded because glFramebufferTexture2D doesn't work on default Framebuffer of OpenGL!

OpenGL4_Core::Show_RenderTarget_onWindow isn't coded because glFramebufferTexture2D doesn't work on default Framebuffer of OpenGL!

OpenGL4_Core::Show_RenderTarget_onWindow isn't coded because glFramebufferTexture2D doesn't work on default Framebuffer of OpenGL!

OpenGL4_Core::Show_RenderTarget_onWindow isn't coded because glFramebufferTexture2D doesn't work on default Framebuffer of OpenGL!

OpenGL4_Core::Show_RenderTarget_onWindow isn't coded because glFramebufferTexture2D doesn't work on default Framebuffer of OpenGL!

OpenGL4_Core::Show_RenderTarget_onWindow isn't coded because glFramebufferTexture2D doesn't work on default Framebuffer of OpenGL!

OpenGL4_Core::Show_RenderTarget_onWindow isn't coded because glFramebufferTexture2D doesn't work on default Framebuffer of OpenGL!

OpenGL4_Core::Show_RenderTarget_onWindow isn't coded because glFramebufferTexture2D doesn't work on default Framebuffer of OpenGL!

OpenGL4_Core::Show_RenderTarget_onWindow isn't coded because glFramebufferTexture2D doesn't work on default Framebuffer of OpenGL!

OpenGL4_Core::Show_RenderTarget_onWindow isn't coded because glFramebufferTexture2D doesn't work on default Framebuffer of OpenGL!

OpenGL4_Core::Show_RenderTarget_onWindow isn't coded because glFramebufferTexture2D doesn't work on default Framebuffer of OpenGL!

OpenGL4_Core::Show_RenderTarget_onWindow isn't coded because glFramebufferTexture2D doesn't work on default Framebuffer of OpenGL!

OpenGL4_Core::Show_RenderTarget_onWindow isn't coded because glFramebufferTexture2D doesn't work on default Framebuffer of OpenGL!

OpenGL4_Core::Show_RenderTarget_onWindow isn't coded because glFramebufferTexture2D doesn't work on default Framebuffer of OpenGL!

OpenGL4_Core::Show_RenderTarget_onWindow isn't coded because glFramebufferTexture2D doesn't work on default Framebuffer of OpenGL!

OpenGL4_Core::Show_RenderTarget_onWindow isn't coded because glFramebufferTexture2D doesn't work on default Framebuffer of OpenGL!

OpenGL4_Core::Show_RenderTarget_onWindow isn't coded because glFramebufferTexture2D doesn't work on default Framebuffer of OpenGL!

OpenGL4_Core::Show_RenderTarget_onWindow isn't coded because glFramebufferTexture2D doesn't work on default Framebuffer of OpenGL!

OpenGL4_Core::Show_RenderTarget_onWindow isn't coded because glFramebufferTexture2D doesn't work on default Framebuffer of OpenGL!

OpenGL4_Core::Show_RenderTarget_onWindow isn't coded because glFramebufferTexture2D doesn't work on default Framebuffer of OpenGL!

OpenGL4_Core::Show_RenderTarget_onWindow isn't coded because glFramebufferTexture2D doesn't work on default Framebuffer of OpenGL!

OpenGL4_Core::Show_RenderTarget_onWindow isn't coded because glFramebufferTexture2D doesn't work on default Framebuffer of OpenGL!

OpenGL4_Core::Show_RenderTarget_onWindow isn't coded because glFramebufferTexture2D doesn't work on default Framebuffer of OpenGL!

OpenGL4_Core::Show_RenderTarget_onWindow isn't coded because glFramebufferTexture2D doesn't work on default Framebuffer of OpenGL!

OpenGL4_Core::Show_RenderTarget_onWindow isn't coded because glFramebufferTexture2D doesn't work on default Framebuffer of OpenGL!

OpenGL4_Core::Show_RenderTarget_onWindow isn't coded because glFramebufferTexture2D doesn't work on default Framebuffer of OpenGL!

OpenGL4_Core::Show_RenderTarget_onWindow isn't coded because glFramebufferTexture2D doesn't work on default Framebuffer of OpenGL!

OpenGL4_Core::Show_RenderTarget_onWindow isn't coded because glFramebufferTexture2D doesn't work on default Framebuffer of OpenGL!

OpenGL4_Core::Show_RenderTarget_onWindow isn't coded because glFramebufferTexture2D doesn't work on default Framebuffer of OpenGL!

OpenGL4_Core::Show_RenderTarget_onWindow isn't coded because glFramebufferTexture2D doesn't work on default Framebuffer of OpenGL!

OpenGL4_Core::Show_RenderTarget_onWindow isn't coded because glFramebufferTexture2D doesn't work on default Framebuffer of OpenGL!

OpenGL4_Core::Show_RenderTarget_onWindow isn't coded because glFramebufferTexture2D doesn't work on default Framebuffer of OpenGL!

OpenGL4_Core::Show_RenderTarget_onWindow isn't coded because glFramebufferTexture2D doesn't work on default Framebuffer of OpenGL!

OpenGL4_Core::Show_RenderTarget_onWindow isn't coded because glFramebufferTexture2D doesn't work on default Framebuffer of OpenGL!

OpenGL4_Core::Show_RenderTarget_onWindow isn't coded because glFramebufferTexture2D doesn't work on default Framebuffer of OpenGL!

OpenGL4_Core::Show_RenderTarget_onWindow isn't coded because glFramebufferTexture2D doesn't work on default Framebuffer of OpenGL!

OpenGL4_Core::Show_RenderTarget_onWindow isn't coded because glFramebufferTexture2D doesn't work on default Framebuffer of OpenGL!

OpenGL4_Core::Show_RenderTarget_onWindow isn't coded because glFramebufferTexture2D doesn't work on default Framebuffer of OpenGL!

OpenGL4_Core::Show_RenderTarget_onWindow isn't coded because glFramebufferTexture2D doesn't work on default Framebuffer of OpenGL!

OpenGL4_Core::Show_RenderTarget_onWindow isn't coded because glFramebufferTexture2D doesn't work on default Framebuffer of OpenGL!

OpenGL4_Core::Show_RenderTarget_onWindow isn't coded because glFramebufferTexture2D doesn't work on default Framebuffer of OpenGL!

OpenGL4_Core::Show_RenderTarget_onWindow isn't coded because glFramebufferTexture2D doesn't work on default Framebuffer of OpenGL!

OpenGL4_Core::Show_RenderTarget_onWindow isn't coded because glFramebufferTexture2D doesn't work on default Framebuffer of OpenGL!

OpenGL4_Core::Show_RenderTarget_onWindow isn't coded because glFramebufferTexture2D doesn't work on default Framebuffer of OpenGL!

OpenGL4_Core::Show_RenderTarget_onWindow isn't coded because glFramebufferTexture2D doesn't work on default Framebuffer of OpenGL!

OpenGL4_Core::Show_RenderTarget_onWindow isn't coded because glFramebufferTexture2D doesn't work on default Framebuffer of OpenGL!

OpenGL4_Core::Show_RenderTarget_onWindow isn't coded because glFramebufferTexture2D doesn't work on default Framebuffer of OpenGL!

OpenGL4_Core::Show_RenderTarget_onWindow isn't coded because glFramebufferTexture2D doesn't work on default Framebuffer of OpenGL!

OpenGL4_Core::Show_RenderTarget_onWindow isn't coded because glFramebufferTexture2D doesn't work on default Framebuffer of OpenGL!

OpenGL4_Core::Show_RenderTarget_onWindow isn't coded because glFramebufferTexture2D doesn't work on default Framebuffer of OpenGL!

OpenGL4_Core::Show_RenderTarget_onWindow isn't coded because glFramebufferTexture2D doesn't work on default Framebuffer of OpenGL!

OpenGL4_Core::Show_RenderTarget_onWindow isn't coded because glFramebufferTexture2D doesn't work on default Framebuffer of OpenGL!

OpenGL4_Core::Show_RenderTarget_onWindow isn't coded because glFramebufferTexture2D doesn't work on default Framebuffer of OpenGL!

OpenGL4_Core::Show_RenderTarget_onWindow isn't coded because glFramebufferTexture2D doesn't work on default Framebuffer of OpenGL!

OpenGL4_Core::Show_RenderTarget_onWindow isn't coded because glFramebufferTexture2D doesn't work on default Framebuffer of OpenGL!

OpenGL4_Core::Show_RenderTarget_onWindow isn't coded because glFramebufferTexture2D doesn't work on default Framebuffer of OpenGL!

OpenGL4_Core::Show_RenderTarget_onWindow isn't coded because glFramebufferTexture2D doesn't work on default Framebuffer of OpenGL!

OpenGL4_Core::Show_RenderTarget_onWindow isn't coded because glFramebufferTexture2D doesn't work on default Framebuffer of OpenGL!

OpenGL4_Core::Show_RenderTarget_onWindow isn't coded because glFramebufferTexture2D doesn't work on default Framebuffer of OpenGL!

OpenGL4_Core::Show_RenderTarget_onWindow isn't coded because glFramebufferTexture2D doesn't work on default Framebuffer of OpenGL!

OpenGL4_Core::Show_RenderTarget_onWindow isn't coded because glFramebufferTexture2D doesn't work on default Framebuffer of OpenGL!

OpenGL4_Core::Show_RenderTarget_onWindow isn't coded because glFramebufferTexture2D doesn't work on default Framebuffer of OpenGL!

OpenGL4_Core::Show_RenderTarget_onWindow isn't coded because glFramebufferTexture2D doesn't work on default Framebuffer of OpenGL!

OpenGL4_Core::Show_RenderTarget_onWindow isn't coded because glFramebufferTexture2D doesn't work on default Framebuffer of OpenGL!

OpenGL4_Core::Show_RenderTarget_onWindow isn't coded because glFramebufferTexture2D doesn't work on default Framebuffer of OpenGL!

OpenGL4_Core::Show_RenderTarget_onWindow isn't coded because glFramebufferTexture2D doesn't work on default Framebuffer of OpenGL!

OpenGL4_Core::Show_RenderTarget_onWindow isn't coded because glFramebufferTexture2D doesn't work on default Framebuffer of OpenGL!

OpenGL4_Core::Show_RenderTarget_onWindow isn't coded because glFramebufferTexture2D doesn't work on default Framebuffer of OpenGL!

OpenGL4_Core::Show_RenderTarget_onWindow isn't coded because glFramebufferTexture2D doesn't work on default Framebuffer of OpenGL!

OpenGL4_Core::Show_RenderTarget_onWindow isn't coded because glFramebufferTexture2D doesn't work on default Framebuffer of OpenGL!

OpenGL4_Core::Show_RenderTarget_onWindow isn't coded because glFramebufferTexture2D doesn't work on default Framebuffer of OpenGL!

OpenGL4_Core::Show_RenderTarget_onWindow isn't coded because glFramebufferTexture2D doesn't work on default Framebuffer of OpenGL!

OpenGL4_Core::Show_RenderTarget_onWindow isn't coded because glFramebufferTexture2D doesn't work on default Framebuffer of OpenGL!

OpenGL4_Core::Show_RenderTarget_onWindow isn't coded because glFramebufferTexture2D doesn't work on default Framebuffer of OpenGL!

OpenGL4_Core::Show_RenderTarget_onWindow isn't coded because glFramebufferTexture2D doesn't work on default Framebuffer of OpenGL!

OpenGL4_Core::Show_RenderTarget_onWindow isn't coded because glFramebufferTexture2D doesn't work on default Framebuffer of OpenGL!

OpenGL4_Core::Show_RenderTarget_onWindow isn't coded because glFramebufferTexture2D doesn't work on default Framebuffer of OpenGL!

OpenGL4_Core::Show_RenderTarget_onWindow isn't coded because glFramebufferTexture2D doesn't work on default Framebuffer of OpenGL!

OpenGL4_Core::Show_RenderTarget_onWindow isn't coded because glFramebufferTexture2D doesn't work on default Framebuffer of OpenGL!

OpenGL4_Core::Show_RenderTarget_onWindow isn't coded because glFramebufferTexture2D doesn't work on default Framebuffer of OpenGL!

OpenGL4_Core::Show_RenderTarget_onWindow isn't coded because glFramebufferTexture2D doesn't work on default Framebuffer of OpenGL!

OpenGL4_Core::Show_RenderTarget_onWindow isn't coded because glFramebufferTexture2D doesn't work on default Framebuffer of OpenGL!

OpenGL4_Core::Show_RenderTarget_onWindow isn't coded because glFramebufferTexture2D doesn't work on default Framebuffer of OpenGL!

OpenGL4_Core::Show_RenderTarget_onWindow isn't coded because glFramebufferTexture2D doesn't work on default Framebuffer of OpenGL!

OpenGL4_Core::Show_RenderTarget_onWindow isn't coded because glFramebufferTexture2D doesn't work on default Framebuffer of OpenGL!

OpenGL4_Core::Show_RenderTarget_onWindow isn't coded because glFramebufferTexture2D doesn't work on default Framebuffer of OpenGL!

OpenGL4_Core::Show_RenderTarget_onWindow isn't coded because glFramebufferTexture2D doesn't work on default Framebuffer of OpenGL!

OpenGL4_Core::Show_RenderTarget_onWindow isn't coded because glFramebufferTexture2D doesn't work on default Framebuffer of OpenGL!

OpenGL4_Core::Show_RenderTarget_onWindow isn't coded because glFramebufferTexture2D doesn't work on default Framebuffer of OpenGL!

OpenGL4_Core::Show_RenderTarget_onWindow isn't coded because glFramebufferTexture2D doesn't work on default Framebuffer of OpenGL!

OpenGL4_Core::Show_RenderTarget_onWindow isn't coded because glFramebufferTexture2D doesn't work on default Framebuffer of OpenGL!

OpenGL4_Core::Show_RenderTarget_onWindow isn't coded because glFramebufferTexture2D doesn't work on default Framebuffer of OpenGL!

OpenGL4_Core::Show_RenderTarget_onWindow isn't coded because glFramebufferTexture2D doesn't work on default Framebuffer of OpenGL!

OpenGL4_Core::Show_RenderTarget_onWindow isn't coded because glFramebufferTexture2D doesn't work on default Framebuffer of OpenGL!

OpenGL4_Core::Show_RenderTarget_onWindow isn't coded because glFramebufferTexture2D doesn't work on default Framebuffer of OpenGL!

OpenGL4_Core::Show_RenderTarget_onWindow isn't coded because glFramebufferTexture2D doesn't work on default Framebuffer of OpenGL!

OpenGL4_Core::Show_RenderTarget_onWindow isn't coded because glFramebufferTexture2D doesn't work on default Framebuffer of OpenGL!

OpenGL4_Core::Show_RenderTarget_onWindow isn't coded because glFramebufferTexture2D doesn't work on default Framebuffer of OpenGL!

OpenGL4_Core::Show_RenderTarget_onWindow isn't coded because glFramebufferTexture2D doesn't work on default Framebuffer of OpenGL!

OpenGL4_Core::Show_RenderTarget_onWindow isn't coded because glFramebufferTexture2D doesn't work on default Framebuffer of OpenGL!

OpenGL4_Core::Show_RenderTarget_onWindow isn't coded because glFramebufferTexture2D doesn't work on default Framebuffer of OpenGL!

OpenGL4_Core::Show_RenderTarget_onWindow isn't coded because glFramebufferTexture2D doesn't work on default Framebuffer of OpenGL!

OpenGL4_Core::Show_RenderTarget_onWindow isn't coded because glFramebufferTexture2D doesn't work on default Framebuffer of OpenGL!

OpenGL4_Core::Show_RenderTarget_onWindow isn't coded because glFramebufferTexture2D doesn't work on default Framebuffer of OpenGL!

OpenGL4_Core::Show_RenderTarget_onWindow isn't coded because glFramebufferTexture2D doesn't work on default Framebuffer of OpenGL!

OpenGL4_Core::Show_RenderTarget_onWindow isn't coded because glFramebufferTexture2D doesn't work on default Framebuffer of OpenGL!

OpenGL4_Core::Show_RenderTarget_onWindow isn't coded because glFramebufferTexture2D doesn't work on default Framebuffer of OpenGL!

OpenGL4_Core::Show_RenderTarget_onWindow isn't coded because glFramebufferTexture2D doesn't work on default Framebuffer of OpenGL!

OpenGL4_Core::Show_RenderTarget_onWindow isn't coded because glFramebufferTexture2D doesn't work on default Framebuffer of OpenGL!

OpenGL4_Core::Show_RenderTarget_onWindow isn't coded because glFramebufferTexture2D doesn't work on default Framebuffer of OpenGL!

OpenGL4_Core::Show_RenderTarget_onWindow isn't coded because glFramebufferTexture2D doesn't work on default Framebuffer of OpenGL!

OpenGL4_Core::Show_RenderTarget_onWindow isn't coded because glFramebufferTexture2D doesn't work on default Framebuffer of OpenGL!

OpenGL4_Core::Show_RenderTarget_onWindow isn't coded because glFramebufferTexture2D doesn't work on default Framebuffer of OpenGL!

OpenGL4_Core::Show_RenderTarget_onWindow isn't coded because glFramebufferTexture2D doesn't work on default Framebuffer of OpenGL!

OpenGL4_Core::Show_RenderTarget_onWindow isn't coded because glFramebufferTexture2D doesn't work on default Framebuffer of OpenGL!

OpenGL4_Core::Show_RenderTarget_onWindow isn't coded because glFramebufferTexture2D doesn't work on default Framebuffer of OpenGL!

OpenGL4_Core::Show_RenderTarget_onWindow isn't coded because glFramebufferTexture2D doesn't work on default Framebuffer of OpenGL!

OpenGL4_Core::Show_RenderTarget_onWindow isn't coded because glFramebufferTexture2D doesn't work on default Framebuffer of OpenGL!

OpenGL4_Core::Show_RenderTarget_onWindow isn't coded because glFramebufferTexture2D doesn't work on default Framebuffer of OpenGL!

OpenGL4_Core::Show_RenderTarget_onWindow isn't coded because glFramebufferTexture2D doesn't work on default Framebuffer of OpenGL!

OpenGL4_Core::Show_RenderTarget_onWindow isn't coded because glFramebufferTexture2D doesn't work on default Framebuffer of OpenGL!

OpenGL4_Core::Show_RenderTarget_onWindow isn't coded because glFramebufferTexture2D doesn't work on default Framebuffer of OpenGL!

OpenGL4_Core::Show_RenderTarget_onWindow isn't coded because glFramebufferTexture2D doesn't work on default Framebuffer of OpenGL!

OpenGL4_Core::Show_RenderTarget_onWindow isn't coded because glFramebufferTexture2D doesn't work on default Framebuffer of OpenGL!

OpenGL4_Core::Show_RenderTarget_onWindow isn't coded because glFramebufferTexture2D doesn't work on default Framebuffer of OpenGL!

OpenGL4_Core::Show_RenderTarget_onWindow isn't coded because glFramebufferTexture2D doesn't work on default Framebuffer of OpenGL!

OpenGL4_Core::Show_RenderTarget_onWindow isn't coded because glFramebufferTexture2D doesn't work on default Framebuffer of OpenGL!

OpenGL4_Core::Show_RenderTarget_onWindow isn't coded because glFramebufferTexture2D doesn't work on default Framebuffer of OpenGL!

OpenGL4_Core::Show_RenderTarget_onWindow isn't coded because glFramebufferTexture2D doesn't work on default Framebuffer of OpenGL!

OpenGL4_Core::Show_RenderTarget_onWindow isn't coded because glFramebufferTexture2D doesn't work on default Framebuffer of OpenGL!

OpenGL4_Core::Show_RenderTarget_onWindow isn't coded because glFramebufferTexture2D doesn't work on default Framebuffer of OpenGL!

OpenGL4_Core::Show_RenderTarget_onWindow isn't coded because glFramebufferTexture2D doesn't work on default Framebuffer of OpenGL!

OpenGL4_Core::Show_RenderTarget_onWindow isn't coded because glFramebufferTexture2D doesn't work on default Framebuffer of OpenGL!

OpenGL4_Core::Show_RenderTarget_onWindow isn't coded because glFramebufferTexture2D doesn't work on default Framebuffer of OpenGL!

OpenGL4_Core::Show_RenderTarget_onWindow isn't coded because glFramebufferTexture2D doesn't work on default Framebuffer of OpenGL!

OpenGL4_Core::Show_RenderTarget_onWindow isn't coded because glFramebufferTexture2D doesn't work on default Framebuffer of OpenGL!

OpenGL4_Core::Show_RenderTarget_onWindow isn't coded because glFramebufferTexture2D doesn't work on default Framebuffer of OpenGL!

OpenGL4_Core::Show_RenderTarget_onWindow isn't coded because glFramebufferTexture2D doesn't work on default Framebuffer of OpenGL!

OpenGL4_Core::Show_RenderTarget_onWindow isn't coded because glFramebufferTexture2D doesn't work on default Framebuffer of OpenGL!

OpenGL4_Core::Show_RenderTarget_onWindow isn't coded because glFramebufferTexture2D doesn't work on default Framebuffer of OpenGL!

OpenGL4_Core::Show_RenderTarget_onWindow isn't coded because glFramebufferTexture2D doesn't work on default Framebuffer of OpenGL!

OpenGL4_Core::Show_RenderTarget_onWindow isn't coded because glFramebufferTexture2D doesn't work on default Framebuffer of OpenGL!

OpenGL4_Core::Show_RenderTarget_onWindow isn't coded because glFramebufferTexture2D doesn't work on default Framebuffer of OpenGL!

OpenGL4_Core::Show_RenderTarget_onWindow isn't coded because glFramebufferTexture2D doesn't work on default Framebuffer of OpenGL!

OpenGL4_Core::Show_RenderTarget_onWindow isn't coded because glFramebufferTexture2D doesn't work on default Framebuffer of OpenGL!

OpenGL4_Core::Show_RenderTarget_onWindow isn't coded because glFramebufferTexture2D doesn't work on default Framebuffer of OpenGL!

OpenGL4_Core::Show_RenderTarget_onWindow isn't coded because glFramebufferTexture2D doesn't work on default Framebuffer of OpenGL!

OpenGL4_Core::Show_RenderTarget_onWindow isn't coded because glFramebufferTexture2D doesn't work on default Framebuffer of OpenGL!

OpenGL4_Core::Show_RenderTarget_onWindow isn't coded because glFramebufferTexture2D doesn't work on default Framebuffer of OpenGL!

OpenGL4_Core::Show_RenderTarget_onWindow isn't coded because glFramebufferTexture2D doesn't work on default Framebuffer of OpenGL!

OpenGL4_Core::Show_RenderTarget_onWindow isn't coded because glFramebufferTexture2D doesn't work on default Framebuffer of OpenGL!

OpenGL4_Core::Show_RenderTarget_onWindow isn't coded because glFramebufferTexture2D doesn't work on default Framebuffer of OpenGL!

OpenGL4_Core::Show_RenderTarget_onWindow isn't coded because glFramebufferTexture2D doesn't work on default Framebuffer of OpenGL!

OpenGL4_Core::Show_RenderTarget_onWindow isn't coded because glFramebufferTexture2D doesn't work on default Framebuffer of OpenGL!

OpenGL4_Core::Show_RenderTarget_onWindow isn't coded because glFramebufferTexture2D doesn't work on default Framebuffer of OpenGL!

OpenGL4_Core::Show_RenderTarget_onWindow isn't coded because glFramebufferTexture2D doesn't work on default Framebuffer of OpenGL!

OpenGL4_Core::Show_RenderTarget_onWindow isn't coded because glFramebufferTexture2D doesn't work on default Framebuffer of OpenGL!

OpenGL4_Core::Show_RenderTarget_onWindow isn't coded because glFramebufferTexture2D doesn't work on default Framebuffer of OpenGL!

OpenGL4_Core::Show_RenderTarget_onWindow isn't coded because glFramebufferTexture2D doesn't work on default Framebuffer of OpenGL!

OpenGL4_Core::Show_RenderTarget_onWindow isn't coded because glFramebufferTexture2D doesn't work on default Framebuffer of OpenGL!

OpenGL4_Core::Show_RenderTarget_onWindow isn't coded because glFramebufferTexture2D doesn't work on default Framebuffer of OpenGL!

OpenGL4_Core::Show_RenderTarget_onWindow isn't coded because glFramebufferTexture2D doesn't work on default Framebuffer of OpenGL!

OpenGL4_Core::Show_RenderTarget_onWindow isn't coded because glFramebufferTexture2D doesn't work on default Framebuffer of OpenGL!

OpenGL4_Core::Show_RenderTarget_onWindow isn't coded because glFramebufferTexture2D doesn't work on default Framebuffer of OpenGL!

OpenGL4_Core::Show_RenderTarget_onWindow isn't coded because glFramebufferTexture2D doesn't work on default Framebuffer of OpenGL!

OpenGL4_Core::Show_RenderTarget_onWindow isn't coded because glFramebufferTexture2D doesn't work on default Framebuffer of OpenGL!

OpenGL4_Core::Show_RenderTarget_onWindow isn't coded because glFramebufferTexture2D doesn't work on default Framebuffer of OpenGL!

OpenGL4_Core::Show_RenderTarget_onWindow isn't coded because glFramebufferTexture2D doesn't work on default Framebuffer of OpenGL!

OpenGL4_Core::Show_RenderTarget_onWindow isn't coded because glFramebufferTexture2D doesn't work on default Framebuffer of OpenGL!

OpenGL4_Core::Show_RenderTarget_onWindow isn't coded because glFramebufferTexture2D doesn't work on default Framebuffer of OpenGL!

OpenGL4_Core::Show_RenderTarget_onWindow isn't coded because glFramebufferTexture2D doesn't work on default Framebuffer of OpenGL!

OpenGL4_Core::Show_RenderTarget_onWindow isn't coded because glFramebufferTexture2D doesn't work on default Framebuffer of OpenGL!

OpenGL4_Core::Show_RenderTarget_onWindow isn't coded because glFramebufferTexture2D doesn't work on default Framebuffer of OpenGL!

OpenGL4_Core::Show_RenderTarget_onWindow isn't coded because glFramebufferTexture2D doesn't work on default Framebuffer of OpenGL!

OpenGL4_Core::Show_RenderTarget_onWindow isn't coded because glFramebufferTexture2D doesn't work on default Framebuffer of OpenGL!

OpenGL4_Core::Show_RenderTarget_onWindow isn't coded because glFramebufferTexture2D doesn't work on default Framebuffer of OpenGL!

OpenGL4_Core::Show_RenderTarget_onWindow isn't coded because glFramebufferTexture2D doesn't work on default Framebuffer of OpenGL!

OpenGL4_Core::Show_RenderTarget_onWindow isn't coded because glFramebufferTexture2D doesn't work on default Framebuffer of OpenGL!

OpenGL4_Core::Show_RenderTarget_onWindow isn't coded because glFramebufferTexture2D doesn't work on default Framebuffer of OpenGL!

OpenGL4_Core::Show_RenderTarget_onWindow isn't coded because glFramebufferTexture2D doesn't work on default Framebuffer of OpenGL!

OpenGL4_Core::Show_RenderTarget_onWindow isn't coded because glFramebufferTexture2D doesn't work on default Framebuffer of OpenGL!

OpenGL4_Core::Show_RenderTarget_onWindow isn't coded because glFramebufferTexture2D doesn't work on default Framebuffer of OpenGL!

OpenGL4_Core::Show_RenderTarget_onWindow isn't coded because glFramebufferTexture2D doesn't work on default Framebuffer of OpenGL!

OpenGL4_Core::Show_RenderTarget_onWindow isn't coded because glFramebufferTexture2D doesn't work on default Framebuffer of OpenGL!

OpenGL4_Core::Show_RenderTarget_onWindow isn't coded because glFramebufferTexture2D doesn't work on default Framebuffer of OpenGL!

OpenGL4_Core::Show_RenderTarget_onWindow isn't coded because glFramebufferTexture2D doesn't work on default Framebuffer of OpenGL!

OpenGL4_Core::Show_RenderTarget_onWindow isn't coded because glFramebufferTexture2D doesn't work on default Framebuffer of OpenGL!

OpenGL4_Core::Show_RenderTarget_onWindow isn't coded because glFramebufferTexture2D doesn't work on default Framebuffer of OpenGL!

OpenGL4_Core::Show_RenderTarget_onWindow isn't coded because glFramebufferTexture2D doesn't work on default Framebuffer of OpenGL!

OpenGL4_Core::Show_RenderTarget_onWindow isn't coded because glFramebufferTexture2D doesn't work on default Framebuffer of OpenGL!

OpenGL4_Core::Show_RenderTarget_onWindow isn't coded because glFramebufferTexture2D doesn't work on default Framebuffer of OpenGL!

OpenGL4_Core::Show_RenderTarget_onWindow isn't coded because glFramebufferTexture2D doesn't work on default Framebuffer of OpenGL!

OpenGL4_Core::Show_RenderTarget_onWindow isn't coded because glFramebufferTexture2D doesn't work on default Framebuffer of OpenGL!

OpenGL4_Core::Show_RenderTarget_onWindow isn't coded because glFramebufferTexture2D doesn't work on default Framebuffer of OpenGL!

OpenGL4_Core::Show_RenderTarget_onWindow isn't coded because glFramebufferTexture2D doesn't work on default Framebuffer of OpenGL!

OpenGL4_Core::Show_RenderTarget_onWindow isn't coded because glFramebufferTexture2D doesn't work on default Framebuffer of OpenGL!

OpenGL4_Core::Show_RenderTarget_onWindow isn't coded because glFramebufferTexture2D doesn't work on default Framebuffer of OpenGL!

OpenGL4_Core::Show_RenderTarget_onWindow isn't coded because glFramebufferTexture2D doesn't work on default Framebuffer of OpenGL!

OpenGL4_Core::Show_RenderTarget_onWindow isn't coded because glFramebufferTexture2D doesn't work on default Framebuffer of OpenGL!

OpenGL4_Core::Show_RenderTarget_onWindow isn't coded because glFramebufferTexture2D doesn't work on default Framebuffer of OpenGL!

OpenGL4_Core::Show_RenderTarget_onWindow isn't coded because glFramebufferTexture2D doesn't work on default Framebuffer of OpenGL!

OpenGL4_Core::Show_RenderTarget_onWindow isn't coded because glFramebufferTexture2D doesn't work on default Framebuffer of OpenGL!

OpenGL4_Core::Show_RenderTarget_onWindow isn't coded because glFramebufferTexture2D doesn't work on default Framebuffer of OpenGL!

OpenGL4_Core::Show_RenderTarget_onWindow isn't coded because glFramebufferTexture2D doesn't work on default Framebuffer of OpenGL!

OpenGL4_Core::Show_RenderTarget_onWindow isn't coded because glFramebufferTexture2D doesn't work on default Framebuffer of OpenGL!

OpenGL4_Core::Show_RenderTarget_onWindow isn't coded because glFramebufferTexture2D doesn't work on default Framebuffer of OpenGL!

OpenGL4_Core::Show_RenderTarget_onWindow isn't coded because glFramebufferTexture2D doesn't work on default Framebuffer of OpenGL!

OpenGL4_Core::Show_RenderTarget_onWindow isn't coded because glFramebufferTexture2D doesn't work on default Framebuffer of OpenGL!

OpenGL4_Core::Show_RenderTarget_onWindow isn't coded because glFramebufferTexture2D doesn't work on default Framebuffer of OpenGL!

OpenGL4_Core::Show_RenderTarget_onWindow isn't coded because glFramebufferTexture2D doesn't work on default Framebuffer of OpenGL!

OpenGL4_Core::Show_RenderTarget_onWindow isn't coded because glFramebufferTexture2D doesn't work on default Framebuffer of OpenGL!

OpenGL4_Core::Show_RenderTarget_onWindow isn't coded because glFramebufferTexture2D doesn't work on default Framebuffer of OpenGL!

OpenGL4_Core::Show_RenderTarget_onWindow isn't coded because glFramebufferTexture2D doesn't work on default Framebuffer of OpenGL!

OpenGL4_Core::Show_RenderTarget_onWindow isn't coded because glFramebufferTexture2D doesn't work on default Framebuffer of OpenGL!

OpenGL4_Core::Show_RenderTarget_onWindow isn't coded because glFramebufferTexture2D doesn't work on default Framebuffer of OpenGL!

OpenGL4_Core::Show_RenderTarget_onWindow isn't coded because glFramebufferTexture2D doesn't work on default Framebuffer of OpenGL!

OpenGL4_Core::Show_RenderTarget_onWindow isn't coded because glFramebufferTexture2D doesn't work on default Framebuffer of OpenGL!

OpenGL4_Core::Show_RenderTarget_onWindow isn't coded because glFramebufferTexture2D doesn't work on default Framebuffer of OpenGL!

OpenGL4_Core::Show_RenderTarget_onWindow isn't coded because glFramebufferTexture2D doesn't work on default Framebuffer of OpenGL!

OpenGL4_Core::Show_RenderTarget_onWindow isn't coded because glFramebufferTexture2D doesn't work on default Framebuffer of OpenGL!

OpenGL4_Core::Show_RenderTarget_onWindow isn't coded because glFramebufferTexture2D doesn't work on default Framebuffer of OpenGL!

OpenGL4_Core::Show_RenderTarget_onWindow isn't coded because glFramebufferTexture2D doesn't work on default Framebuffer of OpenGL!

OpenGL4_Core::Show_RenderTarget_onWindow isn't coded because glFramebufferTexture2D doesn't work on default Framebuffer of OpenGL!

OpenGL4_Core::Show_RenderTarget_onWindow isn't coded because glFramebufferTexture2D doesn't work on default Framebuffer of OpenGL!

OpenGL4_Core::Show_RenderTarget_onWindow isn't coded because glFramebufferTexture2D doesn't work on default Framebuffer of OpenGL!

OpenGL4_Core::Show_RenderTarget_onWindow isn't coded because glFramebufferTexture2D doesn't work on default Framebuffer of OpenGL!

OpenGL4_Core::Show_RenderTarget_onWindow isn't coded because glFramebufferTexture2D doesn't work on default Framebuffer of OpenGL!

OpenGL4_Core::Show_RenderTarget_onWindow isn't coded because glFramebufferTexture2D doesn't work on default Framebuffer of OpenGL!

OpenGL4_Core::Show_RenderTarget_onWindow isn't coded because glFramebufferTexture2D doesn't work on default Framebuffer of OpenGL!

OpenGL4_Core::Show_RenderTarget_onWindow isn't coded because glFramebufferTexture2D doesn't work on default Framebuffer of OpenGL!

OpenGL4_Core::Show_RenderTarget_onWindow isn't coded because glFramebufferTexture2D doesn't work on default Framebuffer of OpenGL!

OpenGL4_Core::Show_RenderTarget_onWindow isn't coded because glFramebufferTexture2D doesn't work on default Framebuffer of OpenGL!

OpenGL4_Core::Show_RenderTarget_onWindow isn't coded because glFramebufferTexture2D doesn't work on default Framebuffer of OpenGL!

OpenGL4_Core::Show_RenderTarget_onWindow isn't coded because glFramebufferTexture2D doesn't work on default Framebuffer of OpenGL!

OpenGL4_Core::Show_RenderTarget_onWindow isn't coded because glFramebufferTexture2D doesn't work on default Framebuffer of OpenGL!

OpenGL4_Core::Show_RenderTarget_onWindow isn't coded because glFramebufferTexture2D doesn't work on default Framebuffer of OpenGL!

OpenGL4_Core::Show_RenderTarget_onWindow isn't coded because glFramebufferTexture2D doesn't work on default Framebuffer of OpenGL!

OpenGL4_Core::Show_RenderTarget_onWindow isn't coded because glFramebufferTexture2D doesn't work on default Framebuffer of OpenGL!

OpenGL4_Core::Show_RenderTarget_onWindow isn't coded because glFramebufferTexture2D doesn't work on default Framebuffer of OpenGL!

OpenGL4_Core::Show_RenderTarget_onWindow isn't coded because glFramebufferTexture2D doesn't work on default Framebuffer of OpenGL!

OpenGL4_Core::Show_RenderTarget_onWindow isn't coded because glFramebufferTexture2D doesn't work on default Framebuffer of OpenGL!

OpenGL4_Core::Show_RenderTarget_onWindow isn't coded because glFramebufferTexture2D doesn't work on default Framebuffer of OpenGL!

OpenGL4_Core::Show_RenderTarget_onWindow isn't coded because glFramebufferTexture2D doesn't work on default Framebuffer of OpenGL!

OpenGL4_Core::Show_RenderTarget_onWindow isn't coded because glFramebufferTexture2D doesn't work on default Framebuffer of OpenGL!

OpenGL4_Core::Show_RenderTarget_onWindow isn't coded because glFramebufferTexture2D doesn't work on default Framebuffer of OpenGL!

OpenGL4_Core::Show_RenderTarget_onWindow isn't coded because glFramebufferTexture2D doesn't work on default Framebuffer of OpenGL!

OpenGL4_Core::Show_RenderTarget_onWindow isn't coded because glFramebufferTexture2D doesn't work on default Framebuffer of OpenGL!

OpenGL4_Core::Show_RenderTarget_onWindow isn't coded because glFramebufferTexture2D doesn't work on default Framebuffer of OpenGL!

OpenGL4_Core::Show_RenderTarget_onWindow isn't coded because glFramebufferTexture2D doesn't work on default Framebuffer of OpenGL!

OpenGL4_Core::Show_RenderTarget_onWindow isn't coded because glFramebufferTexture2D doesn't work on default Framebuffer of OpenGL!

OpenGL4_Core::Show_RenderTarget_onWindow isn't coded because glFramebufferTexture2D doesn't work on default Framebuffer of OpenGL!

OpenGL4_Core::Show_RenderTarget_onWindow isn't coded because glFramebufferTexture2D doesn't work on default Framebuffer of OpenGL!

OpenGL4_Core::Show_RenderTarget_onWindow isn't coded because glFramebufferTexture2D doesn't work on default Framebuffer of OpenGL!

OpenGL4_Core::Show_RenderTarget_onWindow isn't coded because glFramebufferTexture2D doesn't work on default Framebuffer of OpenGL!

OpenGL4_Core::Show_RenderTarget_onWindow isn't coded because glFramebufferTexture2D doesn't work on default Framebuffer of OpenGL!

OpenGL4_Core::Show_RenderTarget_onWindow isn't coded because glFramebufferTexture2D doesn't work on default Framebuffer of OpenGL!

OpenGL4_Core::Show_RenderTarget_onWindow isn't coded because glFramebufferTexture2D doesn't work on default Framebuffer of OpenGL!

OpenGL4_Core::Show_RenderTarget_onWindow isn't coded because glFramebufferTexture2D doesn't work on default Framebuffer of OpenGL!

OpenGL4_Core::Show_RenderTarget_onWindow isn't coded because glFramebufferTexture2D doesn't work on default Framebuffer of OpenGL!

OpenGL4_Core::Show_RenderTarget_onWindow isn't coded because glFramebufferTexture2D doesn't work on default Framebuffer of OpenGL!

OpenGL4_Core::Show_RenderTarget_onWindow isn't coded because glFramebufferTexture2D doesn't work on default Framebuffer of OpenGL!

OpenGL4_Core::Show_RenderTarget_onWindow isn't coded because glFramebufferTexture2D doesn't work on default Framebuffer of OpenGL!

OpenGL4_Core::Show_RenderTarget_onWindow isn't coded because glFramebufferTexture2D doesn't work on default Framebuffer of OpenGL!

OpenGL4_Core::Show_RenderTarget_onWindow isn't coded because glFramebufferTexture2D doesn't work on default Framebuffer of OpenGL!

OpenGL4_Core::Show_RenderTarget_onWindow isn't coded because glFramebufferTexture2D doesn't work on default Framebuffer of OpenGL!

OpenGL4_Core::Show_RenderTarget_onWindow isn't coded because glFramebufferTexture2D doesn't work on default Framebuffer of OpenGL!

OpenGL4_Core::Show_RenderTarget_onWindow isn't coded because glFramebufferTexture2D doesn't work on default Framebuffer of OpenGL!

OpenGL4_Core::Show_RenderTarget_onWindow isn't coded because glFramebufferTexture2D doesn't work on default Framebuffer of OpenGL!

OpenGL4_Core::Show_RenderTarget_onWindow isn't coded because glFramebufferTexture2D doesn't work on default Framebuffer of OpenGL!

OpenGL4_Core::Show_RenderTarget_onWindow isn't coded because glFramebufferTexture2D doesn't work on default Framebuffer of OpenGL!

OpenGL4_Core::Show_RenderTarget_onWindow isn't coded because glFramebufferTexture2D doesn't work on default Framebuffer of OpenGL!

OpenGL4_Core::Show_RenderTarget_onWindow isn't coded because glFramebufferTexture2D doesn't work on default Framebuffer of OpenGL!

OpenGL4_Core::Show_RenderTarget_onWindow isn't coded because glFramebufferTexture2D doesn't work on default Framebuffer of OpenGL!

OpenGL4_Core::Show_RenderTarget_onWindow isn't coded because glFramebufferTexture2D doesn't work on default Framebuffer of OpenGL!

OpenGL4_Core::Show_RenderTarget_onWindow isn't coded because glFramebufferTexture2D doesn't work on default Framebuffer of OpenGL!

OpenGL4_Core::Show_RenderTarget_onWindow isn't coded because glFramebufferTexture2D doesn't work on default Framebuffer of OpenGL!

OpenGL4_Core::Show_RenderTarget_onWindow isn't coded because glFramebufferTexture2D doesn't work on default Framebuffer of OpenGL!

OpenGL4_Core::Show_RenderTarget_onWindow isn't coded because glFramebufferTexture2D doesn't work on default Framebuffer of OpenGL!

OpenGL4_Core::Show_RenderTarget_onWindow isn't coded because glFramebufferTexture2D doesn't work on default Framebuffer of OpenGL!

OpenGL4_Core::Show_RenderTarget_onWindow isn't coded because glFramebufferTexture2D doesn't work on default Framebuffer of OpenGL!

OpenGL4_Core::Show_RenderTarget_onWindow isn't coded because glFramebufferTexture2D doesn't work on default Framebuffer of OpenGL!

OpenGL4_Core::Show_RenderTarget_onWindow isn't coded because glFramebufferTexture2D doesn't work on default Framebuffer of OpenGL!

OpenGL4_Core::Show_RenderTarget_onWindow isn't coded because glFramebufferTexture2D doesn't work on default Framebuffer of OpenGL!

OpenGL4_Core::Show_RenderTarget_onWindow isn't coded because glFramebufferTexture2D doesn't work on default Framebuffer of OpenGL!

OpenGL4_Core::Show_RenderTarget_onWindow isn't coded because glFramebufferTexture2D doesn't work on default Framebuffer of OpenGL!

OpenGL4_Core::Show_RenderTarget_onWindow isn't coded because glFramebufferTexture2D doesn't work on default Framebuffer of OpenGL!

OpenGL4_Core::Show_RenderTarget_onWindow isn't coded because glFramebufferTexture2D doesn't work on default Framebuffer of OpenGL!

OpenGL4_Core::Show_RenderTarget_onWindow isn't coded because glFramebufferTexture2D doesn't work on default Framebuffer of OpenGL!

OpenGL4_Core::Show_RenderTarget_onWindow isn't coded because glFramebufferTexture2D doesn't work on default Framebuffer of OpenGL!

OpenGL4_Core::Show_RenderTarget_onWindow isn't coded because glFramebufferTexture2D doesn't work on default Framebuffer of OpenGL!

OpenGL4_Core::Show_RenderTarget_onWindow isn't coded because glFramebufferTexture2D doesn't work on default Framebuffer of OpenGL!

OpenGL4_Core::Show_RenderTarget_onWindow isn't coded because glFramebufferTexture2D doesn't work on default Framebuffer of OpenGL!

OpenGL4_Core::Show_RenderTarget_onWindow isn't coded because glFramebufferTexture2D doesn't work on default Framebuffer of OpenGL!

OpenGL4_Core::Show_RenderTarget_onWindow isn't coded because glFramebufferTexture2D doesn't work on default Framebuffer of OpenGL!

OpenGL4_Core::Show_RenderTarget_onWindow isn't coded because glFramebufferTexture2D doesn't work on default Framebuffer of OpenGL!

OpenGL4_Core::Show_RenderTarget_onWindow isn't coded because glFramebufferTexture2D doesn't work on default Framebuffer of OpenGL!

OpenGL4_Core::Show_RenderTarget_onWindow isn't coded because glFramebufferTexture2D doesn't work on default Framebuffer of OpenGL!

OpenGL4_Core::Show_RenderTarget_onWindow isn't coded because glFramebufferTexture2D doesn't work on default Framebuffer of OpenGL!

OpenGL4_Core::Show_RenderTarget_onWindow isn't coded because glFramebufferTexture2D doesn't work on default Framebuffer of OpenGL!

OpenGL4_Core::Show_RenderTarget_onWindow isn't coded because glFramebufferTexture2D doesn't work on default Framebuffer of OpenGL!

OpenGL4_Core::Show_RenderTarget_onWindow isn't coded because glFramebufferTexture2D doesn't work on default Framebuffer of OpenGL!

OpenGL4_Core::Show_RenderTarget_onWindow isn't coded because glFramebufferTexture2D doesn't work on default Framebuffer of OpenGL!

OpenGL4_Core::Show_RenderTarget_onWindow isn't coded because glFramebufferTexture2D doesn't work on default Framebuffer of OpenGL!

OpenGL4_Core::Show_RenderTarget_onWindow isn't coded because glFramebufferTexture2D doesn't work on default Framebuffer of OpenGL!

OpenGL4_Core::Show_RenderTarget_onWindow isn't coded because glFramebufferTexture2D doesn't work on default Framebuffer of OpenGL!

OpenGL4_Core::Show_RenderTarget_onWindow isn't coded because glFramebufferTexture2D doesn't work on default Framebuffer of OpenGL!

OpenGL4_Core::Show_RenderTarget_onWindow isn't coded because glFramebufferTexture2D doesn't work on default Framebuffer of OpenGL!

OpenGL4_Core::Show_RenderTarget_onWindow isn't coded because glFramebufferTexture2D doesn't work on default Framebuffer of OpenGL!

OpenGL4_Core::Show_RenderTarget_onWindow isn't coded because glFramebufferTexture2D doesn't work on default Framebuffer of OpenGL!

OpenGL4_Core::Show_RenderTarget_onWindow isn't coded because glFramebufferTexture2D doesn't work on default Framebuffer of OpenGL!

OpenGL4_Core::Show_RenderTarget_onWindow isn't coded because glFramebufferTexture2D doesn't work on default Framebuffer of OpenGL!

OpenGL4_Core::Show_RenderTarget_onWindow isn't coded because glFramebufferTexture2D doesn't work on default Framebuffer of OpenGL!

OpenGL4_Core::Show_RenderTarget_onWindow isn't coded because glFramebufferTexture2D doesn't work on default Framebuffer of OpenGL!

OpenGL4_Core::Show_RenderTarget_onWindow isn't coded because glFramebufferTexture2D doesn't work on default Framebuffer of OpenGL!

OpenGL4_Core::Show_RenderTarget_onWindow isn't coded because glFramebufferTexture2D doesn't work on default Framebuffer of OpenGL!

OpenGL4_Core::Show_RenderTarget_onWindow isn't coded because glFramebufferTexture2D doesn't work on default Framebuffer of OpenGL!

OpenGL4_Core::Show_RenderTarget_onWindow isn't coded because glFramebufferTexture2D doesn't work on default Framebuffer of OpenGL!

OpenGL4_Core::Show_RenderTarget_onWindow isn't coded because glFramebufferTexture2D doesn't work on default Framebuffer of OpenGL!

OpenGL4_Core::Show_RenderTarget_onWindow isn't coded because glFramebufferTexture2D doesn't work on default Framebuffer of OpenGL!

OpenGL4_Core::Show_RenderTarget_onWindow isn't coded because glFramebufferTexture2D doesn't work on default Framebuffer of OpenGL!

OpenGL4_Core::Show_RenderTarget_onWindow isn't coded because glFramebufferTexture2D doesn't work on default Framebuffer of OpenGL!

OpenGL4_Core::Show_RenderTarget_onWindow isn't coded because glFramebufferTexture2D doesn't work on default Framebuffer of OpenGL!

OpenGL4_Core::Show_RenderTarget_onWindow isn't coded because glFramebufferTexture2D doesn't work on default Framebuffer of OpenGL!

OpenGL4_Core::Show_RenderTarget_onWindow isn't coded because glFramebufferTexture2D doesn't work on default Framebuffer of OpenGL!

OpenGL4_Core::Show_RenderTarget_onWindow isn't coded because glFramebufferTexture2D doesn't work on default Framebuffer of OpenGL!

OpenGL4_Core::Show_RenderTarget_onWindow isn't coded because glFramebufferTexture2D doesn't work on default Framebuffer of OpenGL!

OpenGL4_Core::Show_RenderTarget_onWindow isn't coded because glFramebufferTexture2D doesn't work on default Framebuffer of OpenGL!

OpenGL4_Core::Show_RenderTarget_onWindow isn't coded because glFramebufferTexture2D doesn't work on default Framebuffer of OpenGL!

OpenGL4_Core::Show_RenderTarget_onWindow isn't coded because glFramebufferTexture2D doesn't work on default Framebuffer of OpenGL!

OpenGL4_Core::Show_RenderTarget_onWindow isn't coded because glFramebufferTexture2D doesn't work on default Framebuffer of OpenGL!

OpenGL4_Core::Show_RenderTarget_onWindow isn't coded because glFramebufferTexture2D doesn't work on default Framebuffer of OpenGL!

OpenGL4_Core::Show_RenderTarget_onWindow isn't coded because glFramebufferTexture2D doesn't work on default Framebuffer of OpenGL!

OpenGL4_Core::Show_RenderTarget_onWindow isn't coded because glFramebufferTexture2D doesn't work on default Framebuffer of OpenGL!

OpenGL4_Core::Show_RenderTarget_onWindow isn't coded because glFramebufferTexture2D doesn't work on default Framebuffer of OpenGL!

OpenGL4_Core::Show_RenderTarget_onWindow isn't coded because glFramebufferTexture2D doesn't work on default Framebuffer of OpenGL!

OpenGL4_Core::Show_RenderTarget_onWindow isn't coded because glFramebufferTexture2D doesn't work on default Framebuffer of OpenGL!

OpenGL4_Core::Show_RenderTarget_onWindow isn't coded because glFramebufferTexture2D doesn't work on default Framebuffer of OpenGL!

OpenGL4_Core::Show_RenderTarget_onWindow isn't coded because glFramebufferTexture2D doesn't work on default Framebuffer of OpenGL!

OpenGL4_Core::Show_RenderTarget_onWindow isn't coded because glFramebufferTexture2D doesn't work on default Framebuffer of OpenGL!

OpenGL4_Core::Show_RenderTarget_onWindow isn't coded because glFramebufferTexture2D doesn't work on default Framebuffer of OpenGL!

OpenGL4_Core::Show_RenderTarget_onWindow isn't coded because glFramebufferTexture2D doesn't work on default Framebuffer of OpenGL!

OpenGL4_Core::Show_RenderTarget_onWindow isn't coded because glFramebufferTexture2D doesn't work on default Framebuffer of OpenGL!

OpenGL4_Core::Show_RenderTarget_onWindow isn't coded because glFramebufferTexture2D doesn't work on default Framebuffer of OpenGL!

OpenGL4_Core::Show_RenderTarget_onWindow isn't coded because glFramebufferTexture2D doesn't work on default Framebuffer of OpenGL!

OpenGL4_Core::Show_RenderTarget_onWindow isn't coded because glFramebufferTexture2D doesn't work on default Framebuffer of OpenGL!

OpenGL4_Core::Show_RenderTarget_onWindow isn't coded because glFramebufferTexture2D doesn't work on default Framebuffer of OpenGL!

OpenGL4_Core::Show_RenderTarget_onWindow isn't coded because glFramebufferTexture2D doesn't work on default Framebuffer of OpenGL!

OpenGL4_Core::Show_RenderTarget_onWindow isn't coded because glFramebufferTexture2D doesn't work on default Framebuffer of OpenGL!

OpenGL4_Core::Show_RenderTarget_onWindow isn't coded because glFramebufferTexture2D doesn't work on default Framebuffer of OpenGL!

OpenGL4_Core::Show_RenderTarget_onWindow isn't coded because glFramebufferTexture2D doesn't work on default Framebuffer of OpenGL!

OpenGL4_Core::Show_RenderTarget_onWindow isn't coded because glFramebufferTexture2D doesn't work on default Framebuffer of OpenGL!

OpenGL4_Core::Show_RenderTarget_onWindow isn't coded because glFramebufferTexture2D doesn't work on default Framebuffer of OpenGL!

OpenGL4_Core::Show_RenderTarget_onWindow isn't coded because glFramebufferTexture2D doesn't work on default Framebuffer of OpenGL!

OpenGL4_Core::Show_RenderTarget_onWindow isn't coded because glFramebufferTexture2D doesn't work on default Framebuffer of OpenGL!

OpenGL4_Core::Show_RenderTarget_onWindow isn't coded because glFramebufferTexture2D doesn't work on default Framebuffer of OpenGL!

OpenGL4_Core::Show_RenderTarget_onWindow isn't coded because glFramebufferTexture2D doesn't work on default Framebuffer of OpenGL!

OpenGL4_Core::Show_RenderTarget_onWindow isn't coded because glFramebufferTexture2D doesn't work on default Framebuffer of OpenGL!

OpenGL4_Core::Show_RenderTarget_onWindow isn't coded because glFramebufferTexture2D doesn't work on default Framebuffer of OpenGL!

OpenGL4_Core::Show_RenderTarget_onWindow isn't coded because glFramebufferTexture2D doesn't work on default Framebuffer of OpenGL!

OpenGL4_Core::Show_RenderTarget_onWindow isn't coded because glFramebufferTexture2D doesn't work on default Framebuffer of OpenGL!

OpenGL4_Core::Show_RenderTarget_onWindow isn't coded because glFramebufferTexture2D doesn't work on default Framebuffer of OpenGL!

OpenGL4_Core::Show_RenderTarget_onWindow isn't coded because glFramebufferTexture2D doesn't work on default Framebuffer of OpenGL!

OpenGL4_Core::Show_RenderTarget_onWindow isn't coded because glFramebufferTexture2D doesn't work on default Framebuffer of OpenGL!

OpenGL4_Core::Show_RenderTarget_onWindow isn't coded because glFramebufferTexture2D doesn't work on default Framebuffer of OpenGL!

OpenGL4_Core::Show_RenderTarget_onWindow isn't coded because glFramebufferTexture2D doesn't work on default Framebuffer of OpenGL!

OpenGL4_Core::Show_RenderTarget_onWindow isn't coded because glFramebufferTexture2D doesn't work on default Framebuffer of OpenGL!

OpenGL4_Core::Show_RenderTarget_onWindow isn't coded because glFramebufferTexture2D doesn't work on default Framebuffer of OpenGL!

OpenGL4_Core::Show_RenderTarget_onWindow isn't coded because glFramebufferTexture2D doesn't work on default Framebuffer of OpenGL!

OpenGL4_Core::Show_RenderTarget_onWindow isn't coded because glFramebufferTexture2D doesn't work on default Framebuffer of OpenGL!

OpenGL4_Core::Show_RenderTarget_onWindow isn't coded because glFramebufferTexture2D doesn't work on default Framebuffer of OpenGL!

OpenGL4_Core::Show_RenderTarget_onWindow isn't coded because glFramebufferTexture2D doesn't work on default Framebuffer of OpenGL!

OpenGL4_Core::Show_RenderTarget_onWindow isn't coded because glFramebufferTexture2D doesn't work on default Framebuffer of OpenGL!

OpenGL4_Core::Show_RenderTarget_onWindow isn't coded because glFramebufferTexture2D doesn't work on default Framebuffer of OpenGL!

OpenGL4_Core::Show_RenderTarget_onWindow isn't coded because glFramebufferTexture2D doesn't work on default Framebuffer of OpenGL!

OpenGL4_Core::Show_RenderTarget_onWindow isn't coded because glFramebufferTexture2D doesn't work on default Framebuffer of OpenGL!

OpenGL4_Core::Show_RenderTarget_onWindow isn't coded because glFramebufferTexture2D doesn't work on default Framebuffer of OpenGL!

OpenGL4_Core::Show_RenderTarget_onWindow isn't coded because glFramebufferTexture2D doesn't work on default Framebuffer of OpenGL!

OpenGL4_Core::Show_RenderTarget_onWindow isn't coded because glFramebufferTexture2D doesn't work on default Framebuffer of OpenGL!

OpenGL4_Core::Show_RenderTarget_onWindow isn't coded because glFramebufferTexture2D doesn't work on default Framebuffer of OpenGL!

OpenGL4_Core::Show_RenderTarget_onWindow isn't coded because glFramebufferTexture2D doesn't work on default Framebuffer of OpenGL!

OpenGL4_Core::Show_RenderTarget_onWindow isn't coded because glFramebufferTexture2D doesn't work on default Framebuffer of OpenGL!

OpenGL4_Core::Show_RenderTarget_onWindow isn't coded because glFramebufferTexture2D doesn't work on default Framebuffer of OpenGL!

OpenGL4_Core::Show_RenderTarget_onWindow isn't coded because glFramebufferTexture2D doesn't work on default Framebuffer of OpenGL!

OpenGL4_Core::Show_RenderTarget_onWindow isn't coded because glFramebufferTexture2D doesn't work on default Framebuffer of OpenGL!

OpenGL4_Core::Show_RenderTarget_onWindow isn't coded because glFramebufferTexture2D doesn't work on default Framebuffer of OpenGL!

OpenGL4_Core::Show_RenderTarget_onWindow isn't coded because glFramebufferTexture2D doesn't work on default Framebuffer of OpenGL!

OpenGL4_Core::Show_RenderTarget_onWindow isn't coded because glFramebufferTexture2D doesn't work on default Framebuffer of OpenGL!

OpenGL4_Core::Show_RenderTarget_onWindow isn't coded because glFramebufferTexture2D doesn't work on default Framebuffer of OpenGL!

OpenGL4_Core::Show_RenderTarget_onWindow isn't coded because glFramebufferTexture2D doesn't work on default Framebuffer of OpenGL!

OpenGL4_Core::Show_RenderTarget_onWindow isn't coded because glFramebufferTexture2D doesn't work on default Framebuffer of OpenGL!

OpenGL4_Core::Show_RenderTarget_onWindow isn't coded because glFramebufferTexture2D doesn't work on default Framebuffer of OpenGL!

OpenGL4_Core::Show_RenderTarget_onWindow isn't coded because glFramebufferTexture2D doesn't work on default Framebuffer of OpenGL!

OpenGL4_Core::Show_RenderTarget_onWindow isn't coded because glFramebufferTexture2D doesn't work on default Framebuffer of OpenGL!

OpenGL4_Core::Show_RenderTarget_onWindow isn't coded because glFramebufferTexture2D doesn't work on default Framebuffer of OpenGL!

OpenGL4_Core::Show_RenderTarget_onWindow isn't coded because glFramebufferTexture2D doesn't work on default Framebuffer of OpenGL!

OpenGL4_Core::Show_RenderTarget_onWindow isn't coded because glFramebufferTexture2D doesn't work on default Framebuffer of OpenGL!

OpenGL4_Core::Show_RenderTarget_onWindow isn't coded because glFramebufferTexture2D doesn't work on default Framebuffer of OpenGL!

OpenGL4_Core::Show_RenderTarget_onWindow isn't coded because glFramebufferTexture2D doesn't work on default Framebuffer of OpenGL!

OpenGL4_Core::Show_RenderTarget_onWindow isn't coded because glFramebufferTexture2D doesn't work on default Framebuffer of OpenGL!

OpenGL4_Core::Show_RenderTarget_onWindow isn't coded because glFramebufferTexture2D doesn't work on default Framebuffer of OpenGL!

OpenGL4_Core::Show_RenderTarget_onWindow isn't coded because glFramebufferTexture2D doesn't work on default Framebuffer of OpenGL!

OpenGL4_Core::Show_RenderTarget_onWindow isn't coded because glFramebufferTexture2D doesn't work on default Framebuffer of OpenGL!

OpenGL4_Core::Show_RenderTarget_onWindow isn't coded because glFramebufferTexture2D doesn't work on default Framebuffer of OpenGL!

OpenGL4_Core::Show_RenderTarget_onWindow isn't coded because glFramebufferTexture2D doesn't work on default Framebuffer of OpenGL!

OpenGL4_Core::Show_RenderTarget_onWindow isn't coded because glFramebufferTexture2D doesn't work on default Framebuffer of OpenGL!

OpenGL4_Core::Show_RenderTarget_onWindow isn't coded because glFramebufferTexture2D doesn't work on default Framebuffer of OpenGL!

OpenGL4_Core::Show_RenderTarget_onWindow isn't coded because glFramebufferTexture2D doesn't work on default Framebuffer of OpenGL!

OpenGL4_Core::Show_RenderTarget_onWindow isn't coded because glFramebufferTexture2D doesn't work on default Framebuffer of OpenGL!

OpenGL4_Core::Show_RenderTarget_onWindow isn't coded because glFramebufferTexture2D doesn't work on default Framebuffer of OpenGL!

OpenGL4_Core::Show_RenderTarget_onWindow isn't coded because glFramebufferTexture2D doesn't work on default Framebuffer of OpenGL!

OpenGL4_Core::Show_RenderTarget_onWindow isn't coded because glFramebufferTexture2D doesn't work on default Framebuffer of OpenGL!

OpenGL4_Core::Show_RenderTarget_onWindow isn't coded because glFramebufferTexture2D doesn't work on default Framebuffer of OpenGL!

OpenGL4_Core::Show_RenderTarget_onWindow isn't coded because glFramebufferTexture2D doesn't work on default Framebuffer of OpenGL!

OpenGL4_Core::Show_RenderTarget_onWindow isn't coded because glFramebufferTexture2D doesn't work on default Framebuffer of OpenGL!

OpenGL4_Core::Show_RenderTarget_onWindow isn't coded because glFramebufferTexture2D doesn't work on default Framebuffer of OpenGL!

OpenGL4_Core::Show_RenderTarget_onWindow isn't coded because glFramebufferTexture2D doesn't work on default Framebuffer of OpenGL!

OpenGL4_Core::Show_RenderTarget_onWindow isn't coded because glFramebufferTexture2D doesn't work on default Framebuffer of OpenGL!

OpenGL4_Core::Show_RenderTarget_onWindow isn't coded because glFramebufferTexture2D doesn't work on default Framebuffer of OpenGL!

OpenGL4_Core::Show_RenderTarget_onWindow isn't coded because glFramebufferTexture2D doesn't work on default Framebuffer of OpenGL!

OpenGL4_Core::Show_RenderTarget_onWindow isn't coded because glFramebufferTexture2D doesn't work on default Framebuffer of OpenGL!

OpenGL4_Core::Show_RenderTarget_onWindow isn't coded because glFramebufferTexture2D doesn't work on default Framebuffer of OpenGL!

OpenGL4_Core::Show_RenderTarget_onWindow isn't coded because glFramebufferTexture2D doesn't work on default Framebuffer of OpenGL!

OpenGL4_Core::Show_RenderTarget_onWindow isn't coded because glFramebufferTexture2D doesn't work on default Framebuffer of OpenGL!

OpenGL4_Core::Show_RenderTarget_onWindow isn't coded because glFramebufferTexture2D doesn't work on default Framebuffer of OpenGL!

OpenGL4_Core::Show_RenderTarget_onWindow isn't coded because glFramebufferTexture2D doesn't work on default Framebuffer of OpenGL!

OpenGL4_Core::Show_RenderTarget_onWindow isn't coded because glFramebufferTexture2D doesn't work on default Framebuffer of OpenGL!

OpenGL4_Core::Show_RenderTarget_onWindow isn't coded because glFramebufferTexture2D doesn't work on default Framebuffer of OpenGL!

OpenGL4_Core::Show_RenderTarget_onWindow isn't coded because glFramebufferTexture2D doesn't work on default Framebuffer of OpenGL!

OpenGL4_Core::Show_RenderTarget_onWindow isn't coded because glFramebufferTexture2D doesn't work on default Framebuffer of OpenGL!

OpenGL4_Core::Show_RenderTarget_onWindow isn't coded because glFramebufferTexture2D doesn't work on default Framebuffer of OpenGL!

OpenGL4_Core::Show_RenderTarget_onWindow isn't coded because glFramebufferTexture2D doesn't work on default Framebuffer of OpenGL!

OpenGL4_Core::Show_RenderTarget_onWindow isn't coded because glFramebufferTexture2D doesn't work on default Framebuffer of OpenGL!

OpenGL4_Core::Show_RenderTarget_onWindow isn't coded because glFramebufferTexture2D doesn't work on default Framebuffer of OpenGL!

OpenGL4_Core::Show_RenderTarget_onWindow isn't coded because glFramebufferTexture2D doesn't work on default Framebuffer of OpenGL!

OpenGL4_Core::Show_RenderTarget_onWindow isn't coded because glFramebufferTexture2D doesn't work on default Framebuffer of OpenGL!

OpenGL4_Core::Show_RenderTarget_onWindow isn't coded because glFramebufferTexture2D doesn't work on default Framebuffer of OpenGL!

OpenGL4_Core::Show_RenderTarget_onWindow isn't coded because glFramebufferTexture2D doesn't work on default Framebuffer of OpenGL!

OpenGL4_Core::Show_RenderTarget_onWindow isn't coded because glFramebufferTexture2D doesn't work on default Framebuffer of OpenGL!

OpenGL4_Core::Show_RenderTarget_onWindow isn't coded because glFramebufferTexture2D doesn't work on default Framebuffer of OpenGL!

OpenGL4_Core::Show_RenderTarget_onWindow isn't coded because glFramebufferTexture2D doesn't work on default Framebuffer of OpenGL!

OpenGL4_Core::Show_RenderTarget_onWindow isn't coded because glFramebufferTexture2D doesn't work on default Framebuffer of OpenGL!

OpenGL4_Core::Show_RenderTarget_onWindow isn't coded because glFramebufferTexture2D doesn't work on default Framebuffer of OpenGL!

OpenGL4_Core::Show_RenderTarget_onWindow isn't coded because glFramebufferTexture2D doesn't work on default Framebuffer of OpenGL!

OpenGL4_Core::Show_RenderTarget_onWindow isn't coded because glFramebufferTexture2D doesn't work on default Framebuffer of OpenGL!

OpenGL4_Core::Show_RenderTarget_onWindow isn't coded because glFramebufferTexture2D doesn't work on default Framebuffer of OpenGL!

OpenGL4_Core::Show_RenderTarget_onWindow isn't coded because glFramebufferTexture2D doesn't work on default Framebuffer of OpenGL!

OpenGL4_Core::Show_RenderTarget_onWindow isn't coded because glFramebufferTexture2D doesn't work on default Framebuffer of OpenGL!

OpenGL4_Core::Show_RenderTarget_onWindow isn't coded because glFramebufferTexture2D doesn't work on default Framebuffer of OpenGL!

OpenGL4_Core::Show_RenderTarget_onWindow isn't coded because glFramebufferTexture2D doesn't work on default Framebuffer of OpenGL!

OpenGL4_Core::Show_RenderTarget_onWindow isn't coded because glFramebufferTexture2D doesn't work on default Framebuffer of OpenGL!

OpenGL4_Core::Show_RenderTarget_onWindow isn't coded because glFramebufferTexture2D doesn't work on default Framebuffer of OpenGL!

OpenGL4_Core::Show_RenderTarget_onWindow isn't coded because glFramebufferTexture2D doesn't work on default Framebuffer of OpenGL!

OpenGL4_Core::Show_RenderTarget_onWindow isn't coded because glFramebufferTexture2D doesn't work on default Framebuffer of OpenGL!

OpenGL4_Core::Show_RenderTarget_onWindow isn't coded because glFramebufferTexture2D doesn't work on default Framebuffer of OpenGL!

OpenGL4_Core::Show_RenderTarget_onWindow isn't coded because glFramebufferTexture2D doesn't work on default Framebuffer of OpenGL!

OpenGL4_Core::Show_RenderTarget_onWindow isn't coded because glFramebufferTexture2D doesn't work on default Framebuffer of OpenGL!

OpenGL4_Core::Show_RenderTarget_onWindow isn't coded because glFramebufferTexture2D doesn't work on default Framebuffer of OpenGL!

OpenGL4_Core::Show_RenderTarget_onWindow isn't coded because glFramebufferTexture2D doesn't work on default Framebuffer of OpenGL!

OpenGL4_Core::Show_RenderTarget_onWindow isn't coded because glFramebufferTexture2D doesn't work on default Framebuffer of OpenGL!

OpenGL4_Core::Show_RenderTarget_onWindow isn't coded because glFramebufferTexture2D doesn't work on default Framebuffer of OpenGL!

OpenGL4_Core::Show_RenderTarget_onWindow isn't coded because glFramebufferTexture2D doesn't work on default Framebuffer of OpenGL!

OpenGL4_Core::Show_RenderTarget_onWindow isn't coded because glFramebufferTexture2D doesn't work on default Framebuffer of OpenGL!

OpenGL4_Core::Show_RenderTarget_onWindow isn't coded because glFramebufferTexture2D doesn't work on default Framebuffer of OpenGL!

OpenGL4_Core::Show_RenderTarget_onWindow isn't coded because glFramebufferTexture2D doesn't work on default Framebuffer of OpenGL!

OpenGL4_Core::Show_RenderTarget_onWindow isn't coded because glFramebufferTexture2D doesn't work on default Framebuffer of OpenGL!

OpenGL4_Core::Show_RenderTarget_onWindow isn't coded because glFramebufferTexture2D doesn't work on default Framebuffer of OpenGL!

OpenGL4_Core::Show_RenderTarget_onWindow isn't coded because glFramebufferTexture2D doesn't work on default Framebuffer of OpenGL!

OpenGL4_Core::Show_RenderTarget_onWindow isn't coded because glFramebufferTexture2D doesn't work on default Framebuffer of OpenGL!

OpenGL4_Core::Show_RenderTarget_onWindow isn't coded because glFramebufferTexture2D doesn't work on default Framebuffer of OpenGL!

OpenGL4_Core::Show_RenderTarget_onWindow isn't coded because glFramebufferTexture2D doesn't work on default Framebuffer of OpenGL!

OpenGL4_Core::Show_RenderTarget_onWindow isn't coded because glFramebufferTexture2D doesn't work on default Framebuffer of OpenGL!

OpenGL4_Core::Show_RenderTarget_onWindow isn't coded because glFramebufferTexture2D doesn't work on default Framebuffer of OpenGL!

OpenGL4_Core::Show_RenderTarget_onWindow isn't coded because glFramebufferTexture2D doesn't work on default Framebuffer of OpenGL!

OpenGL4_Core::Show_RenderTarget_onWindow isn't coded because glFramebufferTexture2D doesn't work on default Framebuffer of OpenGL!

OpenGL4_Core::Show_RenderTarget_onWindow isn't coded because glFramebufferTexture2D doesn't work on default Framebuffer of OpenGL!

OpenGL4_Core::Show_RenderTarget_onWindow isn't coded because glFramebufferTexture2D doesn't work on default Framebuffer of OpenGL!

OpenGL4_Core::Show_RenderTarget_onWindow isn't coded because glFramebufferTexture2D doesn't work on default Framebuffer of OpenGL!

OpenGL4_Core::Show_RenderTarget_onWindow isn't coded because glFramebufferTexture2D doesn't work on default Framebuffer of OpenGL!

OpenGL4_Core::Show_RenderTarget_onWindow isn't coded because glFramebufferTexture2D doesn't work on default Framebuffer of OpenGL!

OpenGL4_Core::Show_RenderTarget_onWindow isn't coded because glFramebufferTexture2D doesn't work on default Framebuffer of OpenGL!

OpenGL4_Core::Show_RenderTarget_onWindow isn't coded because glFramebufferTexture2D doesn't work on default Framebuffer of OpenGL!

OpenGL4_Core::Show_RenderTarget_onWindow isn't coded because glFramebufferTexture2D doesn't work on default Framebuffer of OpenGL!

OpenGL4_Core::Show_RenderTarget_onWindow isn't coded because glFramebufferTexture2D doesn't work on default Framebuffer of OpenGL!

OpenGL4_Core::Show_RenderTarget_onWindow isn't coded because glFramebufferTexture2D doesn't work on default Framebuffer of OpenGL!

OpenGL4_Core::Show_RenderTarget_onWindow isn't coded because glFramebufferTexture2D doesn't work on default Framebuffer of OpenGL!

OpenGL4_Core::Show_RenderTarget_onWindow isn't coded because glFramebufferTexture2D doesn't work on default Framebuffer of OpenGL!

OpenGL4_Core::Show_RenderTarget_onWindow isn't coded because glFramebufferTexture2D doesn't work on default Framebuffer of OpenGL!

OpenGL4_Core::Show_RenderTarget_onWindow isn't coded because glFramebufferTexture2D doesn't work on default Framebuffer of OpenGL!

OpenGL4_Core::Show_RenderTarget_onWindow isn't coded because glFramebufferTexture2D doesn't work on default Framebuffer of OpenGL!

OpenGL4_Core::Show_RenderTarget_onWindow isn't coded because glFramebufferTexture2D doesn't work on default Framebuffer of OpenGL!

OpenGL4_Core::Show_RenderTarget_onWindow isn't coded because glFramebufferTexture2D doesn't work on default Framebuffer of OpenGL!

OpenGL4_Core::Show_RenderTarget_onWindow isn't coded because glFramebufferTexture2D doesn't work on default Framebuffer of OpenGL!

OpenGL4_Core::Show_RenderTarget_onWindow isn't coded because glFramebufferTexture2D doesn't work on default Framebuffer of OpenGL!

OpenGL4_Core::Show_RenderTarget_onWindow isn't coded because glFramebufferTexture2D doesn't work on default Framebuffer of OpenGL!

OpenGL4_Core::Show_RenderTarget_onWindow isn't coded because glFramebufferTexture2D doesn't work on default Framebuffer of OpenGL!

OpenGL4_Core::Show_RenderTarget_onWindow isn't coded because glFramebufferTexture2D doesn't work on default Framebuffer of OpenGL!

OpenGL4_Core::Show_RenderTarget_onWindow isn't coded because glFramebufferTexture2D doesn't work on default Framebuffer of OpenGL!

OpenGL4_Core::Show_RenderTarget_onWindow isn't coded because glFramebufferTexture2D doesn't work on default Framebuffer of OpenGL!

OpenGL4_Core::Show_RenderTarget_onWindow isn't coded because glFramebufferTexture2D doesn't work on default Framebuffer of OpenGL!

OpenGL4_Core::Show_RenderTarget_onWindow isn't coded because glFramebufferTexture2D doesn't work on default Framebuffer of OpenGL!

OpenGL4_Core::Show_RenderTarget_onWindow isn't coded because glFramebufferTexture2D doesn't work on default Framebuffer of OpenGL!

OpenGL4_Core::Show_RenderTarget_onWindow isn't coded because glFramebufferTexture2D doesn't work on default Framebuffer of OpenGL!

OpenGL4_Core::Show_RenderTarget_onWindow isn't coded because glFramebufferTexture2D doesn't work on default Framebuffer of OpenGL!

OpenGL4_Core::Show_RenderTarget_onWindow isn't coded because glFramebufferTexture2D doesn't work on default Framebuffer of OpenGL!

OpenGL4_Core::Show_RenderTarget_onWindow isn't coded because glFramebufferTexture2D doesn't work on default Framebuffer of OpenGL!

OpenGL4_Core::Show_RenderTarget_onWindow isn't coded because glFramebufferTexture2D doesn't work on default Framebuffer of OpenGL!

OpenGL4_Core::Show_RenderTarget_onWindow isn't coded because glFramebufferTexture2D doesn't work on default Framebuffer of OpenGL!

OpenGL4_Core::Show_RenderTarget_onWindow isn't coded because glFramebufferTexture2D doesn't work on default Framebuffer of OpenGL!

OpenGL4_Core::Show_RenderTarget_onWindow isn't coded because glFramebufferTexture2D doesn't work on default Framebuffer of OpenGL!

OpenGL4_Core::Show_RenderTarget_onWindow isn't coded because glFramebufferTexture2D doesn't work on default Framebuffer of OpenGL!

OpenGL4_Core::Show_RenderTarget_onWindow isn't coded because glFramebufferTexture2D doesn't work on default Framebuffer of OpenGL!

OpenGL4_Core::Show_RenderTarget_onWindow isn't coded because glFramebufferTexture2D doesn't work on default Framebuffer of OpenGL!

OpenGL4_Core::Show_RenderTarget_onWindow isn't coded because glFramebufferTexture2D doesn't work on default Framebuffer of OpenGL!

OpenGL4_Core::Show_RenderTarget_onWindow isn't coded because glFramebufferTexture2D doesn't work on default Framebuffer of OpenGL!

OpenGL4_Core::Show_RenderTarget_onWindow isn't coded because glFramebufferTexture2D doesn't work on default Framebuffer of OpenGL!

OpenGL4_Core::Show_RenderTarget_onWindow isn't coded because glFramebufferTexture2D doesn't work on default Framebuffer of OpenGL!

OpenGL4_Core::Show_RenderTarget_onWindow isn't coded because glFramebufferTexture2D doesn't work on default Framebuffer of OpenGL!

OpenGL4_Core::Show_RenderTarget_onWindow isn't coded because glFramebufferTexture2D doesn't work on default Framebuffer of OpenGL!

OpenGL4_Core::Show_RenderTarget_onWindow isn't coded because glFramebufferTexture2D doesn't work on default Framebuffer of OpenGL!

OpenGL4_Core::Show_RenderTarget_onWindow isn't coded because glFramebufferTexture2D doesn't work on default Framebuffer of OpenGL!

OpenGL4_Core::Show_RenderTarget_onWindow isn't coded because glFramebufferTexture2D doesn't work on default Framebuffer of OpenGL!

OpenGL4_Core::Show_RenderTarget_onWindow isn't coded because glFramebufferTexture2D doesn't work on default Framebuffer of OpenGL!

OpenGL4_Core::Show_RenderTarget_onWindow isn't coded because glFramebufferTexture2D doesn't work on default Framebuffer of OpenGL!

OpenGL4_Core::Show_RenderTarget_onWindow isn't coded because glFramebufferTexture2D doesn't work on default Framebuffer of OpenGL!

OpenGL4_Core::Show_RenderTarget_onWindow isn't coded because glFramebufferTexture2D doesn't work on default Framebuffer of OpenGL!

OpenGL4_Core::Show_RenderTarget_onWindow isn't coded because glFramebufferTexture2D doesn't work on default Framebuffer of OpenGL!

OpenGL4_Core::Show_RenderTarget_onWindow isn't coded because glFramebufferTexture2D doesn't work on default Framebuffer of OpenGL!

OpenGL4_Core::Show_RenderTarget_onWindow isn't coded because glFramebufferTexture2D doesn't work on default Framebuffer of OpenGL!

OpenGL4_Core::Show_RenderTarget_onWindow isn't coded because glFramebufferTexture2D doesn't work on default Framebuffer of OpenGL!

OpenGL4_Core::Show_RenderTarget_onWindow isn't coded because glFramebufferTexture2D doesn't work on default Framebuffer of OpenGL!

OpenGL4_Core::Show_RenderTarget_onWindow isn't coded because glFramebufferTexture2D doesn't work on default Framebuffer of OpenGL!

OpenGL4_Core::Show_RenderTarget_onWindow isn't coded because glFramebufferTexture2D doesn't work on default Framebuffer of OpenGL!

OpenGL4_Core::Show_RenderTarget_onWindow isn't coded because glFramebufferTexture2D doesn't work on default Framebuffer of OpenGL!

OpenGL4_Core::Show_RenderTarget_onWindow isn't coded because glFramebufferTexture2D doesn't work on default Framebuffer of OpenGL!

OpenGL4_Core::Show_RenderTarget_onWindow isn't coded because glFramebufferTexture2D doesn't work on default Framebuffer of OpenGL!

OpenGL4_Core::Show_RenderTarget_onWindow isn't coded because glFramebufferTexture2D doesn't work on default Framebuffer of OpenGL!

OpenGL4_Core::Show_RenderTarget_onWindow isn't coded because glFramebufferTexture2D doesn't work on default Framebuffer of OpenGL!

OpenGL4_Core::Show_RenderTarget_onWindow isn't coded because glFramebufferTexture2D doesn't work on default Framebuffer of OpenGL!

OpenGL4_Core::Show_RenderTarget_onWindow isn't coded because glFramebufferTexture2D doesn't work on default Framebuffer of OpenGL!

OpenGL4_Core::Show_RenderTarget_onWindow isn't coded because glFramebufferTexture2D doesn't work on default Framebuffer of OpenGL!

OpenGL4_Core::Show_RenderTarget_onWindow isn't coded because glFramebufferTexture2D doesn't work on default Framebuffer of OpenGL!

OpenGL4_Core::Show_RenderTarget_onWindow isn't coded because glFramebufferTexture2D doesn't work on default Framebuffer of OpenGL!

OpenGL4_Core::Show_RenderTarget_onWindow isn't coded because glFramebufferTexture2D doesn't work on default Framebuffer of OpenGL!

OpenGL4_Core::Show_RenderTarget_onWindow isn't coded because glFramebufferTexture2D doesn't work on default Framebuffer of OpenGL!

OpenGL4_Core::Show_RenderTarget_onWindow isn't coded because glFramebufferTexture2D doesn't work on default Framebuffer of OpenGL!

OpenGL4_Core::Show_RenderTarget_onWindow isn't coded because glFramebufferTexture2D doesn't work on default Framebuffer of OpenGL!

OpenGL4_Core::Show_RenderTarget_onWindow isn't coded because glFramebufferTexture2D doesn't work on default Framebuffer of OpenGL!

OpenGL4_Core::Show_RenderTarget_onWindow isn't coded because glFramebufferTexture2D doesn't work on default Framebuffer of OpenGL!

OpenGL4_Core::Show_RenderTarget_onWindow isn't coded because glFramebufferTexture2D doesn't work on default Framebuffer of OpenGL!

OpenGL4_Core::Show_RenderTarget_onWindow isn't coded because glFramebufferTexture2D doesn't work on default Framebuffer of OpenGL!

OpenGL4_Core::Show_RenderTarget_onWindow isn't coded because glFramebufferTexture2D doesn't work on default Framebuffer of OpenGL!

OpenGL4_Core::Show_RenderTarget_onWindow isn't coded because glFramebufferTexture2D doesn't work on default Framebuffer of OpenGL!

OpenGL4_Core::Show_RenderTarget_onWindow isn't coded because glFramebufferTexture2D doesn't work on default Framebuffer of OpenGL!

OpenGL4_Core::Show_RenderTarget_onWindow isn't coded because glFramebufferTexture2D doesn't work on default Framebuffer of OpenGL!

OpenGL4_Core::Show_RenderTarget_onWindow isn't coded because glFramebufferTexture2D doesn't work on default Framebuffer of OpenGL!

OpenGL4_Core::Show_RenderTarget_onWindow isn't coded because glFramebufferTexture2D doesn't work on default Framebuffer of OpenGL!

OpenGL4_Core::Show_RenderTarget_onWindow isn't coded because glFramebufferTexture2D doesn't work on default Framebuffer of OpenGL!

OpenGL4_Core::Show_RenderTarget_onWindow isn't coded because glFramebufferTexture2D doesn't work on default Framebuffer of OpenGL!

OpenGL4_Core::Show_RenderTarget_onWindow isn't coded because glFramebufferTexture2D doesn't work on default Framebuffer of OpenGL!

OpenGL4_Core::Show_RenderTarget_onWindow isn't coded because glFramebufferTexture2D doesn't work on default Framebuffer of OpenGL!

OpenGL4_Core::Show_RenderTarget_onWindow isn't coded because glFramebufferTexture2D doesn't work on default Framebuffer of OpenGL!

OpenGL4_Core::Show_RenderTarget_onWindow isn't coded because glFramebufferTexture2D doesn't work on default Framebuffer of OpenGL!

OpenGL4_Core::Show_RenderTarget_onWindow isn't coded because glFramebufferTexture2D doesn't work on default Framebuffer of OpenGL!

OpenGL4_Core::Show_RenderTarget_onWindow isn't coded because glFramebufferTexture2D doesn't work on default Framebuffer of OpenGL!

OpenGL4_Core::Show_RenderTarget_onWindow isn't coded because glFramebufferTexture2D doesn't work on default Framebuffer of OpenGL!

OpenGL4_Core::Show_RenderTarget_onWindow isn't coded because glFramebufferTexture2D doesn't work on default Framebuffer of OpenGL!

OpenGL4_Core::Show_RenderTarget_onWindow isn't coded because glFramebufferTexture2D doesn't work on default Framebuffer of OpenGL!

OpenGL4_Core::Show_RenderTarget_onWindow isn't coded because glFramebufferTexture2D doesn't work on default Framebuffer of OpenGL!

OpenGL4_Core::Show_RenderTarget_onWindow isn't coded because glFramebufferTexture2D doesn't work on default Framebuffer of OpenGL!

OpenGL4_Core::Show_RenderTarget_onWindow isn't coded because glFramebufferTexture2D doesn't work on default Framebuffer of OpenGL!

OpenGL4_Core::Show_RenderTarget_onWindow isn't coded because glFramebufferTexture2D doesn't work on default Framebuffer of OpenGL!

OpenGL4_Core::Show_RenderTarget_onWindow isn't coded because glFramebufferTexture2D doesn't work on default Framebuffer of OpenGL!

OpenGL4_Core::Show_RenderTarget_onWindow isn't coded because glFramebufferTexture2D doesn't work on default Framebuffer of OpenGL!

OpenGL4_Core::Show_RenderTarget_onWindow isn't coded because glFramebufferTexture2D doesn't work on default Framebuffer of OpenGL!

OpenGL4_Core::Show_RenderTarget_onWindow isn't coded because glFramebufferTexture2D doesn't work on default Framebuffer of OpenGL!

OpenGL4_Core::Show_RenderTarget_onWindow isn't coded because glFramebufferTexture2D doesn't work on default Framebuffer of OpenGL!

OpenGL4_Core::Show_RenderTarget_onWindow isn't coded because glFramebufferTexture2D doesn't work on default Framebuffer of OpenGL!

OpenGL4_Core::Show_RenderTarget_onWindow isn't coded because glFramebufferTexture2D doesn't work on default Framebuffer of OpenGL!

OpenGL4_Core::Show_RenderTarget_onWindow isn't coded because glFramebufferTexture2D doesn't work on default Framebuffer of OpenGL!

OpenGL4_Core::Show_RenderTarget_onWindow isn't coded because glFramebufferTexture2D doesn't work on default Framebuffer of OpenGL!

OpenGL4_Core::Show_RenderTarget_onWindow isn't coded because glFramebufferTexture2D doesn't work on default Framebuffer of OpenGL!

OpenGL4_Core::Show_RenderTarget_onWindow isn't coded because glFramebufferTexture2D doesn't work on default Framebuffer of OpenGL!

OpenGL4_Core::Show_RenderTarget_onWindow isn't coded because glFramebufferTexture2D doesn't work on default Framebuffer of OpenGL!

OpenGL4_Core::Show_RenderTarget_onWindow isn't coded because glFramebufferTexture2D doesn't work on default Framebuffer of OpenGL!

OpenGL4_Core::Show_RenderTarget_onWindow isn't coded because glFramebufferTexture2D doesn't work on default Framebuffer of OpenGL!

OpenGL4_Core::Show_RenderTarget_onWindow isn't coded because glFramebufferTexture2D doesn't work on default Framebuffer of OpenGL!

OpenGL4_Core::Show_RenderTarget_onWindow isn't coded because glFramebufferTexture2D doesn't work on default Framebuffer of OpenGL!

OpenGL4_Core::Show_RenderTarget_onWindow isn't coded because glFramebufferTexture2D doesn't work on default Framebuffer of OpenGL!

OpenGL4_Core::Show_RenderTarget_onWindow isn't coded because glFramebufferTexture2D doesn't work on default Framebuffer of OpenGL!

OpenGL4_Core::Show_RenderTarget_onWindow isn't coded because glFramebufferTexture2D doesn't work on default Framebuffer of OpenGL!

OpenGL4_Core::Show_RenderTarget_onWindow isn't coded because glFramebufferTexture2D doesn't work on default Framebuffer of OpenGL!

OpenGL4_Core::Show_RenderTarget_onWindow isn't coded because glFramebufferTexture2D doesn't work on default Framebuffer of OpenGL!

OpenGL4_Core::Show_RenderTarget_onWindow isn't coded because glFramebufferTexture2D doesn't work on default Framebuffer of OpenGL!

OpenGL4_Core::Show_RenderTarget_onWindow isn't coded because glFramebufferTexture2D doesn't work on default Framebuffer of OpenGL!

OpenGL4_Core::Show_RenderTarget_onWindow isn't coded because glFramebufferTexture2D doesn't work on default Framebuffer of OpenGL!

OpenGL4_Core::Show_RenderTarget_onWindow isn't coded because glFramebufferTexture2D doesn't work on default Framebuffer of OpenGL!

OpenGL4_Core::Show_RenderTarget_onWindow isn't coded because glFramebufferTexture2D doesn't work on default Framebuffer of OpenGL!

OpenGL4_Core::Show_RenderTarget_onWindow isn't coded because glFramebufferTexture2D doesn't work on default Framebuffer of OpenGL!

OpenGL4_Core::Show_RenderTarget_onWindow isn't coded because glFramebufferTexture2D doesn't work on default Framebuffer of OpenGL!

OpenGL4_Core::Show_RenderTarget_onWindow isn't coded because glFramebufferTexture2D doesn't work on default Framebuffer of OpenGL!

OpenGL4_Core::Show_RenderTarget_onWindow isn't coded because glFramebufferTexture2D doesn't work on default Framebuffer of OpenGL!

OpenGL4_Core::Show_RenderTarget_onWindow isn't coded because glFramebufferTexture2D doesn't work on default Framebuffer of OpenGL!

OpenGL4_Core::Show_RenderTarget_onWindow isn't coded because glFramebufferTexture2D doesn't work on default Framebuffer of OpenGL!

OpenGL4_Core::Show_RenderTarget_onWindow isn't coded because glFramebufferTexture2D doesn't work on default Framebuffer of OpenGL!

OpenGL4_Core::Show_RenderTarget_onWindow isn't coded because glFramebufferTexture2D doesn't work on default Framebuffer of OpenGL!

OpenGL4_Core::Show_RenderTarget_onWindow isn't coded because glFramebufferTexture2D doesn't work on default Framebuffer of OpenGL!

OpenGL4_Core::Show_RenderTarget_onWindow isn't coded because glFramebufferTexture2D doesn't work on default Framebuffer of OpenGL!

OpenGL4_Core::Show_RenderTarget_onWindow isn't coded because glFramebufferTexture2D doesn't work on default Framebuffer of OpenGL!

OpenGL4_Core::Show_RenderTarget_onWindow isn't coded because glFramebufferTexture2D doesn't work on default Framebuffer of OpenGL!

OpenGL4_Core::Show_RenderTarget_onWindow isn't coded because glFramebufferTexture2D doesn't work on default Framebuffer of OpenGL!

OpenGL4_Core::Show_RenderTarget_onWindow isn't coded because glFramebufferTexture2D doesn't work on default Framebuffer of OpenGL!

OpenGL4_Core::Show_RenderTarget_onWindow isn't coded because glFramebufferTexture2D doesn't work on default Framebuffer of OpenGL!

OpenGL4_Core::Show_RenderTarget_onWindow isn't coded because glFramebufferTexture2D doesn't work on default Framebuffer of OpenGL!

OpenGL4_Core::Show_RenderTarget_onWindow isn't coded because glFramebufferTexture2D doesn't work on default Framebuffer of OpenGL!

OpenGL4_Core::Show_RenderTarget_onWindow isn't coded because glFramebufferTexture2D doesn't work on default Framebuffer of OpenGL!

OpenGL4_Core::Show_RenderTarget_onWindow isn't coded because glFramebufferTexture2D doesn't work on default Framebuffer of OpenGL!

OpenGL4_Core::Show_RenderTarget_onWindow isn't coded because glFramebufferTexture2D doesn't work on default Framebuffer of OpenGL!

OpenGL4_Core::Show_RenderTarget_onWindow isn't coded because glFramebufferTexture2D doesn't work on default Framebuffer of OpenGL!

OpenGL4_Core::Show_RenderTarget_onWindow isn't coded because glFramebufferTexture2D doesn't work on default Framebuffer of OpenGL!

OpenGL4_Core::Show_RenderTarget_onWindow isn't coded because glFramebufferTexture2D doesn't work on default Framebuffer of OpenGL!

OpenGL4_Core::Show_RenderTarget_onWindow isn't coded because glFramebufferTexture2D doesn't work on default Framebuffer of OpenGL!

OpenGL4_Core::Show_RenderTarget_onWindow isn't coded because glFramebufferTexture2D doesn't work on default Framebuffer of OpenGL!

OpenGL4_Core::Show_RenderTarget_onWindow isn't coded because glFramebufferTexture2D doesn't work on default Framebuffer of OpenGL!

OpenGL4_Core::Show_RenderTarget_onWindow isn't coded because glFramebufferTexture2D doesn't work on default Framebuffer of OpenGL!

OpenGL4_Core::Show_RenderTarget_onWindow isn't coded because glFramebufferTexture2D doesn't work on default Framebuffer of OpenGL!

OpenGL4_Core::Show_RenderTarget_onWindow isn't coded because glFramebufferTexture2D doesn't work on default Framebuffer of OpenGL!

OpenGL4_Core::Show_RenderTarget_onWindow isn't coded because glFramebufferTexture2D doesn't work on default Framebuffer of OpenGL!

OpenGL4_Core::Show_RenderTarget_onWindow isn't coded because glFramebufferTexture2D doesn't work on default Framebuffer of OpenGL!

OpenGL4_Core::Show_RenderTarget_onWindow isn't coded because glFramebufferTexture2D doesn't work on default Framebuffer of OpenGL!

OpenGL4_Core::Show_RenderTarget_onWindow isn't coded because glFramebufferTexture2D doesn't work on default Framebuffer of OpenGL!

OpenGL4_Core::Show_RenderTarget_onWindow isn't coded because glFramebufferTexture2D doesn't work on default Framebuffer of OpenGL!

OpenGL4_Core::Show_RenderTarget_onWindow isn't coded because glFramebufferTexture2D doesn't work on default Framebuffer of OpenGL!

OpenGL4_Core::Show_RenderTarget_onWindow isn't coded because glFramebufferTexture2D doesn't work on default Framebuffer of OpenGL!

OpenGL4_Core::Show_RenderTarget_onWindow isn't coded because glFramebufferTexture2D doesn't work on default Framebuffer of OpenGL!

OpenGL4_Core::Show_RenderTarget_onWindow isn't coded because glFramebufferTexture2D doesn't work on default Framebuffer of OpenGL!

OpenGL4_Core::Show_RenderTarget_onWindow isn't coded because glFramebufferTexture2D doesn't work on default Framebuffer of OpenGL!

OpenGL4_Core::Show_RenderTarget_onWindow isn't coded because glFramebufferTexture2D doesn't work on default Framebuffer of OpenGL!

OpenGL4_Core::Show_RenderTarget_onWindow isn't coded because glFramebufferTexture2D doesn't work on default Framebuffer of OpenGL!

OpenGL4_Core::Show_RenderTarget_onWindow isn't coded because glFramebufferTexture2D doesn't work on default Framebuffer of OpenGL!

OpenGL4_Core::Show_RenderTarget_onWindow isn't coded because glFramebufferTexture2D doesn't work on default Framebuffer of OpenGL!

OpenGL4_Core::Show_RenderTarget_onWindow isn't coded because glFramebufferTexture2D doesn't work on default Framebuffer of OpenGL!

OpenGL4_Core::Show_RenderTarget_onWindow isn't coded because glFramebufferTexture2D doesn't work on default Framebuffer of OpenGL!

OpenGL4_Core::Show_RenderTarget_onWindow isn't coded because glFramebufferTexture2D doesn't work on default Framebuffer of OpenGL!

OpenGL4_Core::Show_RenderTarget_onWindow isn't coded because glFramebufferTexture2D doesn't work on default Framebuffer of OpenGL!

OpenGL4_Core::Show_RenderTarget_onWindow isn't coded because glFramebufferTexture2D doesn't work on default Framebuffer of OpenGL!

OpenGL4_Core::Show_RenderTarget_onWindow isn't coded because glFramebufferTexture2D doesn't work on default Framebuffer of OpenGL!

OpenGL4_Core::Show_RenderTarget_onWindow isn't coded because glFramebufferTexture2D doesn't work on default Framebuffer of OpenGL!

OpenGL4_Core::Show_RenderTarget_onWindow isn't coded because glFramebufferTexture2D doesn't work on default Framebuffer of OpenGL!

OpenGL4_Core::Show_RenderTarget_onWindow isn't coded because glFramebufferTexture2D doesn't work on default Framebuffer of OpenGL!

OpenGL4_Core::Show_RenderTarget_onWindow isn't coded because glFramebufferTexture2D doesn't work on default Framebuffer of OpenGL!

OpenGL4_Core::Show_RenderTarget_onWindow isn't coded because glFramebufferTexture2D doesn't work on default Framebuffer of OpenGL!

OpenGL4_Core::Show_RenderTarget_onWindow isn't coded because glFramebufferTexture2D doesn't work on default Framebuffer of OpenGL!

OpenGL4_Core::Show_RenderTarget_onWindow isn't coded because glFramebufferTexture2D doesn't work on default Framebuffer of OpenGL!

OpenGL4_Core::Show_RenderTarget_onWindow isn't coded because glFramebufferTexture2D doesn't work on default Framebuffer of OpenGL!

OpenGL4_Core::Show_RenderTarget_onWindow isn't coded because glFramebufferTexture2D doesn't work on default Framebuffer of OpenGL!

OpenGL4_Core::Show_RenderTarget_onWindow isn't coded because glFramebufferTexture2D doesn't work on default Framebuffer of OpenGL!

OpenGL4_Core::Show_RenderTarget_onWindow isn't coded because glFramebufferTexture2D doesn't work on default Framebuffer of OpenGL!

OpenGL4_Core::Show_RenderTarget_onWindow isn't coded because glFramebufferTexture2D doesn't work on default Framebuffer of OpenGL!

OpenGL4_Core::Show_RenderTarget_onWindow isn't coded because glFramebufferTexture2D doesn't work on default Framebuffer of OpenGL!

OpenGL4_Core::Show_RenderTarget_onWindow isn't coded because glFramebufferTexture2D doesn't work on default Framebuffer of OpenGL!

OpenGL4_Core::Show_RenderTarget_onWindow isn't coded because glFramebufferTexture2D doesn't work on default Framebuffer of OpenGL!

OpenGL4_Core::Show_RenderTarget_onWindow isn't coded because glFramebufferTexture2D doesn't work on default Framebuffer of OpenGL!

OpenGL4_Core::Show_RenderTarget_onWindow isn't coded because glFramebufferTexture2D doesn't work on default Framebuffer of OpenGL!

OpenGL4_Core::Show_RenderTarget_onWindow isn't coded because glFramebufferTexture2D doesn't work on default Framebuffer of OpenGL!

OpenGL4_Core::Show_RenderTarget_onWindow isn't coded because glFramebufferTexture2D doesn't work on default Framebuffer of OpenGL!

OpenGL4_Core::Show_RenderTarget_onWindow isn't coded because glFramebufferTexture2D doesn't work on default Framebuffer of OpenGL!

OpenGL4_Core::Show_RenderTarget_onWindow isn't coded because glFramebufferTexture2D doesn't work on default Framebuffer of OpenGL!

OpenGL4_Core::Show_RenderTarget_onWindow isn't coded because glFramebufferTexture2D doesn't work on default Framebuffer of OpenGL!

OpenGL4_Core::Show_RenderTarget_onWindow isn't coded because glFramebufferTexture2D doesn't work on default Framebuffer of OpenGL!

OpenGL4_Core::Show_RenderTarget_onWindow isn't coded because glFramebufferTexture2D doesn't work on default Framebuffer of OpenGL!

OpenGL4_Core::Show_RenderTarget_onWindow isn't coded because glFramebufferTexture2D doesn't work on default Framebuffer of OpenGL!

OpenGL4_Core::Show_RenderTarget_onWindow isn't coded because glFramebufferTexture2D doesn't work on default Framebuffer of OpenGL!

OpenGL4_Core::Show_RenderTarget_onWindow isn't coded because glFramebufferTexture2D doesn't work on default Framebuffer of OpenGL!

OpenGL4_Core::Show_RenderTarget_onWindow isn't coded because glFramebufferTexture2D doesn't work on default Framebuffer of OpenGL!

OpenGL4_Core::Show_RenderTarget_onWindow isn't coded because glFramebufferTexture2D doesn't work on default Framebuffer of OpenGL!

OpenGL4_Core::Show_RenderTarget_onWindow isn't coded because glFramebufferTexture2D doesn't work on default Framebuffer of OpenGL!

OpenGL4_Core::Show_RenderTarget_onWindow isn't coded because glFramebufferTexture2D doesn't work on default Framebuffer of OpenGL!

OpenGL4_Core::Show_RenderTarget_onWindow isn't coded because glFramebufferTexture2D doesn't work on default Framebuffer of OpenGL!

OpenGL4_Core::Show_RenderTarget_onWindow isn't coded because glFramebufferTexture2D doesn't work on default Framebuffer of OpenGL!

OpenGL4_Core::Show_RenderTarget_onWindow isn't coded because glFramebufferTexture2D doesn't work on default Framebuffer of OpenGL!

OpenGL4_Core::Show_RenderTarget_onWindow isn't coded because glFramebufferTexture2D doesn't work on default Framebuffer of OpenGL!

OpenGL4_Core::Show_RenderTarget_onWindow isn't coded because glFramebufferTexture2D doesn't work on default Framebuffer of OpenGL!

OpenGL4_Core::Show_RenderTarget_onWindow isn't coded because glFramebufferTexture2D doesn't work on default Framebuffer of OpenGL!

OpenGL4_Core::Show_RenderTarget_onWindow isn't coded because glFramebufferTexture2D doesn't work on default Framebuffer of OpenGL!

OpenGL4_Core::Show_RenderTarget_onWindow isn't coded because glFramebufferTexture2D doesn't work on default Framebuffer of OpenGL!

OpenGL4_Core::Show_RenderTarget_onWindow isn't coded because glFramebufferTexture2D doesn't work on default Framebuffer of OpenGL!

OpenGL4_Core::Show_RenderTarget_onWindow isn't coded because glFramebufferTexture2D doesn't work on default Framebuffer of OpenGL!

OpenGL4_Core::Show_RenderTarget_onWindow isn't coded because glFramebufferTexture2D doesn't work on default Framebuffer of OpenGL!

OpenGL4_Core::Show_RenderTarget_onWindow isn't coded because glFramebufferTexture2D doesn't work on default Framebuffer of OpenGL!

OpenGL4_Core::Show_RenderTarget_onWindow isn't coded because glFramebufferTexture2D doesn't work on default Framebuffer of OpenGL!

OpenGL4_Core::Show_RenderTarget_onWindow isn't coded because glFramebufferTexture2D doesn't work on default Framebuffer of OpenGL!

OpenGL4_Core::Show_RenderTarget_onWindow isn't coded because glFramebufferTexture2D doesn't work on default Framebuffer of OpenGL!

OpenGL4_Core::Show_RenderTarget_onWindow isn't coded because glFramebufferTexture2D doesn't work on default Framebuffer of OpenGL!

OpenGL4_Core::Show_RenderTarget_onWindow isn't coded because glFramebufferTexture2D doesn't work on default Framebuffer of OpenGL!

OpenGL4_Core::Show_RenderTarget_onWindow isn't coded because glFramebufferTexture2D doesn't work on default Framebuffer of OpenGL!

OpenGL4_Core::Show_RenderTarget_onWindow isn't coded because glFramebufferTexture2D doesn't work on default Framebuffer of OpenGL!

OpenGL4_Core::Show_RenderTarget_onWindow isn't coded because glFramebufferTexture2D doesn't work on default Framebuffer of OpenGL!

OpenGL4_Core::Show_RenderTarget_onWindow isn't coded because glFramebufferTexture2D doesn't work on default Framebuffer of OpenGL!

OpenGL4_Core::Show_RenderTarget_onWindow isn't coded because glFramebufferTexture2D doesn't work on default Framebuffer of OpenGL!

OpenGL4_Core::Show_RenderTarget_onWindow isn't coded because glFramebufferTexture2D doesn't work on default Framebuffer of OpenGL!

OpenGL4_Core::Show_RenderTarget_onWindow isn't coded because glFramebufferTexture2D doesn't work on default Framebuffer of OpenGL!

OpenGL4_Core::Show_RenderTarget_onWindow isn't coded because glFramebufferTexture2D doesn't work on default Framebuffer of OpenGL!

OpenGL4_Core::Show_RenderTarget_onWindow isn't coded because glFramebufferTexture2D doesn't work on default Framebuffer of OpenGL!

OpenGL4_Core::Show_RenderTarget_onWindow isn't coded because glFramebufferTexture2D doesn't work on default Framebuffer of OpenGL!

OpenGL4_Core::Show_RenderTarget_onWindow isn't coded because glFramebufferTexture2D doesn't work on default Framebuffer of OpenGL!

OpenGL4_Core::Show_RenderTarget_onWindow isn't coded because glFramebufferTexture2D doesn't work on default Framebuffer of OpenGL!

OpenGL4_Core::Show_RenderTarget_onWindow isn't coded because glFramebufferTexture2D doesn't work on default Framebuffer of OpenGL!

OpenGL4_Core::Show_RenderTarget_onWindow isn't coded because glFramebufferTexture2D doesn't work on default Framebuffer of OpenGL!

OpenGL4_Core::Show_RenderTarget_onWindow isn't coded because glFramebufferTexture2D doesn't work on default Framebuffer of OpenGL!

OpenGL4_Core::Show_RenderTarget_onWindow isn't coded because glFramebufferTexture2D doesn't work on default Framebuffer of OpenGL!

OpenGL4_Core::Show_RenderTarget_onWindow isn't coded because glFramebufferTexture2D doesn't work on default Framebuffer of OpenGL!

OpenGL4_Core::Show_RenderTarget_onWindow isn't coded because glFramebufferTexture2D doesn't work on default Framebuffer of OpenGL!

OpenGL4_Core::Show_RenderTarget_onWindow isn't coded because glFramebufferTexture2D doesn't work on default Framebuffer of OpenGL!

OpenGL4_Core::Show_RenderTarget_onWindow isn't coded because glFramebufferTexture2D doesn't work on default Framebuffer of OpenGL!

OpenGL4_Core::Show_RenderTarget_onWindow isn't coded because glFramebufferTexture2D doesn't work on default Framebuffer of OpenGL!

OpenGL4_Core::Show_RenderTarget_onWindow isn't coded because glFramebufferTexture2D doesn't work on default Framebuffer of OpenGL!

OpenGL4_Core::Show_RenderTarget_onWindow isn't coded because glFramebufferTexture2D doesn't work on default Framebuffer of OpenGL!

OpenGL4_Core::Show_RenderTarget_onWindow isn't coded because glFramebufferTexture2D doesn't work on default Framebuffer of OpenGL!

OpenGL4_Core::Show_RenderTarget_onWindow isn't coded because glFramebufferTexture2D doesn't work on default Framebuffer of OpenGL!

OpenGL4_Core::Show_RenderTarget_onWindow isn't coded because glFramebufferTexture2D doesn't work on default Framebuffer of OpenGL!

OpenGL4_Core::Show_RenderTarget_onWindow isn't coded because glFramebufferTexture2D doesn't work on default Framebuffer of OpenGL!

OpenGL4_Core::Show_RenderTarget_onWindow isn't coded because glFramebufferTexture2D doesn't work on default Framebuffer of OpenGL!

OpenGL4_Core::Show_RenderTarget_onWindow isn't coded because glFramebufferTexture2D doesn't work on default Framebuffer of OpenGL!

OpenGL4_Core::Show_RenderTarget_onWindow isn't coded because glFramebufferTexture2D doesn't work on default Framebuffer of OpenGL!

OpenGL4_Core::Show_RenderTarget_onWindow isn't coded because glFramebufferTexture2D doesn't work on default Framebuffer of OpenGL!

OpenGL4_Core::Show_RenderTarget_onWindow isn't coded because glFramebufferTexture2D doesn't work on default Framebuffer of OpenGL!

OpenGL4_Core::Show_RenderTarget_onWindow isn't coded because glFramebufferTexture2D doesn't work on default Framebuffer of OpenGL!

OpenGL4_Core::Show_RenderTarget_onWindow isn't coded because glFramebufferTexture2D doesn't work on default Framebuffer of OpenGL!

OpenGL4_Core::Show_RenderTarget_onWindow isn't coded because glFramebufferTexture2D doesn't work on default Framebuffer of OpenGL!

OpenGL4_Core::Show_RenderTarget_onWindow isn't coded because glFramebufferTexture2D doesn't work on default Framebuffer of OpenGL!

OpenGL4_Core::Show_RenderTarget_onWindow isn't coded because glFramebufferTexture2D doesn't work on default Framebuffer of OpenGL!

OpenGL4_Core::Show_RenderTarget_onWindow isn't coded because glFramebufferTexture2D doesn't work on default Framebuffer of OpenGL!

OpenGL4_Core::Show_RenderTarget_onWindow isn't coded because glFramebufferTexture2D doesn't work on default Framebuffer of OpenGL!

OpenGL4_Core::Show_RenderTarget_onWindow isn't coded because glFramebufferTexture2D doesn't work on default Framebuffer of OpenGL!

OpenGL4_Core::Show_RenderTarget_onWindow isn't coded because glFramebufferTexture2D doesn't work on default Framebuffer of OpenGL!

OpenGL4_Core::Show_RenderTarget_onWindow isn't coded because glFramebufferTexture2D doesn't work on default Framebuffer of OpenGL!

OpenGL4_Core::Show_RenderTarget_onWindow isn't coded because glFramebufferTexture2D doesn't work on default Framebuffer of OpenGL!

OpenGL4_Core::Show_RenderTarget_onWindow isn't coded because glFramebufferTexture2D doesn't work on default Framebuffer of OpenGL!

OpenGL4_Core::Show_RenderTarget_onWindow isn't coded because glFramebufferTexture2D doesn't work on default Framebuffer of OpenGL!

OpenGL4_Core::Show_RenderTarget_onWindow isn't coded because glFramebufferTexture2D doesn't work on default Framebuffer of OpenGL!

OpenGL4_Core::Show_RenderTarget_onWindow isn't coded because glFramebufferTexture2D doesn't work on default Framebuffer of OpenGL!

OpenGL4_Core::Show_RenderTarget_onWindow isn't coded because glFramebufferTexture2D doesn't work on default Framebuffer of OpenGL!

OpenGL4_Core::Show_RenderTarget_onWindow isn't coded because glFramebufferTexture2D doesn't work on default Framebuffer of OpenGL!

OpenGL4_Core::Show_RenderTarget_onWindow isn't coded because glFramebufferTexture2D doesn't work on default Framebuffer of OpenGL!

OpenGL4_Core::Show_RenderTarget_onWindow isn't coded because glFramebufferTexture2D doesn't work on default Framebuffer of OpenGL!

OpenGL4_Core::Show_RenderTarget_onWindow isn't coded because glFramebufferTexture2D doesn't work on default Framebuffer of OpenGL!

OpenGL4_Core::Show_RenderTarget_onWindow isn't coded because glFramebufferTexture2D doesn't work on default Framebuffer of OpenGL!

OpenGL4_Core::Show_RenderTarget_onWindow isn't coded because glFramebufferTexture2D doesn't work on default Framebuffer of OpenGL!

OpenGL4_Core::Show_RenderTarget_onWindow isn't coded because glFramebufferTexture2D doesn't work on default Framebuffer of OpenGL!

OpenGL4_Core::Show_RenderTarget_onWindow isn't coded because glFramebufferTexture2D doesn't work on default Framebuffer of OpenGL!

OpenGL4_Core::Show_RenderTarget_onWindow isn't coded because glFramebufferTexture2D doesn't work on default Framebuffer of OpenGL!

OpenGL4_Core::Show_RenderTarget_onWindow isn't coded because glFramebufferTexture2D doesn't work on default Framebuffer of OpenGL!

OpenGL4_Core::Show_RenderTarget_onWindow isn't coded because glFramebufferTexture2D doesn't work on default Framebuffer of OpenGL!

OpenGL4_Core::Show_RenderTarget_onWindow isn't coded because glFramebufferTexture2D doesn't work on default Framebuffer of OpenGL!

OpenGL4_Core::Show_RenderTarget_onWindow isn't coded because glFramebufferTexture2D doesn't work on default Framebuffer of OpenGL!

OpenGL4_Core::Show_RenderTarget_onWindow isn't coded because glFramebufferTexture2D doesn't work on default Framebuffer of OpenGL!

OpenGL4_Core::Show_RenderTarget_onWindow isn't coded because glFramebufferTexture2D doesn't work on default Framebuffer of OpenGL!

OpenGL4_Core::Show_RenderTarget_onWindow isn't coded because glFramebufferTexture2D doesn't work on default Framebuffer of OpenGL!

OpenGL4_Core::Show_RenderTarget_onWindow isn't coded because glFramebufferTexture2D doesn't work on default Framebuffer of OpenGL!

OpenGL4_Core::Show_RenderTarget_onWindow isn't coded because glFramebufferTexture2D doesn't work on default Framebuffer of OpenGL!

OpenGL4_Core::Show_RenderTarget_onWindow isn't coded because glFramebufferTexture2D doesn't work on default Framebuffer of OpenGL!

OpenGL4_Core::Show_RenderTarget_onWindow isn't coded because glFramebufferTexture2D doesn't work on default Framebuffer of OpenGL!

OpenGL4_Core::Show_RenderTarget_onWindow isn't coded because glFramebufferTexture2D doesn't work on default Framebuffer of OpenGL!

OpenGL4_Core::Show_RenderTarget_onWindow isn't coded because glFramebufferTexture2D doesn't work on default Framebuffer of OpenGL!

OpenGL4_Core::Show_RenderTarget_onWindow isn't coded because glFramebufferTexture2D doesn't work on default Framebuffer of OpenGL!

OpenGL4_Core::Show_RenderTarget_onWindow isn't coded because glFramebufferTexture2D doesn't work on default Framebuffer of OpenGL!

OpenGL4_Core::Show_RenderTarget_onWindow isn't coded because glFramebufferTexture2D doesn't work on default Framebuffer of OpenGL!

OpenGL4_Core::Show_RenderTarget_onWindow isn't coded because glFramebufferTexture2D doesn't work on default Framebuffer of OpenGL!

OpenGL4_Core::Show_RenderTarget_onWindow isn't coded because glFramebufferTexture2D doesn't work on default Framebuffer of OpenGL!

OpenGL4_Core::Show_RenderTarget_onWindow isn't coded because glFramebufferTexture2D doesn't work on default Framebuffer of OpenGL!

OpenGL4_Core::Show_RenderTarget_onWindow isn't coded because glFramebufferTexture2D doesn't work on default Framebuffer of OpenGL!

OpenGL4_Core::Show_RenderTarget_onWindow isn't coded because glFramebufferTexture2D doesn't work on default Framebuffer of OpenGL!

OpenGL4_Core::Show_RenderTarget_onWindow isn't coded because glFramebufferTexture2D doesn't work on default Framebuffer of OpenGL!

OpenGL4_Core::Show_RenderTarget_onWindow isn't coded because glFramebufferTexture2D doesn't work on default Framebuffer of OpenGL!

OpenGL4_Core::Show_RenderTarget_onWindow isn't coded because glFramebufferTexture2D doesn't work on default Framebuffer of OpenGL!

OpenGL4_Core::Show_RenderTarget_onWindow isn't coded because glFramebufferTexture2D doesn't work on default Framebuffer of OpenGL!

OpenGL4_Core::Show_RenderTarget_onWindow isn't coded because glFramebufferTexture2D doesn't work on default Framebuffer of OpenGL!

OpenGL4_Core::Show_RenderTarget_onWindow isn't coded because glFramebufferTexture2D doesn't work on default Framebuffer of OpenGL!

OpenGL4_Core::Show_RenderTarget_onWindow isn't coded because glFramebufferTexture2D doesn't work on default Framebuffer of OpenGL!

OpenGL4_Core::Show_RenderTarget_onWindow isn't coded because glFramebufferTexture2D doesn't work on default Framebuffer of OpenGL!

OpenGL4_Core::Show_RenderTarget_onWindow isn't coded because glFramebufferTexture2D doesn't work on default Framebuffer of OpenGL!

OpenGL4_Core::Show_RenderTarget_onWindow isn't coded because glFramebufferTexture2D doesn't work on default Framebuffer of OpenGL!

OpenGL4_Core::Show_RenderTarget_onWindow isn't coded because glFramebufferTexture2D doesn't work on default Framebuffer of OpenGL!

OpenGL4_Core::Show_RenderTarget_onWindow isn't coded because glFramebufferTexture2D doesn't work on default Framebuffer of OpenGL!

OpenGL4_Core::Show_RenderTarget_onWindow isn't coded because glFramebufferTexture2D doesn't work on default Framebuffer of OpenGL!

OpenGL4_Core::Show_RenderTarget_onWindow isn't coded because glFramebufferTexture2D doesn't work on default Framebuffer of OpenGL!

OpenGL4_Core::Show_RenderTarget_onWindow isn't coded because glFramebufferTexture2D doesn't work on default Framebuffer of OpenGL!

OpenGL4_Core::Show_RenderTarget_onWindow isn't coded because glFramebufferTexture2D doesn't work on default Framebuffer of OpenGL!

OpenGL4_Core::Show_RenderTarget_onWindow isn't coded because glFramebufferTexture2D doesn't work on default Framebuffer of OpenGL!

OpenGL4_Core::Show_RenderTarget_onWindow isn't coded because glFramebufferTexture2D doesn't work on default Framebuffer of OpenGL!

OpenGL4_Core::Show_RenderTarget_onWindow isn't coded because glFramebufferTexture2D doesn't work on default Framebuffer of OpenGL!

OpenGL4_Core::Show_RenderTarget_onWindow isn't coded because glFramebufferTexture2D doesn't work on default Framebuffer of OpenGL!

OpenGL4_Core::Show_RenderTarget_onWindow isn't coded because glFramebufferTexture2D doesn't work on default Framebuffer of OpenGL!

OpenGL4_Core::Show_RenderTarget_onWindow isn't coded because glFramebufferTexture2D doesn't work on default Framebuffer of OpenGL!

OpenGL4_Core::Show_RenderTarget_onWindow isn't coded because glFramebufferTexture2D doesn't work on default Framebuffer of OpenGL!

OpenGL4_Core::Show_RenderTarget_onWindow isn't coded because glFramebufferTexture2D doesn't work on default Framebuffer of OpenGL!

OpenGL4_Core::Show_RenderTarget_onWindow isn't coded because glFramebufferTexture2D doesn't work on default Framebuffer of OpenGL!

OpenGL4_Core::Show_RenderTarget_onWindow isn't coded because glFramebufferTexture2D doesn't work on default Framebuffer of OpenGL!

OpenGL4_Core::Show_RenderTarget_onWindow isn't coded because glFramebufferTexture2D doesn't work on default Framebuffer of OpenGL!

OpenGL4_Core::Show_RenderTarget_onWindow isn't coded because glFramebufferTexture2D doesn't work on default Framebuffer of OpenGL!

OpenGL4_Core::Show_RenderTarget_onWindow isn't coded because glFramebufferTexture2D doesn't work on default Framebuffer of OpenGL!

OpenGL4_Core::Show_RenderTarget_onWindow isn't coded because glFramebufferTexture2D doesn't work on default Framebuffer of OpenGL!

OpenGL4_Core::Show_RenderTarget_onWindow isn't coded because glFramebufferTexture2D doesn't work on default Framebuffer of OpenGL!

OpenGL4_Core::Show_RenderTarget_onWindow isn't coded because glFramebufferTexture2D doesn't work on default Framebuffer of OpenGL!

OpenGL4_Core::Show_RenderTarget_onWindow isn't coded because glFramebufferTexture2D doesn't work on default Framebuffer of OpenGL!

OpenGL4_Core::Show_RenderTarget_onWindow isn't coded because glFramebufferTexture2D doesn't work on default Framebuffer of OpenGL!

OpenGL4_Core::Show_RenderTarget_onWindow isn't coded because glFramebufferTexture2D doesn't work on default Framebuffer of OpenGL!

OpenGL4_Core::Show_RenderTarget_onWindow isn't coded because glFramebufferTexture2D doesn't work on default Framebuffer of OpenGL!

OpenGL4_Core::Show_RenderTarget_onWindow isn't coded because glFramebufferTexture2D doesn't work on default Framebuffer of OpenGL!

OpenGL4_Core::Show_RenderTarget_onWindow isn't coded because glFramebufferTexture2D doesn't work on default Framebuffer of OpenGL!

OpenGL4_Core::Show_RenderTarget_onWindow isn't coded because glFramebufferTexture2D doesn't work on default Framebuffer of OpenGL!

OpenGL4_Core::Show_RenderTarget_onWindow isn't coded because glFramebufferTexture2D doesn't work on default Framebuffer of OpenGL!

OpenGL4_Core::Show_RenderTarget_onWindow isn't coded because glFramebufferTexture2D doesn't work on default Framebuffer of OpenGL!

OpenGL4_Core::Show_RenderTarget_onWindow isn't coded because glFramebufferTexture2D doesn't work on default Framebuffer of OpenGL!

OpenGL4_Core::Show_RenderTarget_onWindow isn't coded because glFramebufferTexture2D doesn't work on default Framebuffer of OpenGL!

OpenGL4_Core::Show_RenderTarget_onWindow isn't coded because glFramebufferTexture2D doesn't work on default Framebuffer of OpenGL!

OpenGL4_Core::Show_RenderTarget_onWindow isn't coded because glFramebufferTexture2D doesn't work on default Framebuffer of OpenGL!

OpenGL4_Core::Show_RenderTarget_onWindow isn't coded because glFramebufferTexture2D doesn't work on default Framebuffer of OpenGL!

OpenGL4_Core::Show_RenderTarget_onWindow isn't coded because glFramebufferTexture2D doesn't work on default Framebuffer of OpenGL!

OpenGL4_Core::Show_RenderTarget_onWindow isn't coded because glFramebufferTexture2D doesn't work on default Framebuffer of OpenGL!

OpenGL4_Core::Show_RenderTarget_onWindow isn't coded because glFramebufferTexture2D doesn't work on default Framebuffer of OpenGL!

OpenGL4_Core::Show_RenderTarget_onWindow isn't coded because glFramebufferTexture2D doesn't work on default Framebuffer of OpenGL!

OpenGL4_Core::Show_RenderTarget_onWindow isn't coded because glFramebufferTexture2D doesn't work on default Framebuffer of OpenGL!

OpenGL4_Core::Show_RenderTarget_onWindow isn't coded because glFramebufferTexture2D doesn't work on default Framebuffer of OpenGL!

OpenGL4_Core::Show_RenderTarget_onWindow isn't coded because glFramebufferTexture2D doesn't work on default Framebuffer of OpenGL!

OpenGL4_Core::Show_RenderTarget_onWindow isn't coded because glFramebufferTexture2D doesn't work on default Framebuffer of OpenGL!

OpenGL4_Core::Show_RenderTarget_onWindow isn't coded because glFramebufferTexture2D doesn't work on default Framebuffer of OpenGL!

OpenGL4_Core::Show_RenderTarget_onWindow isn't coded because glFramebufferTexture2D doesn't work on default Framebuffer of OpenGL!

OpenGL4_Core::Show_RenderTarget_onWindow isn't coded because glFramebufferTexture2D doesn't work on default Framebuffer of OpenGL!

OpenGL4_Core::Show_RenderTarget_onWindow isn't coded because glFramebufferTexture2D doesn't work on default Framebuffer of OpenGL!

OpenGL4_Core::Show_RenderTarget_onWindow isn't coded because glFramebufferTexture2D doesn't work on default Framebuffer of OpenGL!

OpenGL4_Core::Show_RenderTarget_onWindow isn't coded because glFramebufferTexture2D doesn't work on default Framebuffer of OpenGL!

OpenGL4_Core::Show_RenderTarget_onWindow isn't coded because glFramebufferTexture2D doesn't work on default Framebuffer of OpenGL!

OpenGL4_Core::Show_RenderTarget_onWindow isn't coded because glFramebufferTexture2D doesn't work on default Framebuffer of OpenGL!

OpenGL4_Core::Show_RenderTarget_onWindow isn't coded because glFramebufferTexture2D doesn't work on default Framebuffer of OpenGL!

OpenGL4_Core::Show_RenderTarget_onWindow isn't coded because glFramebufferTexture2D doesn't work on default Framebuffer of OpenGL!

OpenGL4_Core::Show_RenderTarget_onWindow isn't coded because glFramebufferTexture2D doesn't work on default Framebuffer of OpenGL!

OpenGL4_Core::Show_RenderTarget_onWindow isn't coded because glFramebufferTexture2D doesn't work on default Framebuffer of OpenGL!

OpenGL4_Core::Show_RenderTarget_onWindow isn't coded because glFramebufferTexture2D doesn't work on default Framebuffer of OpenGL!

OpenGL4_Core::Show_RenderTarget_onWindow isn't coded because glFramebufferTexture2D doesn't work on default Framebuffer of OpenGL!

OpenGL4_Core::Show_RenderTarget_onWindow isn't coded because glFramebufferTexture2D doesn't work on default Framebuffer of OpenGL!

OpenGL4_Core::Show_RenderTarget_onWindow isn't coded because glFramebufferTexture2D doesn't work on default Framebuffer of OpenGL!

OpenGL4_Core::Show_RenderTarget_onWindow isn't coded because glFramebufferTexture2D doesn't work on default Framebuffer of OpenGL!

OpenGL4_Core::Show_RenderTarget_onWindow isn't coded because glFramebufferTexture2D doesn't work on default Framebuffer of OpenGL!

OpenGL4_Core::Show_RenderTarget_onWindow isn't coded because glFramebufferTexture2D doesn't work on default Framebuffer of OpenGL!

OpenGL4_Core::Show_RenderTarget_onWindow isn't coded because glFramebufferTexture2D doesn't work on default Framebuffer of OpenGL!

OpenGL4_Core::Show_RenderTarget_onWindow isn't coded because glFramebufferTexture2D doesn't work on default Framebuffer of OpenGL!

OpenGL4_Core::Show_RenderTarget_onWindow isn't coded because glFramebufferTexture2D doesn't work on default Framebuffer of OpenGL!

OpenGL4_Core::Show_RenderTarget_onWindow isn't coded because glFramebufferTexture2D doesn't work on default Framebuffer of OpenGL!

OpenGL4_Core::Show_RenderTarget_onWindow isn't coded because glFramebufferTexture2D doesn't work on default Framebuffer of OpenGL!

OpenGL4_Core::Show_RenderTarget_onWindow isn't coded because glFramebufferTexture2D doesn't work on default Framebuffer of OpenGL!

OpenGL4_Core::Show_RenderTarget_onWindow isn't coded because glFramebufferTexture2D doesn't work on default Framebuffer of OpenGL!

OpenGL4_Core::Show_RenderTarget_onWindow isn't coded because glFramebufferTexture2D doesn't work on default Framebuffer of OpenGL!

OpenGL4_Core::Show_RenderTarget_onWindow isn't coded because glFramebufferTexture2D doesn't work on default Framebuffer of OpenGL!

OpenGL4_Core::Show_RenderTarget_onWindow isn't coded because glFramebufferTexture2D doesn't work on default Framebuffer of OpenGL!

OpenGL4_Core::Show_RenderTarget_onWindow isn't coded because glFramebufferTexture2D doesn't work on default Framebuffer of OpenGL!

OpenGL4_Core::Show_RenderTarget_onWindow isn't coded because glFramebufferTexture2D doesn't work on default Framebuffer of OpenGL!

OpenGL4_Core::Show_RenderTarget_onWindow isn't coded because glFramebufferTexture2D doesn't work on default Framebuffer of OpenGL!

OpenGL4_Core::Show_RenderTarget_onWindow isn't coded because glFramebufferTexture2D doesn't work on default Framebuffer of OpenGL!

OpenGL4_Core::Show_RenderTarget_onWindow isn't coded because glFramebufferTexture2D doesn't work on default Framebuffer of OpenGL!

OpenGL4_Core::Show_RenderTarget_onWindow isn't coded because glFramebufferTexture2D doesn't work on default Framebuffer of OpenGL!

OpenGL4_Core::Show_RenderTarget_onWindow isn't coded because glFramebufferTexture2D doesn't work on default Framebuffer of OpenGL!

OpenGL4_Core::Show_RenderTarget_onWindow isn't coded because glFramebufferTexture2D doesn't work on default Framebuffer of OpenGL!

OpenGL4_Core::Show_RenderTarget_onWindow isn't coded because glFramebufferTexture2D doesn't work on default Framebuffer of OpenGL!

OpenGL4_Core::Show_RenderTarget_onWindow isn't coded because glFramebufferTexture2D doesn't work on default Framebuffer of OpenGL!

OpenGL4_Core::Show_RenderTarget_onWindow isn't coded because glFramebufferTexture2D doesn't work on default Framebuffer of OpenGL!

OpenGL4_Core::Show_RenderTarget_onWindow isn't coded because glFramebufferTexture2D doesn't work on default Framebuffer of OpenGL!

OpenGL4_Core::Show_RenderTarget_onWindow isn't coded because glFramebufferTexture2D doesn't work on default Framebuffer of OpenGL!

OpenGL4_Core::Show_RenderTarget_onWindow isn't coded because glFramebufferTexture2D doesn't work on default Framebuffer of OpenGL!

OpenGL4_Core::Show_RenderTarget_onWindow isn't coded because glFramebufferTexture2D doesn't work on default Framebuffer of OpenGL!

OpenGL4_Core::Show_RenderTarget_onWindow isn't coded because glFramebufferTexture2D doesn't work on default Framebuffer of OpenGL!

OpenGL4_Core::Show_RenderTarget_onWindow isn't coded because glFramebufferTexture2D doesn't work on default Framebuffer of OpenGL!

OpenGL4_Core::Show_RenderTarget_onWindow isn't coded because glFramebufferTexture2D doesn't work on default Framebuffer of OpenGL!

OpenGL4_Core::Show_RenderTarget_onWindow isn't coded because glFramebufferTexture2D doesn't work on default Framebuffer of OpenGL!

OpenGL4_Core::Show_RenderTarget_onWindow isn't coded because glFramebufferTexture2D doesn't work on default Framebuffer of OpenGL!

OpenGL4_Core::Show_RenderTarget_onWindow isn't coded because glFramebufferTexture2D doesn't work on default Framebuffer of OpenGL!

OpenGL4_Core::Show_RenderTarget_onWindow isn't coded because glFramebufferTexture2D doesn't work on default Framebuffer of OpenGL!

OpenGL4_Core::Show_RenderTarget_onWindow isn't coded because glFramebufferTexture2D doesn't work on default Framebuffer of OpenGL!

OpenGL4_Core::Show_RenderTarget_onWindow isn't coded because glFramebufferTexture2D doesn't work on default Framebuffer of OpenGL!

OpenGL4_Core::Show_RenderTarget_onWindow isn't coded because glFramebufferTexture2D doesn't work on default Framebuffer of OpenGL!

OpenGL4_Core::Show_RenderTarget_onWindow isn't coded because glFramebufferTexture2D doesn't work on default Framebuffer of OpenGL!

OpenGL4_Core::Show_RenderTarget_onWindow isn't coded because glFramebufferTexture2D doesn't work on default Framebuffer of OpenGL!

OpenGL4_Core::Show_RenderTarget_onWindow isn't coded because glFramebufferTexture2D doesn't work on default Framebuffer of OpenGL!

OpenGL4_Core::Show_RenderTarget_onWindow isn't coded because glFramebufferTexture2D doesn't work on default Framebuffer of OpenGL!

OpenGL4_Core::Show_RenderTarget_onWindow isn't coded because glFramebufferTexture2D doesn't work on default Framebuffer of OpenGL!

OpenGL4_Core::Show_RenderTarget_onWindow isn't coded because glFramebufferTexture2D doesn't work on default Framebuffer of OpenGL!

OpenGL4_Core::Show_RenderTarget_onWindow isn't coded because glFramebufferTexture2D doesn't work on default Framebuffer of OpenGL!

OpenGL4_Core::Show_RenderTarget_onWindow isn't coded because glFramebufferTexture2D doesn't work on default Framebuffer of OpenGL!

OpenGL4_Core::Show_RenderTarget_onWindow isn't coded because glFramebufferTexture2D doesn't work on default Framebuffer of OpenGL!

OpenGL4_Core::Show_RenderTarget_onWindow isn't coded because glFramebufferTexture2D doesn't work on default Framebuffer of OpenGL!

OpenGL4_Core::Show_RenderTarget_onWindow isn't coded because glFramebufferTexture2D doesn't work on default Framebuffer of OpenGL!

OpenGL4_Core::Show_RenderTarget_onWindow isn't coded because glFramebufferTexture2D doesn't work on default Framebuffer of OpenGL!

OpenGL4_Core::Show_RenderTarget_onWindow isn't coded because glFramebufferTexture2D doesn't work on default Framebuffer of OpenGL!

OpenGL4_Core::Show_RenderTarget_onWindow isn't coded because glFramebufferTexture2D doesn't work on default Framebuffer of OpenGL!

OpenGL4_Core::Show_RenderTarget_onWindow isn't coded because glFramebufferTexture2D doesn't work on default Framebuffer of OpenGL!

OpenGL4_Core::Show_RenderTarget_onWindow isn't coded because glFramebufferTexture2D doesn't work on default Framebuffer of OpenGL!

OpenGL4_Core::Show_RenderTarget_onWindow isn't coded because glFramebufferTexture2D doesn't work on default Framebuffer of OpenGL!

OpenGL4_Core::Show_RenderTarget_onWindow isn't coded because glFramebufferTexture2D doesn't work on default Framebuffer of OpenGL!

OpenGL4_Core::Show_RenderTarget_onWindow isn't coded because glFramebufferTexture2D doesn't work on default Framebuffer of OpenGL!

OpenGL4_Core::Show_RenderTarget_onWindow isn't coded because glFramebufferTexture2D doesn't work on default Framebuffer of OpenGL!

OpenGL4_Core::Show_RenderTarget_onWindow isn't coded because glFramebufferTexture2D doesn't work on default Framebuffer of OpenGL!

OpenGL4_Core::Show_RenderTarget_onWindow isn't coded because glFramebufferTexture2D doesn't work on default Framebuffer of OpenGL!

OpenGL4_Core::Show_RenderTarget_onWindow isn't coded because glFramebufferTexture2D doesn't work on default Framebuffer of OpenGL!

OpenGL4_Core::Show_RenderTarget_onWindow isn't coded because glFramebufferTexture2D doesn't work on default Framebuffer of OpenGL!

OpenGL4_Core::Show_RenderTarget_onWindow isn't coded because glFramebufferTexture2D doesn't work on default Framebuffer of OpenGL!

OpenGL4_Core::Show_RenderTarget_onWindow isn't coded because glFramebufferTexture2D doesn't work on default Framebuffer of OpenGL!

OpenGL4_Core::Show_RenderTarget_onWindow isn't coded because glFramebufferTexture2D doesn't work on default Framebuffer of OpenGL!

OpenGL4_Core::Show_RenderTarget_onWindow isn't coded because glFramebufferTexture2D doesn't work on default Framebuffer of OpenGL!

OpenGL4_Core::Show_RenderTarget_onWindow isn't coded because glFramebufferTexture2D doesn't work on default Framebuffer of OpenGL!

OpenGL4_Core::Show_RenderTarget_onWindow isn't coded because glFramebufferTexture2D doesn't work on default Framebuffer of OpenGL!

OpenGL4_Core::Show_RenderTarget_onWindow isn't coded because glFramebufferTexture2D doesn't work on default Framebuffer of OpenGL!

OpenGL4_Core::Show_RenderTarget_onWindow isn't coded because glFramebufferTexture2D doesn't work on default Framebuffer of OpenGL!

OpenGL4_Core::Show_RenderTarget_onWindow isn't coded because glFramebufferTexture2D doesn't work on default Framebuffer of OpenGL!

OpenGL4_Core::Show_RenderTarget_onWindow isn't coded because glFramebufferTexture2D doesn't work on default Framebuffer of OpenGL!

OpenGL4_Core::Show_RenderTarget_onWindow isn't coded because glFramebufferTexture2D doesn't work on default Framebuffer of OpenGL!

OpenGL4_Core::Show_RenderTarget_onWindow isn't coded because glFramebufferTexture2D doesn't work on default Framebuffer of OpenGL!

OpenGL4_Core::Show_RenderTarget_onWindow isn't coded because glFramebufferTexture2D doesn't work on default Framebuffer of OpenGL!

OpenGL4_Core::Show_RenderTarget_onWindow isn't coded because glFramebufferTexture2D doesn't work on default Framebuffer of OpenGL!

OpenGL4_Core::Show_RenderTarget_onWindow isn't coded because glFramebufferTexture2D doesn't work on default Framebuffer of OpenGL!

OpenGL4_Core::Show_RenderTarget_onWindow isn't coded because glFramebufferTexture2D doesn't work on default Framebuffer of OpenGL!

OpenGL4_Core::Show_RenderTarget_onWindow isn't coded because glFramebufferTexture2D doesn't work on default Framebuffer of OpenGL!

OpenGL4_Core::Show_RenderTarget_onWindow isn't coded because glFramebufferTexture2D doesn't work on default Framebuffer of OpenGL!

OpenGL4_Core::Show_RenderTarget_onWindow isn't coded because glFramebufferTexture2D doesn't work on default Framebuffer of OpenGL!

OpenGL4_Core::Show_RenderTarget_onWindow isn't coded because glFramebufferTexture2D doesn't work on default Framebuffer of OpenGL!

OpenGL4_Core::Show_RenderTarget_onWindow isn't coded because glFramebufferTexture2D doesn't work on default Framebuffer of OpenGL!

OpenGL4_Core::Show_RenderTarget_onWindow isn't coded because glFramebufferTexture2D doesn't work on default Framebuffer of OpenGL!

OpenGL4_Core::Show_RenderTarget_onWindow isn't coded because glFramebufferTexture2D doesn't work on default Framebuffer of OpenGL!

OpenGL4_Core::Show_RenderTarget_onWindow isn't coded because glFramebufferTexture2D doesn't work on default Framebuffer of OpenGL!

OpenGL4_Core::Show_RenderTarget_onWindow isn't coded because glFramebufferTexture2D doesn't work on default Framebuffer of OpenGL!

OpenGL4_Core::Show_RenderTarget_onWindow isn't coded because glFramebufferTexture2D doesn't work on default Framebuffer of OpenGL!

OpenGL4_Core::Show_RenderTarget_onWindow isn't coded because glFramebufferTexture2D doesn't work on default Framebuffer of OpenGL!

OpenGL4_Core::Show_RenderTarget_onWindow isn't coded because glFramebufferTexture2D doesn't work on default Framebuffer of OpenGL!

OpenGL4_Core::Show_RenderTarget_onWindow isn't coded because glFramebufferTexture2D doesn't work on default Framebuffer of OpenGL!

OpenGL4_Core::Show_RenderTarget_onWindow isn't coded because glFramebufferTexture2D doesn't work on default Framebuffer of OpenGL!

OpenGL4_Core::Show_RenderTarget_onWindow isn't coded because glFramebufferTexture2D doesn't work on default Framebuffer of OpenGL!

OpenGL4_Core::Show_RenderTarget_onWindow isn't coded because glFramebufferTexture2D doesn't work on default Framebuffer of OpenGL!

OpenGL4_Core::Show_RenderTarget_onWindow isn't coded because glFramebufferTexture2D doesn't work on default Framebuffer of OpenGL!

OpenGL4_Core::Show_RenderTarget_onWindow isn't coded because glFramebufferTexture2D doesn't work on default Framebuffer of OpenGL!

OpenGL4_Core::Show_RenderTarget_onWindow isn't coded because glFramebufferTexture2D doesn't work on default Framebuffer of OpenGL!

OpenGL4_Core::Show_RenderTarget_onWindow isn't coded because glFramebufferTexture2D doesn't work on default Framebuffer of OpenGL!

OpenGL4_Core::Show_RenderTarget_onWindow isn't coded because glFramebufferTexture2D doesn't work on default Framebuffer of OpenGL!

OpenGL4_Core::Show_RenderTarget_onWindow isn't coded because glFramebufferTexture2D doesn't work on default Framebuffer of OpenGL!

OpenGL4_Core::Show_RenderTarget_onWindow isn't coded because glFramebufferTexture2D doesn't work on default Framebuffer of OpenGL!

OpenGL4_Core::Show_RenderTarget_onWindow isn't coded because glFramebufferTexture2D doesn't work on default Framebuffer of OpenGL!

OpenGL4_Core::Show_RenderTarget_onWindow isn't coded because glFramebufferTexture2D doesn't work on default Framebuffer of OpenGL!

OpenGL4_Core::Show_RenderTarget_onWindow isn't coded because glFramebufferTexture2D doesn't work on default Framebuffer of OpenGL!

OpenGL4_Core::Show_RenderTarget_onWindow isn't coded because glFramebufferTexture2D doesn't work on default Framebuffer of OpenGL!

OpenGL4_Core::Show_RenderTarget_onWindow isn't coded because glFramebufferTexture2D doesn't work on default Framebuffer of OpenGL!

OpenGL4_Core::Show_RenderTarget_onWindow isn't coded because glFramebufferTexture2D doesn't work on default Framebuffer of OpenGL!

OpenGL4_Core::Show_RenderTarget_onWindow isn't coded because glFramebufferTexture2D doesn't work on default Framebuffer of OpenGL!

OpenGL4_Core::Show_RenderTarget_onWindow isn't coded because glFramebufferTexture2D doesn't work on default Framebuffer of OpenGL!

OpenGL4_Core::Show_RenderTarget_onWindow isn't coded because glFramebufferTexture2D doesn't work on default Framebuffer of OpenGL!

OpenGL4_Core::Show_RenderTarget_onWindow isn't coded because glFramebufferTexture2D doesn't work on default Framebuffer of OpenGL!

OpenGL4_Core::Show_RenderTarget_onWindow isn't coded because glFramebufferTexture2D doesn't work on default Framebuffer of OpenGL!

OpenGL4_Core::Show_RenderTarget_onWindow isn't coded because glFramebufferTexture2D doesn't work on default Framebuffer of OpenGL!

OpenGL4_Core::Show_RenderTarget_onWindow isn't coded because glFramebufferTexture2D doesn't work on default Framebuffer of OpenGL!

OpenGL4_Core::Show_RenderTarget_onWindow isn't coded because glFramebufferTexture2D doesn't work on default Framebuffer of OpenGL!

OpenGL4_Core::Show_RenderTarget_onWindow isn't coded because glFramebufferTexture2D doesn't work on default Framebuffer of OpenGL!

OpenGL4_Core::Show_RenderTarget_onWindow isn't coded because glFramebufferTexture2D doesn't work on default Framebuffer of OpenGL!

OpenGL4_Core::Show_RenderTarget_onWindow isn't coded because glFramebufferTexture2D doesn't work on default Framebuffer of OpenGL!

OpenGL4_Core::Show_RenderTarget_onWindow isn't coded because glFramebufferTexture2D doesn't work on default Framebuffer of OpenGL!

OpenGL4_Core::Show_RenderTarget_onWindow isn't coded because glFramebufferTexture2D doesn't work on default Framebuffer of OpenGL!

OpenGL4_Core::Show_RenderTarget_onWindow isn't coded because glFramebufferTexture2D doesn't work on default Framebuffer of OpenGL!

OpenGL4_Core::Show_RenderTarget_onWindow isn't coded because glFramebufferTexture2D doesn't work on default Framebuffer of OpenGL!

OpenGL4_Core::Show_RenderTarget_onWindow isn't coded because glFramebufferTexture2D doesn't work on default Framebuffer of OpenGL!

OpenGL4_Core::Show_RenderTarget_onWindow isn't coded because glFramebufferTexture2D doesn't work on default Framebuffer of OpenGL!

OpenGL4_Core::Show_RenderTarget_onWindow isn't coded because glFramebufferTexture2D doesn't work on default Framebuffer of OpenGL!

OpenGL4_Core::Show_RenderTarget_onWindow isn't coded because glFramebufferTexture2D doesn't work on default Framebuffer of OpenGL!

OpenGL4_Core::Show_RenderTarget_onWindow isn't coded because glFramebufferTexture2D doesn't work on default Framebuffer of OpenGL!

OpenGL4_Core::Show_RenderTarget_onWindow isn't coded because glFramebufferTexture2D doesn't work on default Framebuffer of OpenGL!

OpenGL4_Core::Show_RenderTarget_onWindow isn't coded because glFramebufferTexture2D doesn't work on default Framebuffer of OpenGL!

OpenGL4_Core::Show_RenderTarget_onWindow isn't coded because glFramebufferTexture2D doesn't work on default Framebuffer of OpenGL!

OpenGL4_Core::Show_RenderTarget_onWindow isn't coded because glFramebufferTexture2D doesn't work on default Framebuffer of OpenGL!

OpenGL4_Core::Show_RenderTarget_onWindow isn't coded because glFramebufferTexture2D doesn't work on default Framebuffer of OpenGL!

OpenGL4_Core::Show_RenderTarget_onWindow isn't coded because glFramebufferTexture2D doesn't work on default Framebuffer of OpenGL!

OpenGL4_Core::Show_RenderTarget_onWindow isn't coded because glFramebufferTexture2D doesn't work on default Framebuffer of OpenGL!

OpenGL4_Core::Show_RenderTarget_onWindow isn't coded because glFramebufferTexture2D doesn't work on default Framebuffer of OpenGL!

OpenGL4_Core::Show_RenderTarget_onWindow isn't coded because glFramebufferTexture2D doesn't work on default Framebuffer of OpenGL!

OpenGL4_Core::Show_RenderTarget_onWindow isn't coded because glFramebufferTexture2D doesn't work on default Framebuffer of OpenGL!

OpenGL4_Core::Show_RenderTarget_onWindow isn't coded because glFramebufferTexture2D doesn't work on default Framebuffer of OpenGL!

OpenGL4_Core::Show_RenderTarget_onWindow isn't coded because glFramebufferTexture2D doesn't work on default Framebuffer of OpenGL!

OpenGL4_Core::Show_RenderTarget_onWindow isn't coded because glFramebufferTexture2D doesn't work on default Framebuffer of OpenGL!

OpenGL4_Core::Show_RenderTarget_onWindow isn't coded because glFramebufferTexture2D doesn't work on default Framebuffer of OpenGL!

OpenGL4_Core::Show_RenderTarget_onWindow isn't coded because glFramebufferTexture2D doesn't work on default Framebuffer of OpenGL!

OpenGL4_Core::Show_RenderTarget_onWindow isn't coded because glFramebufferTexture2D doesn't work on default Framebuffer of OpenGL!

OpenGL4_Core::Show_RenderTarget_onWindow isn't coded because glFramebufferTexture2D doesn't work on default Framebuffer of OpenGL!

OpenGL4_Core::Show_RenderTarget_onWindow isn't coded because glFramebufferTexture2D doesn't work on default Framebuffer of OpenGL!

OpenGL4_Core::Show_RenderTarget_onWindow isn't coded because glFramebufferTexture2D doesn't work on default Framebuffer of OpenGL!

OpenGL4_Core::Show_RenderTarget_onWindow isn't coded because glFramebufferTexture2D doesn't work on default Framebuffer of OpenGL!

OpenGL4_Core::Show_RenderTarget_onWindow isn't coded because glFramebufferTexture2D doesn't work on default Framebuffer of OpenGL!

OpenGL4_Core::Show_RenderTarget_onWindow isn't coded because glFramebufferTexture2D doesn't work on default Framebuffer of OpenGL!

OpenGL4_Core::Show_RenderTarget_onWindow isn't coded because glFramebufferTexture2D doesn't work on default Framebuffer of OpenGL!

OpenGL4_Core::Show_RenderTarget_onWindow isn't coded because glFramebufferTexture2D doesn't work on default Framebuffer of OpenGL!

OpenGL4_Core::Show_RenderTarget_onWindow isn't coded because glFramebufferTexture2D doesn't work on default Framebuffer of OpenGL!

OpenGL4_Core::Show_RenderTarget_onWindow isn't coded because glFramebufferTexture2D doesn't work on default Framebuffer of OpenGL!

OpenGL4_Core::Show_RenderTarget_onWindow isn't coded because glFramebufferTexture2D doesn't work on default Framebuffer of OpenGL!

OpenGL4_Core::Show_RenderTarget_onWindow isn't coded because glFramebufferTexture2D doesn't work on default Framebuffer of OpenGL!

OpenGL4_Core::Show_RenderTarget_onWindow isn't coded because glFramebufferTexture2D doesn't work on default Framebuffer of OpenGL!

OpenGL4_Core::Show_RenderTarget_onWindow isn't coded because glFramebufferTexture2D doesn't work on default Framebuffer of OpenGL!

OpenGL4_Core::Show_RenderTarget_onWindow isn't coded because glFramebufferTexture2D doesn't work on default Framebuffer of OpenGL!

OpenGL4_Core::Show_RenderTarget_onWindow isn't coded because glFramebufferTexture2D doesn't work on default Framebuffer of OpenGL!

OpenGL4_Core::Show_RenderTarget_onWindow isn't coded because glFramebufferTexture2D doesn't work on default Framebuffer of OpenGL!

OpenGL4_Core::Show_RenderTarget_onWindow isn't coded because glFramebufferTexture2D doesn't work on default Framebuffer of OpenGL!

OpenGL4_Core::Show_RenderTarget_onWindow isn't coded because glFramebufferTexture2D doesn't work on default Framebuffer of OpenGL!

OpenGL4_Core::Show_RenderTarget_onWindow isn't coded because glFramebufferTexture2D doesn't work on default Framebuffer of OpenGL!

OpenGL4_Core::Show_RenderTarget_onWindow isn't coded because glFramebufferTexture2D doesn't work on default Framebuffer of OpenGL!

OpenGL4_Core::Show_RenderTarget_onWindow isn't coded because glFramebufferTexture2D doesn't work on default Framebuffer of OpenGL!

OpenGL4_Core::Show_RenderTarget_onWindow isn't coded because glFramebufferTexture2D doesn't work on default Framebuffer of OpenGL!

OpenGL4_Core::Show_RenderTarget_onWindow isn't coded because glFramebufferTexture2D doesn't work on default Framebuffer of OpenGL!

OpenGL4_Core::Show_RenderTarget_onWindow isn't coded because glFramebufferTexture2D doesn't work on default Framebuffer of OpenGL!

OpenGL4_Core::Show_RenderTarget_onWindow isn't coded because glFramebufferTexture2D doesn't work on default Framebuffer of OpenGL!

OpenGL4_Core::Show_RenderTarget_onWindow isn't coded because glFramebufferTexture2D doesn't work on default Framebuffer of OpenGL!

OpenGL4_Core::Show_RenderTarget_onWindow isn't coded because glFramebufferTexture2D doesn't work on default Framebuffer of OpenGL!

OpenGL4_Core::Show_RenderTarget_onWindow isn't coded because glFramebufferTexture2D doesn't work on default Framebuffer of OpenGL!

OpenGL4_Core::Show_RenderTarget_onWindow isn't coded because glFramebufferTexture2D doesn't work on default Framebuffer of OpenGL!

OpenGL4_Core::Show_RenderTarget_onWindow isn't coded because glFramebufferTexture2D doesn't work on default Framebuffer of OpenGL!

OpenGL4_Core::Show_RenderTarget_onWindow isn't coded because glFramebufferTexture2D doesn't work on default Framebuffer of OpenGL!

OpenGL4_Core::Show_RenderTarget_onWindow isn't coded because glFramebufferTexture2D doesn't work on default Framebuffer of OpenGL!

OpenGL4_Core::Show_RenderTarget_onWindow isn't coded because glFramebufferTexture2D doesn't work on default Framebuffer of OpenGL!

OpenGL4_Core::Show_RenderTarget_onWindow isn't coded because glFramebufferTexture2D doesn't work on default Framebuffer of OpenGL!

OpenGL4_Core::Show_RenderTarget_onWindow isn't coded because glFramebufferTexture2D doesn't work on default Framebuffer of OpenGL!

OpenGL4_Core::Show_RenderTarget_onWindow isn't coded because glFramebufferTexture2D doesn't work on default Framebuffer of OpenGL!

OpenGL4_Core::Show_RenderTarget_onWindow isn't coded because glFramebufferTexture2D doesn't work on default Framebuffer of OpenGL!

OpenGL4_Core::Show_RenderTarget_onWindow isn't coded because glFramebufferTexture2D doesn't work on default Framebuffer of OpenGL!

OpenGL4_Core::Show_RenderTarget_onWindow isn't coded because glFramebufferTexture2D doesn't work on default Framebuffer of OpenGL!

OpenGL4_Core::Show_RenderTarget_onWindow isn't coded because glFramebufferTexture2D doesn't work on default Framebuffer of OpenGL!

OpenGL4_Core::Show_RenderTarget_onWindow isn't coded because glFramebufferTexture2D doesn't work on default Framebuffer of OpenGL!

OpenGL4_Core::Show_RenderTarget_onWindow isn't coded because glFramebufferTexture2D doesn't work on default Framebuffer of OpenGL!

OpenGL4_Core::Show_RenderTarget_onWindow isn't coded because glFramebufferTexture2D doesn't work on default Framebuffer of OpenGL!

OpenGL4_Core::Show_RenderTarget_onWindow isn't coded because glFramebufferTexture2D doesn't work on default Framebuffer of OpenGL!

OpenGL4_Core::Show_RenderTarget_onWindow isn't coded because glFramebufferTexture2D doesn't work on default Framebuffer of OpenGL!

OpenGL4_Core::Show_RenderTarget_onWindow isn't coded because glFramebufferTexture2D doesn't work on default Framebuffer of OpenGL!

OpenGL4_Core::Show_RenderTarget_onWindow isn't coded because glFramebufferTexture2D doesn't work on default Framebuffer of OpenGL!

OpenGL4_Core::Show_RenderTarget_onWindow isn't coded because glFramebufferTexture2D doesn't work on default Framebuffer of OpenGL!

OpenGL4_Core::Show_RenderTarget_onWindow isn't coded because glFramebufferTexture2D doesn't work on default Framebuffer of OpenGL!

OpenGL4_Core::Show_RenderTarget_onWindow isn't coded because glFramebufferTexture2D doesn't work on default Framebuffer of OpenGL!

OpenGL4_Core::Show_RenderTarget_onWindow isn't coded because glFramebufferTexture2D doesn't work on default Framebuffer of OpenGL!

OpenGL4_Core::Show_RenderTarget_onWindow isn't coded because glFramebufferTexture2D doesn't work on default Framebuffer of OpenGL!

OpenGL4_Core::Show_RenderTarget_onWindow isn't coded because glFramebufferTexture2D doesn't work on default Framebuffer of OpenGL!

OpenGL4_Core::Show_RenderTarget_onWindow isn't coded because glFramebufferTexture2D doesn't work on default Framebuffer of OpenGL!

OpenGL4_Core::Show_RenderTarget_onWindow isn't coded because glFramebufferTexture2D doesn't work on default Framebuffer of OpenGL!

OpenGL4_Core::Show_RenderTarget_onWindow isn't coded because glFramebufferTexture2D doesn't work on default Framebuffer of OpenGL!

OpenGL4_Core::Show_RenderTarget_onWindow isn't coded because glFramebufferTexture2D doesn't work on default Framebuffer of OpenGL!

OpenGL4_Core::Show_RenderTarget_onWindow isn't coded because glFramebufferTexture2D doesn't work on default Framebuffer of OpenGL!

OpenGL4_Core::Show_RenderTarget_onWindow isn't coded because glFramebufferTexture2D doesn't work on default Framebuffer of OpenGL!

OpenGL4_Core::Show_RenderTarget_onWindow isn't coded because glFramebufferTexture2D doesn't work on default Framebuffer of OpenGL!

OpenGL4_Core::Show_RenderTarget_onWindow isn't coded because glFramebufferTexture2D doesn't work on default Framebuffer of OpenGL!

OpenGL4_Core::Show_RenderTarget_onWindow isn't coded because glFramebufferTexture2D doesn't work on default Framebuffer of OpenGL!

OpenGL4_Core::Show_RenderTarget_onWindow isn't coded because glFramebufferTexture2D doesn't work on default Framebuffer of OpenGL!

OpenGL4_Core::Show_RenderTarget_onWindow isn't coded because glFramebufferTexture2D doesn't work on default Framebuffer of OpenGL!

OpenGL4_Core::Show_RenderTarget_onWindow isn't coded because glFramebufferTexture2D doesn't work on default Framebuffer of OpenGL!

OpenGL4_Core::Show_RenderTarget_onWindow isn't coded because glFramebufferTexture2D doesn't work on default Framebuffer of OpenGL!

OpenGL4_Core::Show_RenderTarget_onWindow isn't coded because glFramebufferTexture2D doesn't work on default Framebuffer of OpenGL!

OpenGL4_Core::Show_RenderTarget_onWindow isn't coded because glFramebufferTexture2D doesn't work on default Framebuffer of OpenGL!

OpenGL4_Core::Show_RenderTarget_onWindow isn't coded because glFramebufferTexture2D doesn't work on default Framebuffer of OpenGL!

OpenGL4_Core::Show_RenderTarget_onWindow isn't coded because glFramebufferTexture2D doesn't work on default Framebuffer of OpenGL!

OpenGL4_Core::Show_RenderTarget_onWindow isn't coded because glFramebufferTexture2D doesn't work on default Framebuffer of OpenGL!

OpenGL4_Core::Show_RenderTarget_onWindow isn't coded because glFramebufferTexture2D doesn't work on default Framebuffer of OpenGL!

OpenGL4_Core::Show_RenderTarget_onWindow isn't coded because glFramebufferTexture2D doesn't work on default Framebuffer of OpenGL!

OpenGL4_Core::Show_RenderTarget_onWindow isn't coded because glFramebufferTexture2D doesn't work on default Framebuffer of OpenGL!

OpenGL4_Core::Show_RenderTarget_onWindow isn't coded because glFramebufferTexture2D doesn't work on default Framebuffer of OpenGL!

OpenGL4_Core::Show_RenderTarget_onWindow isn't coded because glFramebufferTexture2D doesn't work on default Framebuffer of OpenGL!

OpenGL4_Core::Show_RenderTarget_onWindow isn't coded because glFramebufferTexture2D doesn't work on default Framebuffer of OpenGL!

OpenGL4_Core::Show_RenderTarget_onWindow isn't coded because glFramebufferTexture2D doesn't work on default Framebuffer of OpenGL!

OpenGL4_Core::Show_RenderTarget_onWindow isn't coded because glFramebufferTexture2D doesn't work on default Framebuffer of OpenGL!

OpenGL4_Core::Show_RenderTarget_onWindow isn't coded because glFramebufferTexture2D doesn't work on default Framebuffer of OpenGL!

OpenGL4_Core::Show_RenderTarget_onWindow isn't coded because glFramebufferTexture2D doesn't work on default Framebuffer of OpenGL!

OpenGL4_Core::Show_RenderTarget_onWindow isn't coded because glFramebufferTexture2D doesn't work on default Framebuffer of OpenGL!

OpenGL4_Core::Show_RenderTarget_onWindow isn't coded because glFramebufferTexture2D doesn't work on default Framebuffer of OpenGL!

OpenGL4_Core::Show_RenderTarget_onWindow isn't coded because glFramebufferTexture2D doesn't work on default Framebuffer of OpenGL!

OpenGL4_Core::Show_RenderTarget_onWindow isn't coded because glFramebufferTexture2D doesn't work on default Framebuffer of OpenGL!

OpenGL4_Core::Show_RenderTarget_onWindow isn't coded because glFramebufferTexture2D doesn't work on default Framebuffer of OpenGL!

OpenGL4_Core::Show_RenderTarget_onWindow isn't coded because glFramebufferTexture2D doesn't work on default Framebuffer of OpenGL!

OpenGL4_Core::Show_RenderTarget_onWindow isn't coded because glFramebufferTexture2D doesn't work on default Framebuffer of OpenGL!

OpenGL4_Core::Show_RenderTarget_onWindow isn't coded because glFramebufferTexture2D doesn't work on default Framebuffer of OpenGL!

OpenGL4_Core::Show_RenderTarget_onWindow isn't coded because glFramebufferTexture2D doesn't work on default Framebuffer of OpenGL!

OpenGL4_Core::Show_RenderTarget_onWindow isn't coded because glFramebufferTexture2D doesn't work on default Framebuffer of OpenGL!

OpenGL4_Core::Show_RenderTarget_onWindow isn't coded because glFramebufferTexture2D doesn't work on default Framebuffer of OpenGL!

OpenGL4_Core::Show_RenderTarget_onWindow isn't coded because glFramebufferTexture2D doesn't work on default Framebuffer of OpenGL!

OpenGL4_Core::Show_RenderTarget_onWindow isn't coded because glFramebufferTexture2D doesn't work on default Framebuffer of OpenGL!

OpenGL4_Core::Show_RenderTarget_onWindow isn't coded because glFramebufferTexture2D doesn't work on default Framebuffer of OpenGL!

OpenGL4_Core::Show_RenderTarget_onWindow isn't coded because glFramebufferTexture2D doesn't work on default Framebuffer of OpenGL!

OpenGL4_Core::Show_RenderTarget_onWindow isn't coded because glFramebufferTexture2D doesn't work on default Framebuffer of OpenGL!

OpenGL4_Core::Show_RenderTarget_onWindow isn't coded because glFramebufferTexture2D doesn't work on default Framebuffer of OpenGL!

OpenGL4_Core::Show_RenderTarget_onWindow isn't coded because glFramebufferTexture2D doesn't work on default Framebuffer of OpenGL!

OpenGL4_Core::Show_RenderTarget_onWindow isn't coded because glFramebufferTexture2D doesn't work on default Framebuffer of OpenGL!

OpenGL4_Core::Show_RenderTarget_onWindow isn't coded because glFramebufferTexture2D doesn't work on default Framebuffer of OpenGL!

OpenGL4_Core::Show_RenderTarget_onWindow isn't coded because glFramebufferTexture2D doesn't work on default Framebuffer of OpenGL!

OpenGL4_Core::Show_RenderTarget_onWindow isn't coded because glFramebufferTexture2D doesn't work on default Framebuffer of OpenGL!

OpenGL4_Core::Show_RenderTarget_onWindow isn't coded because glFramebufferTexture2D doesn't work on default Framebuffer of OpenGL!

OpenGL4_Core::Show_RenderTarget_onWindow isn't coded because glFramebufferTexture2D doesn't work on default Framebuffer of OpenGL!

OpenGL4_Core::Show_RenderTarget_onWindow isn't coded because glFramebufferTexture2D doesn't work on default Framebuffer of OpenGL!

OpenGL4_Core::Show_RenderTarget_onWindow isn't coded because glFramebufferTexture2D doesn't work on default Framebuffer of OpenGL!

OpenGL4_Core::Show_RenderTarget_onWindow isn't coded because glFramebufferTexture2D doesn't work on default Framebuffer of OpenGL!

OpenGL4_Core::Show_RenderTarget_onWindow isn't coded because glFramebufferTexture2D doesn't work on default Framebuffer of OpenGL!

OpenGL4_Core::Show_RenderTarget_onWindow isn't coded because glFramebufferTexture2D doesn't work on default Framebuffer of OpenGL!

OpenGL4_Core::Show_RenderTarget_onWindow isn't coded because glFramebufferTexture2D doesn't work on default Framebuffer of OpenGL!

OpenGL4_Core::Show_RenderTarget_onWindow isn't coded because glFramebufferTexture2D doesn't work on default Framebuffer of OpenGL!

OpenGL4_Core::Show_RenderTarget_onWindow isn't coded because glFramebufferTexture2D doesn't work on default Framebuffer of OpenGL!

OpenGL4_Core::Show_RenderTarget_onWindow isn't coded because glFramebufferTexture2D doesn't work on default Framebuffer of OpenGL!

OpenGL4_Core::Show_RenderTarget_onWindow isn't coded because glFramebufferTexture2D doesn't work on default Framebuffer of OpenGL!

OpenGL4_Core::Show_RenderTarget_onWindow isn't coded because glFramebufferTexture2D doesn't work on default Framebuffer of OpenGL!

OpenGL4_Core::Show_RenderTarget_onWindow isn't coded because glFramebufferTexture2D doesn't work on default Framebuffer of OpenGL!

OpenGL4_Core::Show_RenderTarget_onWindow isn't coded because glFramebufferTexture2D doesn't work on default Framebuffer of OpenGL!

OpenGL4_Core::Show_RenderTarget_onWindow isn't coded because glFramebufferTexture2D doesn't work on default Framebuffer of OpenGL!

OpenGL4_Core::Show_RenderTarget_onWindow isn't coded because glFramebufferTexture2D doesn't work on default Framebuffer of OpenGL!

OpenGL4_Core::Show_RenderTarget_onWindow isn't coded because glFramebufferTexture2D doesn't work on default Framebuffer of OpenGL!

OpenGL4_Core::Show_RenderTarget_onWindow isn't coded because glFramebufferTexture2D doesn't work on default Framebuffer of OpenGL!

OpenGL4_Core::Show_RenderTarget_onWindow isn't coded because glFramebufferTexture2D doesn't work on default Framebuffer of OpenGL!

OpenGL4_Core::Show_RenderTarget_onWindow isn't coded because glFramebufferTexture2D doesn't work on default Framebuffer of OpenGL!

OpenGL4_Core::Show_RenderTarget_onWindow isn't coded because glFramebufferTexture2D doesn't work on default Framebuffer of OpenGL!

OpenGL4_Core::Show_RenderTarget_onWindow isn't coded because glFramebufferTexture2D doesn't work on default Framebuffer of OpenGL!

OpenGL4_Core::Show_RenderTarget_onWindow isn't coded because glFramebufferTexture2D doesn't work on default Framebuffer of OpenGL!

OpenGL4_Core::Show_RenderTarget_onWindow isn't coded because glFramebufferTexture2D doesn't work on default Framebuffer of OpenGL!

OpenGL4_Core::Show_RenderTarget_onWindow isn't coded because glFramebufferTexture2D doesn't work on default Framebuffer of OpenGL!

OpenGL4_Core::Show_RenderTarget_onWindow isn't coded because glFramebufferTexture2D doesn't work on default Framebuffer of OpenGL!

OpenGL4_Core::Show_RenderTarget_onWindow isn't coded because glFramebufferTexture2D doesn't work on default Framebuffer of OpenGL!

OpenGL4_Core::Show_RenderTarget_onWindow isn't coded because glFramebufferTexture2D doesn't work on default Framebuffer of OpenGL!

OpenGL4_Core::Show_RenderTarget_onWindow isn't coded because glFramebufferTexture2D doesn't work on default Framebuffer of OpenGL!

OpenGL4_Core::Show_RenderTarget_onWindow isn't coded because glFramebufferTexture2D doesn't work on default Framebuffer of OpenGL!

OpenGL4_Core::Show_RenderTarget_onWindow isn't coded because glFramebufferTexture2D doesn't work on default Framebuffer of OpenGL!

OpenGL4_Core::Show_RenderTarget_onWindow isn't coded because glFramebufferTexture2D doesn't work on default Framebuffer of OpenGL!

OpenGL4_Core::Show_RenderTarget_onWindow isn't coded because glFramebufferTexture2D doesn't work on default Framebuffer of OpenGL!

OpenGL4_Core::Show_RenderTarget_onWindow isn't coded because glFramebufferTexture2D doesn't work on default Framebuffer of OpenGL!

OpenGL4_Core::Show_RenderTarget_onWindow isn't coded because glFramebufferTexture2D doesn't work on default Framebuffer of OpenGL!

OpenGL4_Core::Show_RenderTarget_onWindow isn't coded because glFramebufferTexture2D doesn't work on default Framebuffer of OpenGL!

OpenGL4_Core::Show_RenderTarget_onWindow isn't coded because glFramebufferTexture2D doesn't work on default Framebuffer of OpenGL!

OpenGL4_Core::Show_RenderTarget_onWindow isn't coded because glFramebufferTexture2D doesn't work on default Framebuffer of OpenGL!

OpenGL4_Core::Show_RenderTarget_onWindow isn't coded because glFramebufferTexture2D doesn't work on default Framebuffer of OpenGL!

OpenGL4_Core::Show_RenderTarget_onWindow isn't coded because glFramebufferTexture2D doesn't work on default Framebuffer of OpenGL!

OpenGL4_Core::Show_RenderTarget_onWindow isn't coded because glFramebufferTexture2D doesn't work on default Framebuffer of OpenGL!

OpenGL4_Core::Show_RenderTarget_onWindow isn't coded because glFramebufferTexture2D doesn't work on default Framebuffer of OpenGL!

OpenGL4_Core::Show_RenderTarget_onWindow isn't coded because glFramebufferTexture2D doesn't work on default Framebuffer of OpenGL!

OpenGL4_Core::Show_RenderTarget_onWindow isn't coded because glFramebufferTexture2D doesn't work on default Framebuffer of OpenGL!

OpenGL4_Core::Show_RenderTarget_onWindow isn't coded because glFramebufferTexture2D doesn't work on default Framebuffer of OpenGL!

OpenGL4_Core::Show_RenderTarget_onWindow isn't coded because glFramebufferTexture2D doesn't work on default Framebuffer of OpenGL!

OpenGL4_Core::Show_RenderTarget_onWindow isn't coded because glFramebufferTexture2D doesn't work on default Framebuffer of OpenGL!

OpenGL4_Core::Show_RenderTarget_onWindow isn't coded because glFramebufferTexture2D doesn't work on default Framebuffer of OpenGL!

OpenGL4_Core::Show_RenderTarget_onWindow isn't coded because glFramebufferTexture2D doesn't work on default Framebuffer of OpenGL!

OpenGL4_Core::Show_RenderTarget_onWindow isn't coded because glFramebufferTexture2D doesn't work on default Framebuffer of OpenGL!

OpenGL4_Core::Show_RenderTarget_onWindow isn't coded because glFramebufferTexture2D doesn't work on default Framebuffer of OpenGL!

OpenGL4_Core::Show_RenderTarget_onWindow isn't coded because glFramebufferTexture2D doesn't work on default Framebuffer of OpenGL!

OpenGL4_Core::Show_RenderTarget_onWindow isn't coded because glFramebufferTexture2D doesn't work on default Framebuffer of OpenGL!

OpenGL4_Core::Show_RenderTarget_onWindow isn't coded because glFramebufferTexture2D doesn't work on default Framebuffer of OpenGL!

OpenGL4_Core::Show_RenderTarget_onWindow isn't coded because glFramebufferTexture2D doesn't work on default Framebuffer of OpenGL!

OpenGL4_Core::Show_RenderTarget_onWindow isn't coded because glFramebufferTexture2D doesn't work on default Framebuffer of OpenGL!

OpenGL4_Core::Show_RenderTarget_onWindow isn't coded because glFramebufferTexture2D doesn't work on default Framebuffer of OpenGL!

OpenGL4_Core::Show_RenderTarget_onWindow isn't coded because glFramebufferTexture2D doesn't work on default Framebuffer of OpenGL!

OpenGL4_Core::Show_RenderTarget_onWindow isn't coded because glFramebufferTexture2D doesn't work on default Framebuffer of OpenGL!

OpenGL4_Core::Show_RenderTarget_onWindow isn't coded because glFramebufferTexture2D doesn't work on default Framebuffer of OpenGL!

OpenGL4_Core::Show_RenderTarget_onWindow isn't coded because glFramebufferTexture2D doesn't work on default Framebuffer of OpenGL!

OpenGL4_Core::Show_RenderTarget_onWindow isn't coded because glFramebufferTexture2D doesn't work on default Framebuffer of OpenGL!

OpenGL4_Core::Show_RenderTarget_onWindow isn't coded because glFramebufferTexture2D doesn't work on default Framebuffer of OpenGL!

OpenGL4_Core::Show_RenderTarget_onWindow isn't coded because glFramebufferTexture2D doesn't work on default Framebuffer of OpenGL!

OpenGL4_Core::Show_RenderTarget_onWindow isn't coded because glFramebufferTexture2D doesn't work on default Framebuffer of OpenGL!

OpenGL4_Core::Show_RenderTarget_onWindow isn't coded because glFramebufferTexture2D doesn't work on default Framebuffer of OpenGL!

OpenGL4_Core::Show_RenderTarget_onWindow isn't coded because glFramebufferTexture2D doesn't work on default Framebuffer of OpenGL!

OpenGL4_Core::Show_RenderTarget_onWindow isn't coded because glFramebufferTexture2D doesn't work on default Framebuffer of OpenGL!

OpenGL4_Core::Show_RenderTarget_onWindow isn't coded because glFramebufferTexture2D doesn't work on default Framebuffer of OpenGL!

OpenGL4_Core::Show_RenderTarget_onWindow isn't coded because glFramebufferTexture2D doesn't work on default Framebuffer of OpenGL!

OpenGL4_Core::Show_RenderTarget_onWindow isn't coded because glFramebufferTexture2D doesn't work on default Framebuffer of OpenGL!

OpenGL4_Core::Show_RenderTarget_onWindow isn't coded because glFramebufferTexture2D doesn't work on default Framebuffer of OpenGL!

OpenGL4_Core::Show_RenderTarget_onWindow isn't coded because glFramebufferTexture2D doesn't work on default Framebuffer of OpenGL!

OpenGL4_Core::Show_RenderTarget_onWindow isn't coded because glFramebufferTexture2D doesn't work on default Framebuffer of OpenGL!

OpenGL4_Core::Show_RenderTarget_onWindow isn't coded because glFramebufferTexture2D doesn't work on default Framebuffer of OpenGL!

OpenGL4_Core::Show_RenderTarget_onWindow isn't coded because glFramebufferTexture2D doesn't work on default Framebuffer of OpenGL!

OpenGL4_Core::Show_RenderTarget_onWindow isn't coded because glFramebufferTexture2D doesn't work on default Framebuffer of OpenGL!

OpenGL4_Core::Show_RenderTarget_onWindow isn't coded because glFramebufferTexture2D doesn't work on default Framebuffer of OpenGL!

OpenGL4_Core::Show_RenderTarget_onWindow isn't coded because glFramebufferTexture2D doesn't work on default Framebuffer of OpenGL!

OpenGL4_Core::Show_RenderTarget_onWindow isn't coded because glFramebufferTexture2D doesn't work on default Framebuffer of OpenGL!

OpenGL4_Core::Show_RenderTarget_onWindow isn't coded because glFramebufferTexture2D doesn't work on default Framebuffer of OpenGL!

OpenGL4_Core::Show_RenderTarget_onWindow isn't coded because glFramebufferTexture2D doesn't work on default Framebuffer of OpenGL!

OpenGL4_Core::Show_RenderTarget_onWindow isn't coded because glFramebufferTexture2D doesn't work on default Framebuffer of OpenGL!

OpenGL4_Core::Show_RenderTarget_onWindow isn't coded because glFramebufferTexture2D doesn't work on default Framebuffer of OpenGL!

OpenGL4_Core::Show_RenderTarget_onWindow isn't coded because glFramebufferTexture2D doesn't work on default Framebuffer of OpenGL!

OpenGL4_Core::Show_RenderTarget_onWindow isn't coded because glFramebufferTexture2D doesn't work on default Framebuffer of OpenGL!

OpenGL4_Core::Show_RenderTarget_onWindow isn't coded because glFramebufferTexture2D doesn't work on default Framebuffer of OpenGL!

OpenGL4_Core::Show_RenderTarget_onWindow isn't coded because glFramebufferTexture2D doesn't work on default Framebuffer of OpenGL!

OpenGL4_Core::Show_RenderTarget_onWindow isn't coded because glFramebufferTexture2D doesn't work on default Framebuffer of OpenGL!

OpenGL4_Core::Show_RenderTarget_onWindow isn't coded because glFramebufferTexture2D doesn't work on default Framebuffer of OpenGL!

OpenGL4_Core::Show_RenderTarget_onWindow isn't coded because glFramebufferTexture2D doesn't work on default Framebuffer of OpenGL!

OpenGL4_Core::Show_RenderTarget_onWindow isn't coded because glFramebufferTexture2D doesn't work on default Framebuffer of OpenGL!

OpenGL4_Core::Show_RenderTarget_onWindow isn't coded because glFramebufferTexture2D doesn't work on default Framebuffer of OpenGL!

OpenGL4_Core::Show_RenderTarget_onWindow isn't coded because glFramebufferTexture2D doesn't work on default Framebuffer of OpenGL!

OpenGL4_Core::Show_RenderTarget_onWindow isn't coded because glFramebufferTexture2D doesn't work on default Framebuffer of OpenGL!

OpenGL4_Core::Show_RenderTarget_onWindow isn't coded because glFramebufferTexture2D doesn't work on default Framebuffer of OpenGL!

OpenGL4_Core::Show_RenderTarget_onWindow isn't coded because glFramebufferTexture2D doesn't work on default Framebuffer of OpenGL!

OpenGL4_Core::Show_RenderTarget_onWindow isn't coded because glFramebufferTexture2D doesn't work on default Framebuffer of OpenGL!

OpenGL4_Core::Show_RenderTarget_onWindow isn't coded because glFramebufferTexture2D doesn't work on default Framebuffer of OpenGL!

OpenGL4_Core::Show_RenderTarget_onWindow isn't coded because glFramebufferTexture2D doesn't work on default Framebuffer of OpenGL!

OpenGL4_Core::Show_RenderTarget_onWindow isn't coded because glFramebufferTexture2D doesn't work on default Framebuffer of OpenGL!

OpenGL4_Core::Show_RenderTarget_onWindow isn't coded because glFramebufferTexture2D doesn't work on default Framebuffer of OpenGL!

OpenGL4_Core::Show_RenderTarget_onWindow isn't coded because glFramebufferTexture2D doesn't work on default Framebuffer of OpenGL!

OpenGL4_Core::Show_RenderTarget_onWindow isn't coded because glFramebufferTexture2D doesn't work on default Framebuffer of OpenGL!

OpenGL4_Core::Show_RenderTarget_onWindow isn't coded because glFramebufferTexture2D doesn't work on default Framebuffer of OpenGL!

OpenGL4_Core::Show_RenderTarget_onWindow isn't coded because glFramebufferTexture2D doesn't work on default Framebuffer of OpenGL!

OpenGL4_Core::Show_RenderTarget_onWindow isn't coded because glFramebufferTexture2D doesn't work on default Framebuffer of OpenGL!

OpenGL4_Core::Show_RenderTarget_onWindow isn't coded because glFramebufferTexture2D doesn't work on default Framebuffer of OpenGL!

OpenGL4_Core::Show_RenderTarget_onWindow isn't coded because glFramebufferTexture2D doesn't work on default Framebuffer of OpenGL!

OpenGL4_Core::Show_RenderTarget_onWindow isn't coded because glFramebufferTexture2D doesn't work on default Framebuffer of OpenGL!

OpenGL4_Core::Show_RenderTarget_onWindow isn't coded because glFramebufferTexture2D doesn't work on default Framebuffer of OpenGL!

OpenGL4_Core::Show_RenderTarget_onWindow isn't coded because glFramebufferTexture2D doesn't work on default Framebuffer of OpenGL!

OpenGL4_Core::Show_RenderTarget_onWindow isn't coded because glFramebufferTexture2D doesn't work on default Framebuffer of OpenGL!

OpenGL4_Core::Show_RenderTarget_onWindow isn't coded because glFramebufferTexture2D doesn't work on default Framebuffer of OpenGL!

OpenGL4_Core::Show_RenderTarget_onWindow isn't coded because glFramebufferTexture2D doesn't work on default Framebuffer of OpenGL!

OpenGL4_Core::Show_RenderTarget_onWindow isn't coded because glFramebufferTexture2D doesn't work on default Framebuffer of OpenGL!

OpenGL4_Core::Show_RenderTarget_onWindow isn't coded because glFramebufferTexture2D doesn't work on default Framebuffer of OpenGL!

OpenGL4_Core::Show_RenderTarget_onWindow isn't coded because glFramebufferTexture2D doesn't work on default Framebuffer of OpenGL!

OpenGL4_Core::Show_RenderTarget_onWindow isn't coded because glFramebufferTexture2D doesn't work on default Framebuffer of OpenGL!

OpenGL4_Core::Show_RenderTarget_onWindow isn't coded because glFramebufferTexture2D doesn't work on default Framebuffer of OpenGL!

OpenGL4_Core::Show_RenderTarget_onWindow isn't coded because glFramebufferTexture2D doesn't work on default Framebuffer of OpenGL!

OpenGL4_Core::Show_RenderTarget_onWindow isn't coded because glFramebufferTexture2D doesn't work on default Framebuffer of OpenGL!

OpenGL4_Core::Show_RenderTarget_onWindow isn't coded because glFramebufferTexture2D doesn't work on default Framebuffer of OpenGL!

OpenGL4_Core::Show_RenderTarget_onWindow isn't coded because glFramebufferTexture2D doesn't work on default Framebuffer of OpenGL!

OpenGL4_Core::Show_RenderTarget_onWindow isn't coded because glFramebufferTexture2D doesn't work on default Framebuffer of OpenGL!

OpenGL4_Core::Show_RenderTarget_onWindow isn't coded because glFramebufferTexture2D doesn't work on default Framebuffer of OpenGL!

OpenGL4_Core::Show_RenderTarget_onWindow isn't coded because glFramebufferTexture2D doesn't work on default Framebuffer of OpenGL!

OpenGL4_Core::Show_RenderTarget_onWindow isn't coded because glFramebufferTexture2D doesn't work on default Framebuffer of OpenGL!

OpenGL4_Core::Show_RenderTarget_onWindow isn't coded because glFramebufferTexture2D doesn't work on default Framebuffer of OpenGL!

OpenGL4_Core::Show_RenderTarget_onWindow isn't coded because glFramebufferTexture2D doesn't work on default Framebuffer of OpenGL!

OpenGL4_Core::Show_RenderTarget_onWindow isn't coded because glFramebufferTexture2D doesn't work on default Framebuffer of OpenGL!

OpenGL4_Core::Show_RenderTarget_onWindow isn't coded because glFramebufferTexture2D doesn't work on default Framebuffer of OpenGL!

OpenGL4_Core::Show_RenderTarget_onWindow isn't coded because glFramebufferTexture2D doesn't work on default Framebuffer of OpenGL!

OpenGL4_Core::Show_RenderTarget_onWindow isn't coded because glFramebufferTexture2D doesn't work on default Framebuffer of OpenGL!

OpenGL4_Core::Show_RenderTarget_onWindow isn't coded because glFramebufferTexture2D doesn't work on default Framebuffer of OpenGL!

OpenGL4_Core::Show_RenderTarget_onWindow isn't coded because glFramebufferTexture2D doesn't work on default Framebuffer of OpenGL!

OpenGL4_Core::Show_RenderTarget_onWindow isn't coded because glFramebufferTexture2D doesn't work on default Framebuffer of OpenGL!

OpenGL4_Core::Show_RenderTarget_onWindow isn't coded because glFramebufferTexture2D doesn't work on default Framebuffer of OpenGL!

OpenGL4_Core::Show_RenderTarget_onWindow isn't coded because glFramebufferTexture2D doesn't work on default Framebuffer of OpenGL!

OpenGL4_Core::Show_RenderTarget_onWindow isn't coded because glFramebufferTexture2D doesn't work on default Framebuffer of OpenGL!

OpenGL4_Core::Show_RenderTarget_onWindow isn't coded because glFramebufferTexture2D doesn't work on default Framebuffer of OpenGL!

OpenGL4_Core::Show_RenderTarget_onWindow isn't coded because glFramebufferTexture2D doesn't work on default Framebuffer of OpenGL!

OpenGL4_Core::Show_RenderTarget_onWindow isn't coded because glFramebufferTexture2D doesn't work on default Framebuffer of OpenGL!

OpenGL4_Core::Show_RenderTarget_onWindow isn't coded because glFramebufferTexture2D doesn't work on default Framebuffer of OpenGL!

OpenGL4_Core::Show_RenderTarget_onWindow isn't coded because glFramebufferTexture2D doesn't work on default Framebuffer of OpenGL!

OpenGL4_Core::Show_RenderTarget_onWindow isn't coded because glFramebufferTexture2D doesn't work on default Framebuffer of OpenGL!

OpenGL4_Core::Show_RenderTarget_onWindow isn't coded because glFramebufferTexture2D doesn't work on default Framebuffer of OpenGL!

OpenGL4_Core::Show_RenderTarget_onWindow isn't coded because glFramebufferTexture2D doesn't work on default Framebuffer of OpenGL!

OpenGL4_Core::Show_RenderTarget_onWindow isn't coded because glFramebufferTexture2D doesn't work on default Framebuffer of OpenGL!

OpenGL4_Core::Show_RenderTarget_onWindow isn't coded because glFramebufferTexture2D doesn't work on default Framebuffer of OpenGL!

OpenGL4_Core::Show_RenderTarget_onWindow isn't coded because glFramebufferTexture2D doesn't work on default Framebuffer of OpenGL!

OpenGL4_Core::Show_RenderTarget_onWindow isn't coded because glFramebufferTexture2D doesn't work on default Framebuffer of OpenGL!

OpenGL4_Core::Show_RenderTarget_onWindow isn't coded because glFramebufferTexture2D doesn't work on default Framebuffer of OpenGL!

OpenGL4_Core::Show_RenderTarget_onWindow isn't coded because glFramebufferTexture2D doesn't work on default Framebuffer of OpenGL!

OpenGL4_Core::Show_RenderTarget_onWindow isn't coded because glFramebufferTexture2D doesn't work on default Framebuffer of OpenGL!

OpenGL4_Core::Show_RenderTarget_onWindow isn't coded because glFramebufferTexture2D doesn't work on default Framebuffer of OpenGL!

OpenGL4_Core::Show_RenderTarget_onWindow isn't coded because glFramebufferTexture2D doesn't work on default Framebuffer of OpenGL!

OpenGL4_Core::Show_RenderTarget_onWindow isn't coded because glFramebufferTexture2D doesn't work on default Framebuffer of OpenGL!

OpenGL4_Core::Show_RenderTarget_onWindow isn't coded because glFramebufferTexture2D doesn't work on default Framebuffer of OpenGL!

OpenGL4_Core::Show_RenderTarget_onWindow isn't coded because glFramebufferTexture2D doesn't work on default Framebuffer of OpenGL!

OpenGL4_Core::Show_RenderTarget_onWindow isn't coded because glFramebufferTexture2D doesn't work on default Framebuffer of OpenGL!

OpenGL4_Core::Show_RenderTarget_onWindow isn't coded because glFramebufferTexture2D doesn't work on default Framebuffer of OpenGL!

OpenGL4_Core::Show_RenderTarget_onWindow isn't coded because glFramebufferTexture2D doesn't work on default Framebuffer of OpenGL!

OpenGL4_Core::Show_RenderTarget_onWindow isn't coded because glFramebufferTexture2D doesn't work on default Framebuffer of OpenGL!

OpenGL4_Core::Show_RenderTarget_onWindow isn't coded because glFramebufferTexture2D doesn't work on default Framebuffer of OpenGL!

OpenGL4_Core::Show_RenderTarget_onWindow isn't coded because glFramebufferTexture2D doesn't work on default Framebuffer of OpenGL!

OpenGL4_Core::Show_RenderTarget_onWindow isn't coded because glFramebufferTexture2D doesn't work on default Framebuffer of OpenGL!

OpenGL4_Core::Show_RenderTarget_onWindow isn't coded because glFramebufferTexture2D doesn't work on default Framebuffer of OpenGL!

OpenGL4_Core::Show_RenderTarget_onWindow isn't coded because glFramebufferTexture2D doesn't work on default Framebuffer of OpenGL!

OpenGL4_Core::Show_RenderTarget_onWindow isn't coded because glFramebufferTexture2D doesn't work on default Framebuffer of OpenGL!

OpenGL4_Core::Show_RenderTarget_onWindow isn't coded because glFramebufferTexture2D doesn't work on default Framebuffer of OpenGL!

OpenGL4_Core::Show_RenderTarget_onWindow isn't coded because glFramebufferTexture2D doesn't work on default Framebuffer of OpenGL!

OpenGL4_Core::Show_RenderTarget_onWindow isn't coded because glFramebufferTexture2D doesn't work on default Framebuffer of OpenGL!

OpenGL4_Core::Show_RenderTarget_onWindow isn't coded because glFramebufferTexture2D doesn't work on default Framebuffer of OpenGL!

OpenGL4_Core::Show_RenderTarget_onWindow isn't coded because glFramebufferTexture2D doesn't work on default Framebuffer of OpenGL!

OpenGL4_Core::Show_RenderTarget_onWindow isn't coded because glFramebufferTexture2D doesn't work on default Framebuffer of OpenGL!

OpenGL4_Core::Show_RenderTarget_onWindow isn't coded because glFramebufferTexture2D doesn't work on default Framebuffer of OpenGL!

OpenGL4_Core::Show_RenderTarget_onWindow isn't coded because glFramebufferTexture2D doesn't work on default Framebuffer of OpenGL!

OpenGL4_Core::Show_RenderTarget_onWindow isn't coded because glFramebufferTexture2D doesn't work on default Framebuffer of OpenGL!

OpenGL4_Core::Show_RenderTarget_onWindow isn't coded because glFramebufferTexture2D doesn't work on default Framebuffer of OpenGL!

OpenGL4_Core::Show_RenderTarget_onWindow isn't coded because glFramebufferTexture2D doesn't work on default Framebuffer of OpenGL!

OpenGL4_Core::Show_RenderTarget_onWindow isn't coded because glFramebufferTexture2D doesn't work on default Framebuffer of OpenGL!

OpenGL4_Core::Show_RenderTarget_onWindow isn't coded because glFramebufferTexture2D doesn't work on default Framebuffer of OpenGL!

OpenGL4_Core::Show_RenderTarget_onWindow isn't coded because glFramebufferTexture2D doesn't work on default Framebuffer of OpenGL!

OpenGL4_Core::Show_RenderTarget_onWindow isn't coded because glFramebufferTexture2D doesn't work on default Framebuffer of OpenGL!

OpenGL4_Core::Show_RenderTarget_onWindow isn't coded because glFramebufferTexture2D doesn't work on default Framebuffer of OpenGL!

OpenGL4_Core::Show_RenderTarget_onWindow isn't coded because glFramebufferTexture2D doesn't work on default Framebuffer of OpenGL!

OpenGL4_Core::Show_RenderTarget_onWindow isn't coded because glFramebufferTexture2D doesn't work on default Framebuffer of OpenGL!

OpenGL4_Core::Show_RenderTarget_onWindow isn't coded because glFramebufferTexture2D doesn't work on default Framebuffer of OpenGL!

OpenGL4_Core::Show_RenderTarget_onWindow isn't coded because glFramebufferTexture2D doesn't work on default Framebuffer of OpenGL!

OpenGL4_Core::Show_RenderTarget_onWindow isn't coded because glFramebufferTexture2D doesn't work on default Framebuffer of OpenGL!

OpenGL4_Core::Show_RenderTarget_onWindow isn't coded because glFramebufferTexture2D doesn't work on default Framebuffer of OpenGL!

OpenGL4_Core::Show_RenderTarget_onWindow isn't coded because glFramebufferTexture2D doesn't work on default Framebuffer of OpenGL!

OpenGL4_Core::Show_RenderTarget_onWindow isn't coded because glFramebufferTexture2D doesn't work on default Framebuffer of OpenGL!

OpenGL4_Core::Show_RenderTarget_onWindow isn't coded because glFramebufferTexture2D doesn't work on default Framebuffer of OpenGL!

OpenGL4_Core::Show_RenderTarget_onWindow isn't coded because glFramebufferTexture2D doesn't work on default Framebuffer of OpenGL!

OpenGL4_Core::Show_RenderTarget_onWindow isn't coded because glFramebufferTexture2D doesn't work on default Framebuffer of OpenGL!

OpenGL4_Core::Show_RenderTarget_onWindow isn't coded because glFramebufferTexture2D doesn't work on default Framebuffer of OpenGL!

OpenGL4_Core::Show_RenderTarget_onWindow isn't coded because glFramebufferTexture2D doesn't work on default Framebuffer of OpenGL!

OpenGL4_Core::Show_RenderTarget_onWindow isn't coded because glFramebufferTexture2D doesn't work on default Framebuffer of OpenGL!

OpenGL4_Core::Show_RenderTarget_onWindow isn't coded because glFramebufferTexture2D doesn't work on default Framebuffer of OpenGL!

OpenGL4_Core::Show_RenderTarget_onWindow isn't coded because glFramebufferTexture2D doesn't work on default Framebuffer of OpenGL!

OpenGL4_Core::Show_RenderTarget_onWindow isn't coded because glFramebufferTexture2D doesn't work on default Framebuffer of OpenGL!

OpenGL4_Core::Show_RenderTarget_onWindow isn't coded because glFramebufferTexture2D doesn't work on default Framebuffer of OpenGL!

OpenGL4_Core::Show_RenderTarget_onWindow isn't coded because glFramebufferTexture2D doesn't work on default Framebuffer of OpenGL!

OpenGL4_Core::Show_RenderTarget_onWindow isn't coded because glFramebufferTexture2D doesn't work on default Framebuffer of OpenGL!

OpenGL4_Core::Show_RenderTarget_onWindow isn't coded because glFramebufferTexture2D doesn't work on default Framebuffer of OpenGL!

OpenGL4_Core::Show_RenderTarget_onWindow isn't coded because glFramebufferTexture2D doesn't work on default Framebuffer of OpenGL!

OpenGL4_Core::Show_RenderTarget_onWindow isn't coded because glFramebufferTexture2D doesn't work on default Framebuffer of OpenGL!

OpenGL4_Core::Show_RenderTarget_onWindow isn't coded because glFramebufferTexture2D doesn't work on default Framebuffer of OpenGL!

OpenGL4_Core::Show_RenderTarget_onWindow isn't coded because glFramebufferTexture2D doesn't work on default Framebuffer of OpenGL!

OpenGL4_Core::Show_RenderTarget_onWindow isn't coded because glFramebufferTexture2D doesn't work on default Framebuffer of OpenGL!

OpenGL4_Core::Show_RenderTarget_onWindow isn't coded because glFramebufferTexture2D doesn't work on default Framebuffer of OpenGL!

OpenGL4_Core::Show_RenderTarget_onWindow isn't coded because glFramebufferTexture2D doesn't work on default Framebuffer of OpenGL!

OpenGL4_Core::Show_RenderTarget_onWindow isn't coded because glFramebufferTexture2D doesn't work on default Framebuffer of OpenGL!

OpenGL4_Core::Show_RenderTarget_onWindow isn't coded because glFramebufferTexture2D doesn't work on default Framebuffer of OpenGL!

OpenGL4_Core::Show_RenderTarget_onWindow isn't coded because glFramebufferTexture2D doesn't work on default Framebuffer of OpenGL!

OpenGL4_Core::Show_RenderTarget_onWindow isn't coded because glFramebufferTexture2D doesn't work on default Framebuffer of OpenGL!

OpenGL4_Core::Show_RenderTarget_onWindow isn't coded because glFramebufferTexture2D doesn't work on default Framebuffer of OpenGL!

OpenGL4_Core::Show_RenderTarget_onWindow isn't coded because glFramebufferTexture2D doesn't work on default Framebuffer of OpenGL!

OpenGL4_Core::Show_RenderTarget_onWindow isn't coded because glFramebufferTexture2D doesn't work on default Framebuffer of OpenGL!

OpenGL4_Core::Show_RenderTarget_onWindow isn't coded because glFramebufferTexture2D doesn't work on default Framebuffer of OpenGL!

OpenGL4_Core::Show_RenderTarget_onWindow isn't coded because glFramebufferTexture2D doesn't work on default Framebuffer of OpenGL!

OpenGL4_Core::Show_RenderTarget_onWindow isn't coded because glFramebufferTexture2D doesn't work on default Framebuffer of OpenGL!

OpenGL4_Core::Show_RenderTarget_onWindow isn't coded because glFramebufferTexture2D doesn't work on default Framebuffer of OpenGL!

OpenGL4_Core::Show_RenderTarget_onWindow isn't coded because glFramebufferTexture2D doesn't work on default Framebuffer of OpenGL!

OpenGL4_Core::Show_RenderTarget_onWindow isn't coded because glFramebufferTexture2D doesn't work on default Framebuffer of OpenGL!

OpenGL4_Core::Show_RenderTarget_onWindow isn't coded because glFramebufferTexture2D doesn't work on default Framebuffer of OpenGL!

OpenGL4_Core::Show_RenderTarget_onWindow isn't coded because glFramebufferTexture2D doesn't work on default Framebuffer of OpenGL!

OpenGL4_Core::Show_RenderTarget_onWindow isn't coded because glFramebufferTexture2D doesn't work on default Framebuffer of OpenGL!

OpenGL4_Core::Show_RenderTarget_onWindow isn't coded because glFramebufferTexture2D doesn't work on default Framebuffer of OpenGL!

OpenGL4_Core::Show_RenderTarget_onWindow isn't coded because glFramebufferTexture2D doesn't work on default Framebuffer of OpenGL!

OpenGL4_Core::Show_RenderTarget_onWindow isn't coded because glFramebufferTexture2D doesn't work on default Framebuffer of OpenGL!

OpenGL4_Core::Show_RenderTarget_onWindow isn't coded because glFramebufferTexture2D doesn't work on default Framebuffer of OpenGL!

OpenGL4_Core::Show_RenderTarget_onWindow isn't coded because glFramebufferTexture2D doesn't work on default Framebuffer of OpenGL!

OpenGL4_Core::Show_RenderTarget_onWindow isn't coded because glFramebufferTexture2D doesn't work on default Framebuffer of OpenGL!

OpenGL4_Core::Show_RenderTarget_onWindow isn't coded because glFramebufferTexture2D doesn't work on default Framebuffer of OpenGL!

OpenGL4_Core::Show_RenderTarget_onWindow isn't coded because glFramebufferTexture2D doesn't work on default Framebuffer of OpenGL!

OpenGL4_Core::Show_RenderTarget_onWindow isn't coded because glFramebufferTexture2D doesn't work on default Framebuffer of OpenGL!

OpenGL4_Core::Show_RenderTarget_onWindow isn't coded because glFramebufferTexture2D doesn't work on default Framebuffer of OpenGL!

OpenGL4_Core::Show_RenderTarget_onWindow isn't coded because glFramebufferTexture2D doesn't work on default Framebuffer of OpenGL!

OpenGL4_Core::Show_RenderTarget_onWindow isn't coded because glFramebufferTexture2D doesn't work on default Framebuffer of OpenGL!

OpenGL4_Core::Show_RenderTarget_onWindow isn't coded because glFramebufferTexture2D doesn't work on default Framebuffer of OpenGL!

OpenGL4_Core::Show_RenderTarget_onWindow isn't coded because glFramebufferTexture2D doesn't work on default Framebuffer of OpenGL!

OpenGL4_Core::Show_RenderTarget_onWindow isn't coded because glFramebufferTexture2D doesn't work on default Framebuffer of OpenGL!

OpenGL4_Core::Show_RenderTarget_onWindow isn't coded because glFramebufferTexture2D doesn't work on default Framebuffer of OpenGL!

OpenGL4_Core::Show_RenderTarget_onWindow isn't coded because glFramebufferTexture2D doesn't work on default Framebuffer of OpenGL!

OpenGL4_Core::Show_RenderTarget_onWindow isn't coded because glFramebufferTexture2D doesn't work on default Framebuffer of OpenGL!

OpenGL4_Core::Show_RenderTarget_onWindow isn't coded because glFramebufferTexture2D doesn't work on default Framebuffer of OpenGL!

OpenGL4_Core::Show_RenderTarget_onWindow isn't coded because glFramebufferTexture2D doesn't work on default Framebuffer of OpenGL!

OpenGL4_Core::Show_RenderTarget_onWindow isn't coded because glFramebufferTexture2D doesn't work on default Framebuffer of OpenGL!

OpenGL4_Core::Show_RenderTarget_onWindow isn't coded because glFramebufferTexture2D doesn't work on default Framebuffer of OpenGL!

OpenGL4_Core::Show_RenderTarget_onWindow isn't coded because glFramebufferTexture2D doesn't work on default Framebuffer of OpenGL!

OpenGL4_Core::Show_RenderTarget_onWindow isn't coded because glFramebufferTexture2D doesn't work on default Framebuffer of OpenGL!

OpenGL4_Core::Show_RenderTarget_onWindow isn't coded because glFramebufferTexture2D doesn't work on default Framebuffer of OpenGL!

OpenGL4_Core::Show_RenderTarget_onWindow isn't coded because glFramebufferTexture2D doesn't work on default Framebuffer of OpenGL!

OpenGL4_Core::Show_RenderTarget_onWindow isn't coded because glFramebufferTexture2D doesn't work on default Framebuffer of OpenGL!

OpenGL4_Core::Show_RenderTarget_onWindow isn't coded because glFramebufferTexture2D doesn't work on default Framebuffer of OpenGL!

OpenGL4_Core::Show_RenderTarget_onWindow isn't coded because glFramebufferTexture2D doesn't work on default Framebuffer of OpenGL!

OpenGL4_Core::Show_RenderTarget_onWindow isn't coded because glFramebufferTexture2D doesn't work on default Framebuffer of OpenGL!

OpenGL4_Core::Show_RenderTarget_onWindow isn't coded because glFramebufferTexture2D doesn't work on default Framebuffer of OpenGL!

OpenGL4_Core::Show_RenderTarget_onWindow isn't coded because glFramebufferTexture2D doesn't work on default Framebuffer of OpenGL!

OpenGL4_Core::Show_RenderTarget_onWindow isn't coded because glFramebufferTexture2D doesn't work on default Framebuffer of OpenGL!

OpenGL4_Core::Show_RenderTarget_onWindow isn't coded because glFramebufferTexture2D doesn't work on default Framebuffer of OpenGL!

OpenGL4_Core::Show_RenderTarget_onWindow isn't coded because glFramebufferTexture2D doesn't work on default Framebuffer of OpenGL!

OpenGL4_Core::Show_RenderTarget_onWindow isn't coded because glFramebufferTexture2D doesn't work on default Framebuffer of OpenGL!

OpenGL4_Core::Show_RenderTarget_onWindow isn't coded because glFramebufferTexture2D doesn't work on default Framebuffer of OpenGL!

OpenGL4_Core::Show_RenderTarget_onWindow isn't coded because glFramebufferTexture2D doesn't work on default Framebuffer of OpenGL!

OpenGL4_Core::Show_RenderTarget_onWindow isn't coded because glFramebufferTexture2D doesn't work on default Framebuffer of OpenGL!

OpenGL4_Core::Show_RenderTarget_onWindow isn't coded because glFramebufferTexture2D doesn't work on default Framebuffer of OpenGL!

OpenGL4_Core::Show_RenderTarget_onWindow isn't coded because glFramebufferTexture2D doesn't work on default Framebuffer of OpenGL!

OpenGL4_Core::Show_RenderTarget_onWindow isn't coded because glFramebufferTexture2D doesn't work on default Framebuffer of OpenGL!

OpenGL4_Core::Show_RenderTarget_onWindow isn't coded because glFramebufferTexture2D doesn't work on default Framebuffer of OpenGL!

OpenGL4_Core::Show_RenderTarget_onWindow isn't coded because glFramebufferTexture2D doesn't work on default Framebuffer of OpenGL!

OpenGL4_Core::Show_RenderTarget_onWindow isn't coded because glFramebufferTexture2D doesn't work on default Framebuffer of OpenGL!

OpenGL4_Core::Show_RenderTarget_onWindow isn't coded because glFramebufferTexture2D doesn't work on default Framebuffer of OpenGL!

OpenGL4_Core::Show_RenderTarget_onWindow isn't coded because glFramebufferTexture2D doesn't work on default Framebuffer of OpenGL!

OpenGL4_Core::Show_RenderTarget_onWindow isn't coded because glFramebufferTexture2D doesn't work on default Framebuffer of OpenGL!

OpenGL4_Core::Show_RenderTarget_onWindow isn't coded because glFramebufferTexture2D doesn't work on default Framebuffer of OpenGL!

OpenGL4_Core::Show_RenderTarget_onWindow isn't coded because glFramebufferTexture2D doesn't work on default Framebuffer of OpenGL!

OpenGL4_Core::Show_RenderTarget_onWindow isn't coded because glFramebufferTexture2D doesn't work on default Framebuffer of OpenGL!

OpenGL4_Core::Show_RenderTarget_onWindow isn't coded because glFramebufferTexture2D doesn't work on default Framebuffer of OpenGL!

OpenGL4_Core::Show_RenderTarget_onWindow isn't coded because glFramebufferTexture2D doesn't work on default Framebuffer of OpenGL!

OpenGL4_Core::Show_RenderTarget_onWindow isn't coded because glFramebufferTexture2D doesn't work on default Framebuffer of OpenGL!

OpenGL4_Core::Show_RenderTarget_onWindow isn't coded because glFramebufferTexture2D doesn't work on default Framebuffer of OpenGL!

OpenGL4_Core::Show_RenderTarget_onWindow isn't coded because glFramebufferTexture2D doesn't work on default Framebuffer of OpenGL!

OpenGL4_Core::Show_RenderTarget_onWindow isn't coded because glFramebufferTexture2D doesn't work on default Framebuffer of OpenGL!

OpenGL4_Core::Show_RenderTarget_onWindow isn't coded because glFramebufferTexture2D doesn't work on default Framebuffer of OpenGL!

OpenGL4_Core::Show_RenderTarget_onWindow isn't coded because glFramebufferTexture2D doesn't work on default Framebuffer of OpenGL!

OpenGL4_Core::Show_RenderTarget_onWindow isn't coded because glFramebufferTexture2D doesn't work on default Framebuffer of OpenGL!

OpenGL4_Core::Show_RenderTarget_onWindow isn't coded because glFramebufferTexture2D doesn't work on default Framebuffer of OpenGL!

OpenGL4_Core::Show_RenderTarget_onWindow isn't coded because glFramebufferTexture2D doesn't work on default Framebuffer of OpenGL!

OpenGL4_Core::Show_RenderTarget_onWindow isn't coded because glFramebufferTexture2D doesn't work on default Framebuffer of OpenGL!

OpenGL4_Core::Show_RenderTarget_onWindow isn't coded because glFramebufferTexture2D doesn't work on default Framebuffer of OpenGL!

OpenGL4_Core::Show_RenderTarget_onWindow isn't coded because glFramebufferTexture2D doesn't work on default Framebuffer of OpenGL!

OpenGL4_Core::Show_RenderTarget_onWindow isn't coded because glFramebufferTexture2D doesn't work on default Framebuffer of OpenGL!

OpenGL4_Core::Show_RenderTarget_onWindow isn't coded because glFramebufferTexture2D doesn't work on default Framebuffer of OpenGL!

OpenGL4_Core::Show_RenderTarget_onWindow isn't coded because glFramebufferTexture2D doesn't work on default Framebuffer of OpenGL!

OpenGL4_Core::Show_RenderTarget_onWindow isn't coded because glFramebufferTexture2D doesn't work on default Framebuffer of OpenGL!

OpenGL4_Core::Show_RenderTarget_onWindow isn't coded because glFramebufferTexture2D doesn't work on default Framebuffer of OpenGL!

OpenGL4_Core::Show_RenderTarget_onWindow isn't coded because glFramebufferTexture2D doesn't work on default Framebuffer of OpenGL!

OpenGL4_Core::Show_RenderTarget_onWindow isn't coded because glFramebufferTexture2D doesn't work on default Framebuffer of OpenGL!

OpenGL4_Core::Show_RenderTarget_onWindow isn't coded because glFramebufferTexture2D doesn't work on default Framebuffer of OpenGL!

OpenGL4_Core::Show_RenderTarget_onWindow isn't coded because glFramebufferTexture2D doesn't work on default Framebuffer of OpenGL!

OpenGL4_Core::Show_RenderTarget_onWindow isn't coded because glFramebufferTexture2D doesn't work on default Framebuffer of OpenGL!

OpenGL4_Core::Show_RenderTarget_onWindow isn't coded because glFramebufferTexture2D doesn't work on default Framebuffer of OpenGL!

OpenGL4_Core::Show_RenderTarget_onWindow isn't coded because glFramebufferTexture2D doesn't work on default Framebuffer of OpenGL!

OpenGL4_Core::Show_RenderTarget_onWindow isn't coded because glFramebufferTexture2D doesn't work on default Framebuffer of OpenGL!

OpenGL4_Core::Show_RenderTarget_onWindow isn't coded because glFramebufferTexture2D doesn't work on default Framebuffer of OpenGL!

OpenGL4_Core::Show_RenderTarget_onWindow isn't coded because glFramebufferTexture2D doesn't work on default Framebuffer of OpenGL!

OpenGL4_Core::Show_RenderTarget_onWindow isn't coded because glFramebufferTexture2D doesn't work on default Framebuffer of OpenGL!

OpenGL4_Core::Show_RenderTarget_onWindow isn't coded because glFramebufferTexture2D doesn't work on default Framebuffer of OpenGL!

OpenGL4_Core::Show_RenderTarget_onWindow isn't coded because glFramebufferTexture2D doesn't work on default Framebuffer of OpenGL!

OpenGL4_Core::Show_RenderTarget_onWindow isn't coded because glFramebufferTexture2D doesn't work on default Framebuffer of OpenGL!

OpenGL4_Core::Show_RenderTarget_onWindow isn't coded because glFramebufferTexture2D doesn't work on default Framebuffer of OpenGL!

OpenGL4_Core::Show_RenderTarget_onWindow isn't coded because glFramebufferTexture2D doesn't work on default Framebuffer of OpenGL!

OpenGL4_Core::Show_RenderTarget_onWindow isn't coded because glFramebufferTexture2D doesn't work on default Framebuffer of OpenGL!

OpenGL4_Core::Show_RenderTarget_onWindow isn't coded because glFramebufferTexture2D doesn't work on default Framebuffer of OpenGL!

OpenGL4_Core::Show_RenderTarget_onWindow isn't coded because glFramebufferTexture2D doesn't work on default Framebuffer of OpenGL!

OpenGL4_Core::Show_RenderTarget_onWindow isn't coded because glFramebufferTexture2D doesn't work on default Framebuffer of OpenGL!

OpenGL4_Core::Show_RenderTarget_onWindow isn't coded because glFramebufferTexture2D doesn't work on default Framebuffer of OpenGL!

OpenGL4_Core::Show_RenderTarget_onWindow isn't coded because glFramebufferTexture2D doesn't work on default Framebuffer of OpenGL!

OpenGL4_Core::Show_RenderTarget_onWindow isn't coded because glFramebufferTexture2D doesn't work on default Framebuffer of OpenGL!

OpenGL4_Core::Show_RenderTarget_onWindow isn't coded because glFramebufferTexture2D doesn't work on default Framebuffer of OpenGL!

OpenGL4_Core::Show_RenderTarget_onWindow isn't coded because glFramebufferTexture2D doesn't work on default Framebuffer of OpenGL!

OpenGL4_Core::Show_RenderTarget_onWindow isn't coded because glFramebufferTexture2D doesn't work on default Framebuffer of OpenGL!

OpenGL4_Core::Show_RenderTarget_onWindow isn't coded because glFramebufferTexture2D doesn't work on default Framebuffer of OpenGL!

OpenGL4_Core::Show_RenderTarget_onWindow isn't coded because glFramebufferTexture2D doesn't work on default Framebuffer of OpenGL!

OpenGL4_Core::Show_RenderTarget_onWindow isn't coded because glFramebufferTexture2D doesn't work on default Framebuffer of OpenGL!

OpenGL4_Core::Show_RenderTarget_onWindow isn't coded because glFramebufferTexture2D doesn't work on default Framebuffer of OpenGL!

OpenGL4_Core::Show_RenderTarget_onWindow isn't coded because glFramebufferTexture2D doesn't work on default Framebuffer of OpenGL!

OpenGL4_Core::Show_RenderTarget_onWindow isn't coded because glFramebufferTexture2D doesn't work on default Framebuffer of OpenGL!

OpenGL4_Core::Show_RenderTarget_onWindow isn't coded because glFramebufferTexture2D doesn't work on default Framebuffer of OpenGL!

OpenGL4_Core::Show_RenderTarget_onWindow isn't coded because glFramebufferTexture2D doesn't work on default Framebuffer of OpenGL!

OpenGL4_Core::Show_RenderTarget_onWindow isn't coded because glFramebufferTexture2D doesn't work on default Framebuffer of OpenGL!

OpenGL4_Core::Show_RenderTarget_onWindow isn't coded because glFramebufferTexture2D doesn't work on default Framebuffer of OpenGL!

OpenGL4_Core::Show_RenderTarget_onWindow isn't coded because glFramebufferTexture2D doesn't work on default Framebuffer of OpenGL!

OpenGL4_Core::Show_RenderTarget_onWindow isn't coded because glFramebufferTexture2D doesn't work on default Framebuffer of OpenGL!

OpenGL4_Core::Show_RenderTarget_onWindow isn't coded because glFramebufferTexture2D doesn't work on default Framebuffer of OpenGL!

OpenGL4_Core::Show_RenderTarget_onWindow isn't coded because glFramebufferTexture2D doesn't work on default Framebuffer of OpenGL!

OpenGL4_Core::Show_RenderTarget_onWindow isn't coded because glFramebufferTexture2D doesn't work on default Framebuffer of OpenGL!

OpenGL4_Core::Show_RenderTarget_onWindow isn't coded because glFramebufferTexture2D doesn't work on default Framebuffer of OpenGL!

OpenGL4_Core::Show_RenderTarget_onWindow isn't coded because glFramebufferTexture2D doesn't work on default Framebuffer of OpenGL!

OpenGL4_Core::Show_RenderTarget_onWindow isn't coded because glFramebufferTexture2D doesn't work on default Framebuffer of OpenGL!

OpenGL4_Core::Show_RenderTarget_onWindow isn't coded because glFramebufferTexture2D doesn't work on default Framebuffer of OpenGL!

OpenGL4_Core::Show_RenderTarget_onWindow isn't coded because glFramebufferTexture2D doesn't work on default Framebuffer of OpenGL!

OpenGL4_Core::Show_RenderTarget_onWindow isn't coded because glFramebufferTexture2D doesn't work on default Framebuffer of OpenGL!

OpenGL4_Core::Show_RenderTarget_onWindow isn't coded because glFramebufferTexture2D doesn't work on default Framebuffer of OpenGL!

OpenGL4_Core::Show_RenderTarget_onWindow isn't coded because glFramebufferTexture2D doesn't work on default Framebuffer of OpenGL!

OpenGL4_Core::Show_RenderTarget_onWindow isn't coded because glFramebufferTexture2D doesn't work on default Framebuffer of OpenGL!

OpenGL4_Core::Show_RenderTarget_onWindow isn't coded because glFramebufferTexture2D doesn't work on default Framebuffer of OpenGL!

OpenGL4_Core::Show_RenderTarget_onWindow isn't coded because glFramebufferTexture2D doesn't work on default Framebuffer of OpenGL!

OpenGL4_Core::Show_RenderTarget_onWindow isn't coded because glFramebufferTexture2D doesn't work on default Framebuffer of OpenGL!

OpenGL4_Core::Show_RenderTarget_onWindow isn't coded because glFramebufferTexture2D doesn't work on default Framebuffer of OpenGL!

OpenGL4_Core::Show_RenderTarget_onWindow isn't coded because glFramebufferTexture2D doesn't work on default Framebuffer of OpenGL!

OpenGL4_Core::Show_RenderTarget_onWindow isn't coded because glFramebufferTexture2D doesn't work on default Framebuffer of OpenGL!

OpenGL4_Core::Show_RenderTarget_onWindow isn't coded because glFramebufferTexture2D doesn't work on default Framebuffer of OpenGL!

OpenGL4_Core::Show_RenderTarget_onWindow isn't coded because glFramebufferTexture2D doesn't work on default Framebuffer of OpenGL!

OpenGL4_Core::Show_RenderTarget_onWindow isn't coded because glFramebufferTexture2D doesn't work on default Framebuffer of OpenGL!

OpenGL4_Core::Show_RenderTarget_onWindow isn't coded because glFramebufferTexture2D doesn't work on default Framebuffer of OpenGL!

OpenGL4_Core::Show_RenderTarget_onWindow isn't coded because glFramebufferTexture2D doesn't work on default Framebuffer of OpenGL!

OpenGL4_Core::Show_RenderTarget_onWindow isn't coded because glFramebufferTexture2D doesn't work on default Framebuffer of OpenGL!

OpenGL4_Core::Show_RenderTarget_onWindow isn't coded because glFramebufferTexture2D doesn't work on default Framebuffer of OpenGL!

OpenGL4_Core::Show_RenderTarget_onWindow isn't coded because glFramebufferTexture2D doesn't work on default Framebuffer of OpenGL!

OpenGL4_Core::Show_RenderTarget_onWindow isn't coded because glFramebufferTexture2D doesn't work on default Framebuffer of OpenGL!

OpenGL4_Core::Show_RenderTarget_onWindow isn't coded because glFramebufferTexture2D doesn't work on default Framebuffer of OpenGL!

OpenGL4_Core::Show_RenderTarget_onWindow isn't coded because glFramebufferTexture2D doesn't work on default Framebuffer of OpenGL!

OpenGL4_Core::Show_RenderTarget_onWindow isn't coded because glFramebufferTexture2D doesn't work on default Framebuffer of OpenGL!

OpenGL4_Core::Show_RenderTarget_onWindow isn't coded because glFramebufferTexture2D doesn't work on default Framebuffer of OpenGL!

OpenGL4_Core::Show_RenderTarget_onWindow isn't coded because glFramebufferTexture2D doesn't work on default Framebuffer of OpenGL!

OpenGL4_Core::Show_RenderTarget_onWindow isn't coded because glFramebufferTexture2D doesn't work on default Framebuffer of OpenGL!

OpenGL4_Core::Show_RenderTarget_onWindow isn't coded because glFramebufferTexture2D doesn't work on default Framebuffer of OpenGL!

OpenGL4_Core::Show_RenderTarget_onWindow isn't coded because glFramebufferTexture2D doesn't work on default Framebuffer of OpenGL!

OpenGL4_Core::Show_RenderTarget_onWindow isn't coded because glFramebufferTexture2D doesn't work on default Framebuffer of OpenGL!

OpenGL4_Core::Show_RenderTarget_onWindow isn't coded because glFramebufferTexture2D doesn't work on default Framebuffer of OpenGL!

OpenGL4_Core::Show_RenderTarget_onWindow isn't coded because glFramebufferTexture2D doesn't work on default Framebuffer of OpenGL!

OpenGL4_Core::Show_RenderTarget_onWindow isn't coded because glFramebufferTexture2D doesn't work on default Framebuffer of OpenGL!

OpenGL4_Core::Show_RenderTarget_onWindow isn't coded because glFramebufferTexture2D doesn't work on default Framebuffer of OpenGL!

OpenGL4_Core::Show_RenderTarget_onWindow isn't coded because glFramebufferTexture2D doesn't work on default Framebuffer of OpenGL!

OpenGL4_Core::Show_RenderTarget_onWindow isn't coded because glFramebufferTexture2D doesn't work on default Framebuffer of OpenGL!

OpenGL4_Core::Show_RenderTarget_onWindow isn't coded because glFramebufferTexture2D doesn't work on default Framebuffer of OpenGL!

OpenGL4_Core::Show_RenderTarget_onWindow isn't coded because glFramebufferTexture2D doesn't work on default Framebuffer of OpenGL!

OpenGL4_Core::Show_RenderTarget_onWindow isn't coded because glFramebufferTexture2D doesn't work on default Framebuffer of OpenGL!

OpenGL4_Core::Show_RenderTarget_onWindow isn't coded because glFramebufferTexture2D doesn't work on default Framebuffer of OpenGL!

OpenGL4_Core::Show_RenderTarget_onWindow isn't coded because glFramebufferTexture2D doesn't work on default Framebuffer of OpenGL!

OpenGL4_Core::Show_RenderTarget_onWindow isn't coded because glFramebufferTexture2D doesn't work on default Framebuffer of OpenGL!

OpenGL4_Core::Show_RenderTarget_onWindow isn't coded because glFramebufferTexture2D doesn't work on default Framebuffer of OpenGL!

OpenGL4_Core::Show_RenderTarget_onWindow isn't coded because glFramebufferTexture2D doesn't work on default Framebuffer of OpenGL!

OpenGL4_Core::Show_RenderTarget_onWindow isn't coded because glFramebufferTexture2D doesn't work on default Framebuffer of OpenGL!

OpenGL4_Core::Show_RenderTarget_onWindow isn't coded because glFramebufferTexture2D doesn't work on default Framebuffer of OpenGL!

OpenGL4_Core::Show_RenderTarget_onWindow isn't coded because glFramebufferTexture2D doesn't work on default Framebuffer of OpenGL!

OpenGL4_Core::Show_RenderTarget_onWindow isn't coded because glFramebufferTexture2D doesn't work on default Framebuffer of OpenGL!

OpenGL4_Core::Show_RenderTarget_onWindow isn't coded because glFramebufferTexture2D doesn't work on default Framebuffer of OpenGL!

OpenGL4_Core::Show_RenderTarget_onWindow isn't coded because glFramebufferTexture2D doesn't work on default Framebuffer of OpenGL!

OpenGL4_Core::Show_RenderTarget_onWindow isn't coded because glFramebufferTexture2D doesn't work on default Framebuffer of OpenGL!

OpenGL4_Core::Show_RenderTarget_onWindow isn't coded because glFramebufferTexture2D doesn't work on default Framebuffer of OpenGL!

OpenGL4_Core::Show_RenderTarget_onWindow isn't coded because glFramebufferTexture2D doesn't work on default Framebuffer of OpenGL!

OpenGL4_Core::Show_RenderTarget_onWindow isn't coded because glFramebufferTexture2D doesn't work on default Framebuffer of OpenGL!

OpenGL4_Core::Show_RenderTarget_onWindow isn't coded because glFramebufferTexture2D doesn't work on default Framebuffer of OpenGL!

OpenGL4_Core::Show_RenderTarget_onWindow isn't coded because glFramebufferTexture2D doesn't work on default Framebuffer of OpenGL!

OpenGL4_Core::Show_RenderTarget_onWindow isn't coded because glFramebufferTexture2D doesn't work on default Framebuffer of OpenGL!

OpenGL4_Core::Show_RenderTarget_onWindow isn't coded because glFramebufferTexture2D doesn't work on default Framebuffer of OpenGL!

OpenGL4_Core::Show_RenderTarget_onWindow isn't coded because glFramebufferTexture2D doesn't work on default Framebuffer of OpenGL!

OpenGL4_Core::Show_RenderTarget_onWindow isn't coded because glFramebufferTexture2D doesn't work on default Framebuffer of OpenGL!

OpenGL4_Core::Show_RenderTarget_onWindow isn't coded because glFramebufferTexture2D doesn't work on default Framebuffer of OpenGL!

OpenGL4_Core::Show_RenderTarget_onWindow isn't coded because glFramebufferTexture2D doesn't work on default Framebuffer of OpenGL!

OpenGL4_Core::Show_RenderTarget_onWindow isn't coded because glFramebufferTexture2D doesn't work on default Framebuffer of OpenGL!

OpenGL4_Core::Show_RenderTarget_onWindow isn't coded because glFramebufferTexture2D doesn't work on default Framebuffer of OpenGL!

OpenGL4_Core::Show_RenderTarget_onWindow isn't coded because glFramebufferTexture2D doesn't work on default Framebuffer of OpenGL!

OpenGL4_Core::Show_RenderTarget_onWindow isn't coded because glFramebufferTexture2D doesn't work on default Framebuffer of OpenGL!

OpenGL4_Core::Show_RenderTarget_onWindow isn't coded because glFramebufferTexture2D doesn't work on default Framebuffer of OpenGL!

OpenGL4_Core::Show_RenderTarget_onWindow isn't coded because glFramebufferTexture2D doesn't work on default Framebuffer of OpenGL!

OpenGL4_Core::Show_RenderTarget_onWindow isn't coded because glFramebufferTexture2D doesn't work on default Framebuffer of OpenGL!

OpenGL4_Core::Show_RenderTarget_onWindow isn't coded because glFramebufferTexture2D doesn't work on default Framebuffer of OpenGL!

OpenGL4_Core::Show_RenderTarget_onWindow isn't coded because glFramebufferTexture2D doesn't work on default Framebuffer of OpenGL!

OpenGL4_Core::Show_RenderTarget_onWindow isn't coded because glFramebufferTexture2D doesn't work on default Framebuffer of OpenGL!

OpenGL4_Core::Show_RenderTarget_onWindow isn't coded because glFramebufferTexture2D doesn't work on default Framebuffer of OpenGL!

OpenGL4_Core::Show_RenderTarget_onWindow isn't coded because glFramebufferTexture2D doesn't work on default Framebuffer of OpenGL!

OpenGL4_Core::Show_RenderTarget_onWindow isn't coded because glFramebufferTexture2D doesn't work on default Framebuffer of OpenGL!

OpenGL4_Core::Show_RenderTarget_onWindow isn't coded because glFramebufferTexture2D doesn't work on default Framebuffer of OpenGL!

OpenGL4_Core::Show_RenderTarget_onWindow isn't coded because glFramebufferTexture2D doesn't work on default Framebuffer of OpenGL!

OpenGL4_Core::Show_RenderTarget_onWindow isn't coded because glFramebufferTexture2D doesn't work on default Framebuffer of OpenGL!

OpenGL4_Core::Show_RenderTarget_onWindow isn't coded because glFramebufferTexture2D doesn't work on default Framebuffer of OpenGL!

OpenGL4_Core::Show_RenderTarget_onWindow isn't coded because glFramebufferTexture2D doesn't work on default Framebuffer of OpenGL!

OpenGL4_Core::Show_RenderTarget_onWindow isn't coded because glFramebufferTexture2D doesn't work on default Framebuffer of OpenGL!

OpenGL4_Core::Show_RenderTarget_onWindow isn't coded because glFramebufferTexture2D doesn't work on default Framebuffer of OpenGL!

OpenGL4_Core::Show_RenderTarget_onWindow isn't coded because glFramebufferTexture2D doesn't work on default Framebuffer of OpenGL!

OpenGL4_Core::Show_RenderTarget_onWindow isn't coded because glFramebufferTexture2D doesn't work on default Framebuffer of OpenGL!

OpenGL4_Core::Show_RenderTarget_onWindow isn't coded because glFramebufferTexture2D doesn't work on default Framebuffer of OpenGL!

OpenGL4_Core::Show_RenderTarget_onWindow isn't coded because glFramebufferTexture2D doesn't work on default Framebuffer of OpenGL!

OpenGL4_Core::Show_RenderTarget_onWindow isn't coded because glFramebufferTexture2D doesn't work on default Framebuffer of OpenGL!

OpenGL4_Core::Show_RenderTarget_onWindow isn't coded because glFramebufferTexture2D doesn't work on default Framebuffer of OpenGL!

OpenGL4_Core::Show_RenderTarget_onWindow isn't coded because glFramebufferTexture2D doesn't work on default Framebuffer of OpenGL!

OpenGL4_Core::Show_RenderTarget_onWindow isn't coded because glFramebufferTexture2D doesn't work on default Framebuffer of OpenGL!

OpenGL4_Core::Show_RenderTarget_onWindow isn't coded because glFramebufferTexture2D doesn't work on default Framebuffer of OpenGL!

OpenGL4_Core::Show_RenderTarget_onWindow isn't coded because glFramebufferTexture2D doesn't work on default Framebuffer of OpenGL!

OpenGL4_Core::Show_RenderTarget_onWindow isn't coded because glFramebufferTexture2D doesn't work on default Framebuffer of OpenGL!

OpenGL4_Core::Show_RenderTarget_onWindow isn't coded because glFramebufferTexture2D doesn't work on default Framebuffer of OpenGL!

OpenGL4_Core::Show_RenderTarget_onWindow isn't coded because glFramebufferTexture2D doesn't work on default Framebuffer of OpenGL!

OpenGL4_Core::Show_RenderTarget_onWindow isn't coded because glFramebufferTexture2D doesn't work on default Framebuffer of OpenGL!

OpenGL4_Core::Show_RenderTarget_onWindow isn't coded because glFramebufferTexture2D doesn't work on default Framebuffer of OpenGL!

OpenGL4_Core::Show_RenderTarget_onWindow isn't coded because glFramebufferTexture2D doesn't work on default Framebuffer of OpenGL!

OpenGL4_Core::Show_RenderTarget_onWindow isn't coded because glFramebufferTexture2D doesn't work on default Framebuffer of OpenGL!

OpenGL4_Core::Show_RenderTarget_onWindow isn't coded because glFramebufferTexture2D doesn't work on default Framebuffer of OpenGL!

OpenGL4_Core::Show_RenderTarget_onWindow isn't coded because glFramebufferTexture2D doesn't work on default Framebuffer of OpenGL!

OpenGL4_Core::Show_RenderTarget_onWindow isn't coded because glFramebufferTexture2D doesn't work on default Framebuffer of OpenGL!

OpenGL4_Core::Show_RenderTarget_onWindow isn't coded because glFramebufferTexture2D doesn't work on default Framebuffer of OpenGL!

OpenGL4_Core::Show_RenderTarget_onWindow isn't coded because glFramebufferTexture2D doesn't work on default Framebuffer of OpenGL!

OpenGL4_Core::Show_RenderTarget_onWindow isn't coded because glFramebufferTexture2D doesn't work on default Framebuffer of OpenGL!

OpenGL4_Core::Show_RenderTarget_onWindow isn't coded because glFramebufferTexture2D doesn't work on default Framebuffer of OpenGL!

OpenGL4_Core::Show_RenderTarget_onWindow isn't coded because glFramebufferTexture2D doesn't work on default Framebuffer of OpenGL!

OpenGL4_Core::Show_RenderTarget_onWindow isn't coded because glFramebufferTexture2D doesn't work on default Framebuffer of OpenGL!

OpenGL4_Core::Show_RenderTarget_onWindow isn't coded because glFramebufferTexture2D doesn't work on default Framebuffer of OpenGL!

OpenGL4_Core::Show_RenderTarget_onWindow isn't coded because glFramebufferTexture2D doesn't work on default Framebuffer of OpenGL!

OpenGL4_Core::Show_RenderTarget_onWindow isn't coded because glFramebufferTexture2D doesn't work on default Framebuffer of OpenGL!

OpenGL4_Core::Show_RenderTarget_onWindow isn't coded because glFramebufferTexture2D doesn't work on default Framebuffer of OpenGL!

OpenGL4_Core::Show_RenderTarget_onWindow isn't coded because glFramebufferTexture2D doesn't work on default Framebuffer of OpenGL!

OpenGL4_Core::Show_RenderTarget_onWindow isn't coded because glFramebufferTexture2D doesn't work on default Framebuffer of OpenGL!

OpenGL4_Core::Show_RenderTarget_onWindow isn't coded because glFramebufferTexture2D doesn't work on default Framebuffer of OpenGL!

OpenGL4_Core::Show_RenderTarget_onWindow isn't coded because glFramebufferTexture2D doesn't work on default Framebuffer of OpenGL!

OpenGL4_Core::Show_RenderTarget_onWindow isn't coded because glFramebufferTexture2D doesn't work on default Framebuffer of OpenGL!

OpenGL4_Core::Show_RenderTarget_onWindow isn't coded because glFramebufferTexture2D doesn't work on default Framebuffer of OpenGL!

OpenGL4_Core::Show_RenderTarget_onWindow isn't coded because glFramebufferTexture2D doesn't work on default Framebuffer of OpenGL!

OpenGL4_Core::Show_RenderTarget_onWindow isn't coded because glFramebufferTexture2D doesn't work on default Framebuffer of OpenGL!

OpenGL4_Core::Show_RenderTarget_onWindow isn't coded because glFramebufferTexture2D doesn't work on default Framebuffer of OpenGL!

OpenGL4_Core::Show_RenderTarget_onWindow isn't coded because glFramebufferTexture2D doesn't work on default Framebuffer of OpenGL!

OpenGL4_Core::Show_RenderTarget_onWindow isn't coded because glFramebufferTexture2D doesn't work on default Framebuffer of OpenGL!

OpenGL4_Core::Show_RenderTarget_onWindow isn't coded because glFramebufferTexture2D doesn't work on default Framebuffer of OpenGL!

OpenGL4_Core::Show_RenderTarget_onWindow isn't coded because glFramebufferTexture2D doesn't work on default Framebuffer of OpenGL!

OpenGL4_Core::Show_RenderTarget_onWindow isn't coded because glFramebufferTexture2D doesn't work on default Framebuffer of OpenGL!

OpenGL4_Core::Show_RenderTarget_onWindow isn't coded because glFramebufferTexture2D doesn't work on default Framebuffer of OpenGL!

OpenGL4_Core::Show_RenderTarget_onWindow isn't coded because glFramebufferTexture2D doesn't work on default Framebuffer of OpenGL!

OpenGL4_Core::Show_RenderTarget_onWindow isn't coded because glFramebufferTexture2D doesn't work on default Framebuffer of OpenGL!

OpenGL4_Core::Show_RenderTarget_onWindow isn't coded because glFramebufferTexture2D doesn't work on default Framebuffer of OpenGL!

OpenGL4_Core::Show_RenderTarget_onWindow isn't coded because glFramebufferTexture2D doesn't work on default Framebuffer of OpenGL!

OpenGL4_Core::Show_RenderTarget_onWindow isn't coded because glFramebufferTexture2D doesn't work on default Framebuffer of OpenGL!

OpenGL4_Core::Show_RenderTarget_onWindow isn't coded because glFramebufferTexture2D doesn't work on default Framebuffer of OpenGL!

OpenGL4_Core::Show_RenderTarget_onWindow isn't coded because glFramebufferTexture2D doesn't work on default Framebuffer of OpenGL!

OpenGL4_Core::Show_RenderTarget_onWindow isn't coded because glFramebufferTexture2D doesn't work on default Framebuffer of OpenGL!

OpenGL4_Core::Show_RenderTarget_onWindow isn't coded because glFramebufferTexture2D doesn't work on default Framebuffer of OpenGL!

OpenGL4_Core::Show_RenderTarget_onWindow isn't coded because glFramebufferTexture2D doesn't work on default Framebuffer of OpenGL!

OpenGL4_Core::Show_RenderTarget_onWindow isn't coded because glFramebufferTexture2D doesn't work on default Framebuffer of OpenGL!

OpenGL4_Core::Show_RenderTarget_onWindow isn't coded because glFramebufferTexture2D doesn't work on default Framebuffer of OpenGL!

OpenGL4_Core::Show_RenderTarget_onWindow isn't coded because glFramebufferTexture2D doesn't work on default Framebuffer of OpenGL!

OpenGL4_Core::Show_RenderTarget_onWindow isn't coded because glFramebufferTexture2D doesn't work on default Framebuffer of OpenGL!

OpenGL4_Core::Show_RenderTarget_onWindow isn't coded because glFramebufferTexture2D doesn't work on default Framebuffer of OpenGL!

OpenGL4_Core::Show_RenderTarget_onWindow isn't coded because glFramebufferTexture2D doesn't work on default Framebuffer of OpenGL!

OpenGL4_Core::Show_RenderTarget_onWindow isn't coded because glFramebufferTexture2D doesn't work on default Framebuffer of OpenGL!

OpenGL4_Core::Show_RenderTarget_onWindow isn't coded because glFramebufferTexture2D doesn't work on default Framebuffer of OpenGL!

OpenGL4_Core::Show_RenderTarget_onWindow isn't coded because glFramebufferTexture2D doesn't work on default Framebuffer of OpenGL!

OpenGL4_Core::Show_RenderTarget_onWindow isn't coded because glFramebufferTexture2D doesn't work on default Framebuffer of OpenGL!

OpenGL4_Core::Show_RenderTarget_onWindow isn't coded because glFramebufferTexture2D doesn't work on default Framebuffer of OpenGL!

OpenGL4_Core::Show_RenderTarget_onWindow isn't coded because glFramebufferTexture2D doesn't work on default Framebuffer of OpenGL!

OpenGL4_Core::Show_RenderTarget_onWindow isn't coded because glFramebufferTexture2D doesn't work on default Framebuffer of OpenGL!

OpenGL4_Core::Show_RenderTarget_onWindow isn't coded because glFramebufferTexture2D doesn't work on default Framebuffer of OpenGL!

OpenGL4_Core::Show_RenderTarget_onWindow isn't coded because glFramebufferTexture2D doesn't work on default Framebuffer of OpenGL!

OpenGL4_Core::Show_RenderTarget_onWindow isn't coded because glFramebufferTexture2D doesn't work on default Framebuffer of OpenGL!

OpenGL4_Core::Show_RenderTarget_onWindow isn't coded because glFramebufferTexture2D doesn't work on default Framebuffer of OpenGL!

OpenGL4_Core::Show_RenderTarget_onWindow isn't coded because glFramebufferTexture2D doesn't work on default Framebuffer of OpenGL!

OpenGL4_Core::Show_RenderTarget_onWindow isn't coded because glFramebufferTexture2D doesn't work on default Framebuffer of OpenGL!

OpenGL4_Core::Show_RenderTarget_onWindow isn't coded because glFramebufferTexture2D doesn't work on default Framebuffer of OpenGL!

OpenGL4_Core::Show_RenderTarget_onWindow isn't coded because glFramebufferTexture2D doesn't work on default Framebuffer of OpenGL!

OpenGL4_Core::Show_RenderTarget_onWindow isn't coded because glFramebufferTexture2D doesn't work on default Framebuffer of OpenGL!

OpenGL4_Core::Show_RenderTarget_onWindow isn't coded because glFramebufferTexture2D doesn't work on default Framebuffer of OpenGL!

OpenGL4_Core::Show_RenderTarget_onWindow isn't coded because glFramebufferTexture2D doesn't work on default Framebuffer of OpenGL!

OpenGL4_Core::Show_RenderTarget_onWindow isn't coded because glFramebufferTexture2D doesn't work on default Framebuffer of OpenGL!

OpenGL4_Core::Show_RenderTarget_onWindow isn't coded because glFramebufferTexture2D doesn't work on default Framebuffer of OpenGL!

OpenGL4_Core::Show_RenderTarget_onWindow isn't coded because glFramebufferTexture2D doesn't work on default Framebuffer of OpenGL!

OpenGL4_Core::Show_RenderTarget_onWindow isn't coded because glFramebufferTexture2D doesn't work on default Framebuffer of OpenGL!

OpenGL4_Core::Show_RenderTarget_onWindow isn't coded because glFramebufferTexture2D doesn't work on default Framebuffer of OpenGL!

OpenGL4_Core::Show_RenderTarget_onWindow isn't coded because glFramebufferTexture2D doesn't work on default Framebuffer of OpenGL!

OpenGL4_Core::Show_RenderTarget_onWindow isn't coded because glFramebufferTexture2D doesn't work on default Framebuffer of OpenGL!

OpenGL4_Core::Show_RenderTarget_onWindow isn't coded because glFramebufferTexture2D doesn't work on default Framebuffer of OpenGL!

Reconstruction finished!

